Archive member included to satisfy reference by file (symbol)

C:\Users\Checkout\Documents\FALL2023\CMPE240_CLASS\PRJ1\PRJ_1\nxp_lpcxpresso_11c24_board_lib\Debug\libnxp_lpcxpresso_11c24_board_lib.a(board.o)
                              ./example/src/lcd__api.o (Board_Init)
C:\Users\Checkout\Documents\FALL2023\CMPE240_CLASS\PRJ1\PRJ_1\nxp_lpcxpresso_11c24_board_lib\Debug\libnxp_lpcxpresso_11c24_board_lib.a(board_sysinit.o)
                              ./example/src/sysinit.o (Board_SystemInit)
C:\Users\Checkout\Documents\FALL2023\CMPE240_CLASS\PRJ1\PRJ_1\lpc_chip_11cxx_lib\Debug\liblpc_chip_11cxx_lib.a(chip_11xx.o)
                              ./example/src/lcd__api.o (SystemCoreClockUpdate)
C:\Users\Checkout\Documents\FALL2023\CMPE240_CLASS\PRJ1\PRJ_1\lpc_chip_11cxx_lib\Debug\liblpc_chip_11cxx_lib.a(clock_11xx.o)
                              C:\Users\Checkout\Documents\FALL2023\CMPE240_CLASS\PRJ1\PRJ_1\nxp_lpcxpresso_11c24_board_lib\Debug\libnxp_lpcxpresso_11c24_board_lib.a(board_sysinit.o) (Chip_Clock_SetSystemPLLSource)
C:\Users\Checkout\Documents\FALL2023\CMPE240_CLASS\PRJ1\PRJ_1\lpc_chip_11cxx_lib\Debug\liblpc_chip_11cxx_lib.a(gpio_11xx_2.o)
                              C:\Users\Checkout\Documents\FALL2023\CMPE240_CLASS\PRJ1\PRJ_1\nxp_lpcxpresso_11c24_board_lib\Debug\libnxp_lpcxpresso_11c24_board_lib.a(board.o) (Chip_GPIO_Init)
C:\Users\Checkout\Documents\FALL2023\CMPE240_CLASS\PRJ1\PRJ_1\lpc_chip_11cxx_lib\Debug\liblpc_chip_11cxx_lib.a(ssp_11xx.o)
                              ./example/src/lcd__api.o (Chip_SSP_RWFrames_Blocking)
C:\Users\Checkout\Documents\FALL2023\CMPE240_CLASS\PRJ1\PRJ_1\lpc_chip_11cxx_lib\Debug\liblpc_chip_11cxx_lib.a(sysctl_11xx.o)
                              C:\Users\Checkout\Documents\FALL2023\CMPE240_CLASS\PRJ1\PRJ_1\nxp_lpcxpresso_11c24_board_lib\Debug\libnxp_lpcxpresso_11c24_board_lib.a(board_sysinit.o) (Chip_SYSCTL_PowerDown)
C:\Users\Checkout\Documents\FALL2023\CMPE240_CLASS\PRJ1\PRJ_1\lpc_chip_11cxx_lib\Debug\liblpc_chip_11cxx_lib.a(uart_11xx.o)
                              C:\Users\Checkout\Documents\FALL2023\CMPE240_CLASS\PRJ1\PRJ_1\nxp_lpcxpresso_11c24_board_lib\Debug\libnxp_lpcxpresso_11c24_board_lib.a(board.o) (Chip_UART_Init)
C:\Users\Checkout\Documents\FALL2023\CMPE240_CLASS\PRJ1\PRJ_1\lpc_chip_11cxx_lib\Debug\liblpc_chip_11cxx_lib.a(ring_buffer.o)
                              C:\Users\Checkout\Documents\FALL2023\CMPE240_CLASS\PRJ1\PRJ_1\lpc_chip_11cxx_lib\Debug\liblpc_chip_11cxx_lib.a(uart_11xx.o) (RingBuffer_Insert)
c:/nxp/mcuxpressoide_11.8.0_1165/ide/plugins/com.nxp.mcuxpresso.tools.win32_11.8.0.202306131047/tools/bin/../lib/gcc/arm-none-eabi/12.2.1/../../../../arm-none-eabi/lib/thumb/v6-m/nofp\libcr_nohost.a(_cr__main.o)
                              ./example/src/cr_startup_lpc11xx.o (__main)
c:/nxp/mcuxpressoide_11.8.0_1165/ide/plugins/com.nxp.mcuxpresso.tools.win32_11.8.0.202306131047/tools/bin/../lib/gcc/arm-none-eabi/12.2.1/../../../../arm-none-eabi/lib/thumb/v6-m/nofp\libcr_c.a(memcpy.o)
                              C:\Users\Checkout\Documents\FALL2023\CMPE240_CLASS\PRJ1\PRJ_1\lpc_chip_11cxx_lib\Debug\liblpc_chip_11cxx_lib.a(ring_buffer.o) (memcpy)
c:/nxp/mcuxpressoide_11.8.0_1165/ide/plugins/com.nxp.mcuxpresso.tools.win32_11.8.0.202306131047/tools/bin/../lib/gcc/arm-none-eabi/12.2.1/../../../../arm-none-eabi/lib/thumb/v6-m/nofp\libcr_c.a(initio.o)
                              c:/nxp/mcuxpressoide_11.8.0_1165/ide/plugins/com.nxp.mcuxpresso.tools.win32_11.8.0.202306131047/tools/bin/../lib/gcc/arm-none-eabi/12.2.1/../../../../arm-none-eabi/lib/thumb/v6-m/nofp\libcr_nohost.a(_cr__main.o) (_initio)
c:/nxp/mcuxpressoide_11.8.0_1165/ide/plugins/com.nxp.mcuxpresso.tools.win32_11.8.0.202306131047/tools/bin/../lib/gcc/arm-none-eabi/12.2.1/../../../../arm-none-eabi/lib/thumb/v6-m/nofp\libcr_c.a(setvbuf.o)
                              c:/nxp/mcuxpressoide_11.8.0_1165/ide/plugins/com.nxp.mcuxpresso.tools.win32_11.8.0.202306131047/tools/bin/../lib/gcc/arm-none-eabi/12.2.1/../../../../arm-none-eabi/lib/thumb/v6-m/nofp\libcr_c.a(initio.o) (setvbuf)
c:/nxp/mcuxpressoide_11.8.0_1165/ide/plugins/com.nxp.mcuxpresso.tools.win32_11.8.0.202306131047/tools/bin/../lib/gcc/arm-none-eabi/12.2.1/../../../../arm-none-eabi/lib/thumb/v6-m/nofp\libcr_c.a(stdlib.o)
                              ./example/src/lcd__api.o (abs)
c:/nxp/mcuxpressoide_11.8.0_1165/ide/plugins/com.nxp.mcuxpresso.tools.win32_11.8.0.202306131047/tools/bin/../lib/gcc/arm-none-eabi/12.2.1/../../../../arm-none-eabi/lib/thumb/v6-m/nofp\libcr_c.a(_fdopen.o)
                              c:/nxp/mcuxpressoide_11.8.0_1165/ide/plugins/com.nxp.mcuxpresso.tools.win32_11.8.0.202306131047/tools/bin/../lib/gcc/arm-none-eabi/12.2.1/../../../../arm-none-eabi/lib/thumb/v6-m/nofp\libcr_c.a(initio.o) (_fdopen)
[...]
Memory Configuration

Name             Origin             Length             Attributes
MFlash32         0x00000000         0x00008000         xr
RamLoc8          0x10000000         0x00002000         xrw
*default*        0x00000000         0xffffffff

Linker script and memory map

LOAD ./example/src/cr_startup_lpc11xx.o
LOAD ./example/src/lcd__api.o
LOAD ./example/src/main.o
LOAD ./example/src/sysinit.o
LOAD C:\Users\Checkout\Documents\FALL2023\CMPE240_CLASS\PRJ1\PRJ_1\nxp_lpcxpresso_11c24_board_lib\Debug\libnxp_lpcxpresso_11c24_board_lib.a
LOAD C:\Users\Checkout\Documents\FALL2023\CMPE240_CLASS\PRJ1\PRJ_1\lpc_chip_11cxx_lib\Debug\liblpc_chip_11cxx_lib.a
START GROUP
LOAD c:/nxp/mcuxpressoide_11.8.0_1165/ide/plugins/com.nxp.mcuxpresso.tools.win32_11.8.0.202306131047/tools/bin/../lib/gcc/arm-none-eabi/12.2.1/../../../../arm-none-eabi/lib/thumb/v6-m/nofp\libcr_nohost.a
LOAD c:/nxp/mcuxpressoide_11.8.0_1165/ide/plugins/com.nxp.mcuxpresso.tools.win32_11.8.0.202306131047/tools/bin/../lib/gcc/arm-none-eabi/12.2.1/../../../../arm-none-eabi/lib/thumb/v6-m/nofp\libcr_c.a
LOAD c:/nxp/mcuxpressoide_11.8.0_1165/ide/plugins/com.nxp.mcuxpresso.tools.win32_11.8.0.202306131047/tools/bin/../lib/gcc/arm-none-eabi/12.2.1/thumb/v6-m/nofp\libcr_eabihelpers.a
LOAD c:/nxp/mcuxpressoide_11.8.0_1165/ide/plugins/com.nxp.mcuxpresso.tools.win32_11.8.0.202306131047/tools/bin/../lib/gcc/arm-none-eabi/12.2.1/thumb/v6-m/nofp\libgcc.a
END GROUP
                0x00000000                __base_MFlash32 = 0x0
                0x00000000                __base_Flash = 0x0
                0x00008000                __top_MFlash32 = 0x8000
                0x00008000                __top_Flash = 0x8000
                0x10000000                __base_RamLoc8 = 0x10000000
                0x10000000                __base_RAM = 0x10000000
                0x10002000                __top_RamLoc8 = 0x10002000
                0x10002000                __top_RAM = 0x10002000

.text           0x00000000     0x1744
 FILL mask 0xff
                0x00000000                __vectors_start__ = ABSOLUTE (.)
 *(.isr_vector)
 .isr_vector    0x00000000       0xc0 ./example/src/cr_startup_lpc11xx.o
                0x00000000                g_pfnVectors
                0x000000c0                . = ALIGN (0x4)
                0x000000c0                __section_table_start = .
                0x000000c0                __data_section_table = .
                0x000000c0        0x4 LONG 0x1744 LOADADDR (.data)
                0x000000c4        0x4 LONG 0x10000000 ADDR (.data)
                0x000000c8        0x4 LONG 0x0 SIZEOF (.data)
                0x000000cc                __data_section_table_end = .
                0x000000cc                __bss_section_table = .
                0x000000cc        0x4 LONG 0x10000000 ADDR (.bss)
                0x000000d0        0x4 LONG 0x208 SIZEOF (.bss)
                0x000000d4                __bss_section_table_end = .
                0x000000d4                __section_table_end = .
 *(.after_vectors*)
 .after_vectors
                0x000000d4       0x78 ./example/src/cr_startup_lpc11xx.o
                0x000000d4                NMI_Handler
                0x000000d6                HardFault_Handler
                0x000000d8                SVC_Handler
                0x000000da                PendSV_Handler
                0x000000dc                SysTick_Handler
                0x000000de                TIMER32_0_IRQHandler
                0x000000de                UART_IRQHandler
                0x000000de                TIMER16_0_IRQHandler
                0x000000de                TIMER32_1_IRQHandler
                0x000000de                IntDefaultHandler
                0x000000de                PIOINT1_IRQHandler
                0x000000de                CAN_IRQHandler
                0x000000de                SSP0_IRQHandler
                0x000000de                PIOINT3_IRQHandler
                0x000000de                TIMER16_1_IRQHandler
                0x000000de                ADC_IRQHandler
                0x000000de                SSP1_IRQHandler
                0x000000de                PIOINT2_IRQHandler
                0x000000de                BOD_IRQHandler
                0x000000de                WAKEUP_IRQHandler
                0x000000de                PIOINT0_IRQHandler
                0x000000de                I2C_IRQHandler
                0x000000de                WDT_IRQHandler
                0x000000e0                data_init
                0x000000f6                bss_init
                0x0000010a                ResetISR
 *(.text*)
 .text.Chip_IOCON_PinMuxSet
                0x0000014c       0x26 ./example/src/lcd__api.o
 .text.Chip_IOCON_PinLocSel
                0x00000172       0x30 ./example/src/lcd__api.o
 .text.Chip_SSP_Enable
                0x000001a2       0x1c ./example/src/lcd__api.o
 .text.Chip_SSP_SetFormat
                0x000001be       0x30 ./example/src/lcd__api.o
 .text.Chip_GPIO_SetPinState
                0x000001ee       0x4e ./example/src/lcd__api.o
 .text.Chip_GPIO_SetPinDIROutput
                0x0000023c       0x4c ./example/src/lcd__api.o
 .text.Init_SSP_PinMux
                0x00000288       0x48 ./example/src/lcd__api.o
 .text.Buffer_Init
                0x000002d0       0x54 ./example/src/lcd__api.o
 .text.sspSend  0x00000324       0x50 ./example/src/lcd__api.o
 .text.spiwrite_single_transfer
                0x00000374       0x2c ./example/src/lcd__api.o
 .text.writecommand
                0x000003a0       0x2c ./example/src/lcd__api.o
 .text.lcddelay
                0x000003cc       0x30 ./example/src/lcd__api.o
                0x000003cc                lcddelay
 .text.lcd_init
                0x000003fc       0x7e ./example/src/lcd__api.o
                0x000003fc                lcd_init
 .text.board_init
                0x0000047a       0x12 ./example/src/lcd__api.o
                0x0000047a                board_init
 .text.ssp0_init
                0x0000048c       0x58 ./example/src/lcd__api.o
                0x0000048c                ssp0_init
 .text.main     0x000004e4       0x14 ./example/src/main.o
                0x000004e4                main
 .text.SystemInit
                0x000004f8        0xe ./example/src/sysinit.o
                0x000004f8                SystemInit
 .text.Chip_GPIO_SetPinDIROutput
                0x00000506       0x4c C:\Users\Checkout\Documents\FALL2023\CMPE240_CLASS\PRJ1\PRJ_1\nxp_lpcxpresso_11c24_board_lib\Debug\libnxp_lpcxpresso_11c24_board_lib.a(board.o)
 .text.__sys_write
                0x00000552       0x16 C:\Users\Checkout\Documents\FALL2023\CMPE240_CLASS\PRJ1\PRJ_1\nxp_lpcxpresso_11c24_board_lib\Debug\libnxp_lpcxpresso_11c24_board_lib.a(board.o)
                0x00000552                __sys_write
 .text.Board_LED_Init
                0x00000568       0x18 C:\Users\Checkout\Documents\FALL2023\CMPE240_CLASS\PRJ1\PRJ_1\nxp_lpcxpresso_11c24_board_lib\Debug\libnxp_lpcxpresso_11c24_board_lib.a(board.o)
 .text.Board_Init
                0x00000580       0x18 C:\Users\Checkout\Documents\FALL2023\CMPE240_CLASS\PRJ1\PRJ_1\nxp_lpcxpresso_11c24_board_lib\Debug\libnxp_lpcxpresso_11c24_board_lib.a(board.o)
                0x00000580                Board_Init
 .text.Chip_FMC_SetFLASHAccess
                0x00000598       0x30 C:\Users\Checkout\Documents\FALL2023\CMPE240_CLASS\PRJ1\PRJ_1\nxp_lpcxpresso_11c24_board_lib\Debug\libnxp_lpcxpresso_11c24_board_lib.a(board_sysinit.o)
 .text.Chip_Clock_SetupSystemPLL
                0x000005c8       0x38 C:\Users\Checkout\Documents\FALL2023\CMPE240_CLASS\PRJ1\PRJ_1\nxp_lpcxpresso_11c24_board_lib\Debug\libnxp_lpcxpresso_11c24_board_lib.a(board_sysinit.o)
 .text.Chip_Clock_IsSystemPLLLocked
                0x00000600       0x1c C:\Users\Checkout\Documents\FALL2023\CMPE240_CLASS\PRJ1\PRJ_1\nxp_lpcxpresso_11c24_board_lib\Debug\libnxp_lpcxpresso_11c24_board_lib.a(board_sysinit.o)
 .text.Chip_Clock_SetSysClockDiv
                0x0000061c       0x1c C:\Users\Checkout\Documents\FALL2023\CMPE240_CLASS\PRJ1\PRJ_1\nxp_lpcxpresso_11c24_board_lib\Debug\libnxp_lpcxpresso_11c24_board_lib.a(board_sysinit.o)
 .text.Chip_Clock_EnablePeriphClock
                0x00000638       0x30 C:\Users\Checkout\Documents\FALL2023\CMPE240_CLASS\PRJ1\PRJ_1\nxp_lpcxpresso_11c24_board_lib\Debug\libnxp_lpcxpresso_11c24_board_lib.a(board_sysinit.o)
 .text.Chip_IOCON_PinMuxSet
                0x00000668       0x26 C:\Users\Checkout\Documents\FALL2023\CMPE240_CLASS\PRJ1\PRJ_1\nxp_lpcxpresso_11c24_board_lib\Debug\libnxp_lpcxpresso_11c24_board_lib.a(board_sysinit.o)
 .text.SystemSetupClocking
                0x0000068e       0x66 C:\Users\Checkout\Documents\FALL2023\CMPE240_CLASS\PRJ1\PRJ_1\nxp_lpcxpresso_11c24_board_lib\Debug\libnxp_lpcxpresso_11c24_board_lib.a(board_sysinit.o)
 .text.SystemSetupMuxing
                0x000006f4       0x4c C:\Users\Checkout\Documents\FALL2023\CMPE240_CLASS\PRJ1\PRJ_1\nxp_lpcxpresso_11c24_board_lib\Debug\libnxp_lpcxpresso_11c24_board_lib.a(board_sysinit.o)
 .text.Board_SystemInit
                0x00000740       0x12 C:\Users\Checkout\Documents\FALL2023\CMPE240_CLASS\PRJ1\PRJ_1\nxp_lpcxpresso_11c24_board_lib\Debug\libnxp_lpcxpresso_11c24_board_lib.a(board_sysinit.o)
                0x00000740                Board_SystemInit
 *fill*         0x00000752        0x2 ff
 .text.SystemCoreClockUpdate
                0x00000754       0x18 C:\Users\Checkout\Documents\FALL2023\CMPE240_CLASS\PRJ1\PRJ_1\lpc_chip_11cxx_lib\Debug\liblpc_chip_11cxx_lib.a(chip_11xx.o)
                0x00000754                SystemCoreClockUpdate
 .text.Chip_Clock_GetMainOscRate
                0x0000076c       0x14 C:\Users\Checkout\Documents\FALL2023\CMPE240_CLASS\PRJ1\PRJ_1\lpc_chip_11cxx_lib\Debug\liblpc_chip_11cxx_lib.a(clock_11xx.o)
 .text.Chip_Clock_GetIntOscRate
                0x00000780       0x10 C:\Users\Checkout\Documents\FALL2023\CMPE240_CLASS\PRJ1\PRJ_1\lpc_chip_11cxx_lib\Debug\liblpc_chip_11cxx_lib.a(clock_11xx.o)
 .text.Chip_Clock_GetWDTLFORate
                0x00000790       0x48 C:\Users\Checkout\Documents\FALL2023\CMPE240_CLASS\PRJ1\PRJ_1\lpc_chip_11cxx_lib\Debug\liblpc_chip_11cxx_lib.a(clock_11xx.o)
 .text.Chip_Clock_GetPLLFreq
                0x000007d8       0x22 C:\Users\Checkout\Documents\FALL2023\CMPE240_CLASS\PRJ1\PRJ_1\lpc_chip_11cxx_lib\Debug\liblpc_chip_11cxx_lib.a(clock_11xx.o)
 *fill*         0x000007fa        0x2 ff
 .text.Chip_Clock_SetSystemPLLSource
                0x000007fc       0x2c C:\Users\Checkout\Documents\FALL2023\CMPE240_CLASS\PRJ1\PRJ_1\lpc_chip_11cxx_lib\Debug\liblpc_chip_11cxx_lib.a(clock_11xx.o)
                0x000007fc                Chip_Clock_SetSystemPLLSource
 .text.Chip_Clock_SetMainClockSource
                0x00000828       0x2c C:\Users\Checkout\Documents\FALL2023\CMPE240_CLASS\PRJ1\PRJ_1\lpc_chip_11cxx_lib\Debug\liblpc_chip_11cxx_lib.a(clock_11xx.o)
                0x00000828                Chip_Clock_SetMainClockSource
 .text.Chip_Clock_GetWDTOSCRate
                0x00000854       0x1c C:\Users\Checkout\Documents\FALL2023\CMPE240_CLASS\PRJ1\PRJ_1\lpc_chip_11cxx_lib\Debug\liblpc_chip_11cxx_lib.a(clock_11xx.o)
                0x00000854                Chip_Clock_GetWDTOSCRate
 .text.Chip_Clock_GetSystemPLLInClockRate
                0x00000870       0x40 C:\Users\Checkout\Documents\FALL2023\CMPE240_CLASS\PRJ1\PRJ_1\lpc_chip_11cxx_lib\Debug\liblpc_chip_11cxx_lib.a(clock_11xx.o)
                0x00000870                Chip_Clock_GetSystemPLLInClockRate
 .text.Chip_Clock_GetSystemPLLOutClockRate
                0x000008b0       0x24 C:\Users\Checkout\Documents\FALL2023\CMPE240_CLASS\PRJ1\PRJ_1\lpc_chip_11cxx_lib\Debug\liblpc_chip_11cxx_lib.a(clock_11xx.o)
                0x000008b0                Chip_Clock_GetSystemPLLOutClockRate
 .text.Chip_Clock_GetMainClockRate
                0x000008d4       0x64 C:\Users\Checkout\Documents\FALL2023\CMPE240_CLASS\PRJ1\PRJ_1\lpc_chip_11cxx_lib\Debug\liblpc_chip_11cxx_lib.a(clock_11xx.o)
                0x000008d4                Chip_Clock_GetMainClockRate
 .text.Chip_Clock_GetSystemClockRate
                0x00000938       0x24 C:\Users\Checkout\Documents\FALL2023\CMPE240_CLASS\PRJ1\PRJ_1\lpc_chip_11cxx_lib\Debug\liblpc_chip_11cxx_lib.a(clock_11xx.o)
                0x00000938                Chip_Clock_GetSystemClockRate
 .text.Chip_Clock_EnablePeriphClock
                0x0000095c       0x30 C:\Users\Checkout\Documents\FALL2023\CMPE240_CLASS\PRJ1\PRJ_1\lpc_chip_11cxx_lib\Debug\liblpc_chip_11cxx_lib.a(gpio_11xx_2.o)
 .text.Chip_GPIO_Init
                0x0000098c       0x16 C:\Users\Checkout\Documents\FALL2023\CMPE240_CLASS\PRJ1\PRJ_1\lpc_chip_11cxx_lib\Debug\liblpc_chip_11cxx_lib.a(gpio_11xx_2.o)
                0x0000098c                Chip_GPIO_Init
 *fill*         0x000009a2        0x2 ff
 .text.Chip_SYSCTL_AssertPeriphReset
                0x000009a4       0x30 C:\Users\Checkout\Documents\FALL2023\CMPE240_CLASS\PRJ1\PRJ_1\lpc_chip_11cxx_lib\Debug\liblpc_chip_11cxx_lib.a(ssp_11xx.o)
 .text.Chip_SYSCTL_DeassertPeriphReset
                0x000009d4       0x30 C:\Users\Checkout\Documents\FALL2023\CMPE240_CLASS\PRJ1\PRJ_1\lpc_chip_11cxx_lib\Debug\liblpc_chip_11cxx_lib.a(ssp_11xx.o)
 .text.Chip_SYSCTL_PeriphReset
                0x00000a04       0x28 C:\Users\Checkout\Documents\FALL2023\CMPE240_CLASS\PRJ1\PRJ_1\lpc_chip_11cxx_lib\Debug\liblpc_chip_11cxx_lib.a(ssp_11xx.o)
 .text.Chip_Clock_EnablePeriphClock
                0x00000a2c       0x30 C:\Users\Checkout\Documents\FALL2023\CMPE240_CLASS\PRJ1\PRJ_1\lpc_chip_11cxx_lib\Debug\liblpc_chip_11cxx_lib.a(ssp_11xx.o)
 .text.Chip_Clock_SetSSP0ClockDiv
                0x00000a5c       0x1c C:\Users\Checkout\Documents\FALL2023\CMPE240_CLASS\PRJ1\PRJ_1\lpc_chip_11cxx_lib\Debug\liblpc_chip_11cxx_lib.a(ssp_11xx.o)
 .text.Chip_Clock_GetSSP0ClockDiv
                0x00000a78       0x14 C:\Users\Checkout\Documents\FALL2023\CMPE240_CLASS\PRJ1\PRJ_1\lpc_chip_11cxx_lib\Debug\liblpc_chip_11cxx_lib.a(ssp_11xx.o)
 .text.Chip_Clock_SetSSP1ClockDiv
                0x00000a8c       0x1c C:\Users\Checkout\Documents\FALL2023\CMPE240_CLASS\PRJ1\PRJ_1\lpc_chip_11cxx_lib\Debug\liblpc_chip_11cxx_lib.a(ssp_11xx.o)
 .text.Chip_Clock_GetSSP1ClockDiv
                0x00000aa8       0x14 C:\Users\Checkout\Documents\FALL2023\CMPE240_CLASS\PRJ1\PRJ_1\lpc_chip_11cxx_lib\Debug\liblpc_chip_11cxx_lib.a(ssp_11xx.o)
 .text.Chip_SSP_GetStatus
                0x00000abc       0x26 C:\Users\Checkout\Documents\FALL2023\CMPE240_CLASS\PRJ1\PRJ_1\lpc_chip_11cxx_lib\Debug\liblpc_chip_11cxx_lib.a(ssp_11xx.o)
 .text.Chip_SSP_GetRawIntStatus
                0x00000ae2       0x26 C:\Users\Checkout\Documents\FALL2023\CMPE240_CLASS\PRJ1\PRJ_1\lpc_chip_11cxx_lib\Debug\liblpc_chip_11cxx_lib.a(ssp_11xx.o)
 .text.Chip_SSP_GetDataSize
                0x00000b08       0x1c C:\Users\Checkout\Documents\FALL2023\CMPE240_CLASS\PRJ1\PRJ_1\lpc_chip_11cxx_lib\Debug\liblpc_chip_11cxx_lib.a(ssp_11xx.o)
 .text.Chip_SSP_ClearIntPending
                0x00000b24       0x1e C:\Users\Checkout\Documents\FALL2023\CMPE240_CLASS\PRJ1\PRJ_1\lpc_chip_11cxx_lib\Debug\liblpc_chip_11cxx_lib.a(ssp_11xx.o)
 .text.Chip_SSP_ReceiveFrame
                0x00000b42       0x16 C:\Users\Checkout\Documents\FALL2023\CMPE240_CLASS\PRJ1\PRJ_1\lpc_chip_11cxx_lib\Debug\liblpc_chip_11cxx_lib.a(ssp_11xx.o)
 .text.Chip_SSP_SendFrame
                0x00000b58       0x1e C:\Users\Checkout\Documents\FALL2023\CMPE240_CLASS\PRJ1\PRJ_1\lpc_chip_11cxx_lib\Debug\liblpc_chip_11cxx_lib.a(ssp_11xx.o)
 .text.Chip_SSP_SetFormat
                0x00000b76       0x30 C:\Users\Checkout\Documents\FALL2023\CMPE240_CLASS\PRJ1\PRJ_1\lpc_chip_11cxx_lib\Debug\liblpc_chip_11cxx_lib.a(ssp_11xx.o)
 .text.Chip_SSP_Set_Mode
                0x00000ba6       0x24 C:\Users\Checkout\Documents\FALL2023\CMPE240_CLASS\PRJ1\PRJ_1\lpc_chip_11cxx_lib\Debug\liblpc_chip_11cxx_lib.a(ssp_11xx.o)
 *fill*         0x00000bca        0x2 ff
 .text.SSP_Write2BFifo
                0x00000bcc       0x50 C:\Users\Checkout\Documents\FALL2023\CMPE240_CLASS\PRJ1\PRJ_1\lpc_chip_11cxx_lib\Debug\liblpc_chip_11cxx_lib.a(ssp_11xx.o)
 .text.SSP_Write1BFifo
                0x00000c1c       0x4a C:\Users\Checkout\Documents\FALL2023\CMPE240_CLASS\PRJ1\PRJ_1\lpc_chip_11cxx_lib\Debug\liblpc_chip_11cxx_lib.a(ssp_11xx.o)
 .text.SSP_Read2BFifo
                0x00000c66       0x66 C:\Users\Checkout\Documents\FALL2023\CMPE240_CLASS\PRJ1\PRJ_1\lpc_chip_11cxx_lib\Debug\liblpc_chip_11cxx_lib.a(ssp_11xx.o)
 .text.SSP_Read1BFifo
                0x00000ccc       0x68 C:\Users\Checkout\Documents\FALL2023\CMPE240_CLASS\PRJ1\PRJ_1\lpc_chip_11cxx_lib\Debug\liblpc_chip_11cxx_lib.a(ssp_11xx.o)
 .text.Chip_SSP_GetClockIndex
                0x00000d34       0x34 C:\Users\Checkout\Documents\FALL2023\CMPE240_CLASS\PRJ1\PRJ_1\lpc_chip_11cxx_lib\Debug\liblpc_chip_11cxx_lib.a(ssp_11xx.o)
 .text.Chip_SSP_GetResetIndex
                0x00000d68       0x34 C:\Users\Checkout\Documents\FALL2023\CMPE240_CLASS\PRJ1\PRJ_1\lpc_chip_11cxx_lib\Debug\liblpc_chip_11cxx_lib.a(ssp_11xx.o)
 .text.Chip_SSP_SetSSPClkDivider
                0x00000d9c       0x30 C:\Users\Checkout\Documents\FALL2023\CMPE240_CLASS\PRJ1\PRJ_1\lpc_chip_11cxx_lib\Debug\liblpc_chip_11cxx_lib.a(ssp_11xx.o)
 .text.Chip_SSP_GetPCLKkRate
                0x00000dcc       0x4c C:\Users\Checkout\Documents\FALL2023\CMPE240_CLASS\PRJ1\PRJ_1\lpc_chip_11cxx_lib\Debug\liblpc_chip_11cxx_lib.a(ssp_11xx.o)
 .text.Chip_SSP_SetClockRate
                0x00000e18       0x38 C:\Users\Checkout\Documents\FALL2023\CMPE240_CLASS\PRJ1\PRJ_1\lpc_chip_11cxx_lib\Debug\liblpc_chip_11cxx_lib.a(ssp_11xx.o)
                0x00000e18                Chip_SSP_SetClockRate
 .text.Chip_SSP_RWFrames_Blocking
                0x00000e50      0x124 C:\Users\Checkout\Documents\FALL2023\CMPE240_CLASS\PRJ1\PRJ_1\lpc_chip_11cxx_lib\Debug\liblpc_chip_11cxx_lib.a(ssp_11xx.o)
                0x00000e50                Chip_SSP_RWFrames_Blocking
 .text.Chip_SSP_SetMaster
                0x00000f74       0x34 C:\Users\Checkout\Documents\FALL2023\CMPE240_CLASS\PRJ1\PRJ_1\lpc_chip_11cxx_lib\Debug\liblpc_chip_11cxx_lib.a(ssp_11xx.o)
                0x00000f74                Chip_SSP_SetMaster
 .text.Chip_SSP_SetBitRate
                0x00000fa8       0x74 C:\Users\Checkout\Documents\FALL2023\CMPE240_CLASS\PRJ1\PRJ_1\lpc_chip_11cxx_lib\Debug\liblpc_chip_11cxx_lib.a(ssp_11xx.o)
                0x00000fa8                Chip_SSP_SetBitRate
 .text.Chip_SSP_Init
                0x0000101c       0x60 C:\Users\Checkout\Documents\FALL2023\CMPE240_CLASS\PRJ1\PRJ_1\lpc_chip_11cxx_lib\Debug\liblpc_chip_11cxx_lib.a(ssp_11xx.o)
                0x0000101c                Chip_SSP_Init
 .text.Chip_SYSCTL_PowerDown
                0x0000107c       0x40 C:\Users\Checkout\Documents\FALL2023\CMPE240_CLASS\PRJ1\PRJ_1\lpc_chip_11cxx_lib\Debug\liblpc_chip_11cxx_lib.a(sysctl_11xx.o)
                0x0000107c                Chip_SYSCTL_PowerDown
 .text.Chip_SYSCTL_PowerUp
                0x000010bc       0x40 C:\Users\Checkout\Documents\FALL2023\CMPE240_CLASS\PRJ1\PRJ_1\lpc_chip_11cxx_lib\Debug\liblpc_chip_11cxx_lib.a(sysctl_11xx.o)
                0x000010bc                Chip_SYSCTL_PowerUp
 .text.__main   0x000010fc        0xc c:/nxp/mcuxpressoide_11.8.0_1165/ide/plugins/com.nxp.mcuxpresso.tools.win32_11.8.0.202306131047/tools/bin/../lib/gcc/arm-none-eabi/12.2.1/../../../../arm-none-eabi/lib/thumb/v6-m/nofp\libcr_nohost.a(_cr__main.o)
                0x000010fc                __main
 .text._initio  0x00001108       0x7c c:/nxp/mcuxpressoide_11.8.0_1165/ide/plugins/com.nxp.mcuxpresso.tools.win32_11.8.0.202306131047/tools/bin/../lib/gcc/arm-none-eabi/12.2.1/../../../../arm-none-eabi/lib/thumb/v6-m/nofp\libcr_c.a(initio.o)
                0x00001108                _initio
 .text.setvbuf  0x00001184       0x4c c:/nxp/mcuxpressoide_11.8.0_1165/ide/plugins/com.nxp.mcuxpresso.tools.win32_11.8.0.202306131047/tools/bin/../lib/gcc/arm-none-eabi/12.2.1/../../../../arm-none-eabi/lib/thumb/v6-m/nofp\libcr_c.a(setvbuf.o)
                0x00001184                setvbuf
 .text._fdopen  0x000011d0       0x74 c:/nxp/mcuxpressoide_11.8.0_1165/ide/plugins/com.nxp.mcuxpresso.tools.win32_11.8.0.202306131047/tools/bin/../lib/gcc/arm-none-eabi/12.2.1/../../../../arm-none-eabi/lib/thumb/v6-m/nofp\libcr_c.a(_fdopen.o)
                0x000011d0                _fdopen
 .text.fclose   0x00001244       0x5c c:/nxp/mcuxpressoide_11.8.0_1165/ide/plugins/com.nxp.mcuxpresso.tools.win32_11.8.0.202306131047/tools/bin/../lib/gcc/arm-none-eabi/12.2.1/../../../../arm-none-eabi/lib/thumb/v6-m/nofp\libcr_c.a(fclose.o)
                0x00001244                fclose
 .text.fflush   0x000012a0       0x40 c:/nxp/mcuxpressoide_11.8.0_1165/ide/plugins/com.nxp.mcuxpresso.tools.win32_11.8.0.202306131047/tools/bin/../lib/gcc/arm-none-eabi/12.2.1/../../../../arm-none-eabi/lib/thumb/v6-m/nofp\libcr_c.a(fflush.o)
                0x000012a0                fflush
 .text.fseek    0x000012e0       0xec c:/nxp/mcuxpressoide_11.8.0_1165/ide/plugins/com.nxp.mcuxpresso.tools.win32_11.8.0.202306131047/tools/bin/../lib/gcc/arm-none-eabi/12.2.1/../../../../arm-none-eabi/lib/thumb/v6-m/nofp\libcr_c.a(fseek.o)
                0x000012e0                fseek
 .text.ftell    0x000013cc       0x4c c:/nxp/mcuxpressoide_11.8.0_1165/ide/plugins/com.nxp.mcuxpresso.tools.win32_11.8.0.202306131047/tools/bin/../lib/gcc/arm-none-eabi/12.2.1/../../../../arm-none-eabi/lib/thumb/v6-m/nofp\libcr_c.a(ftell.o)
                0x000013cc                ftell
 .text.remove   0x00001418       0x12 c:/nxp/mcuxpressoide_11.8.0_1165/ide/plugins/com.nxp.mcuxpresso.tools.win32_11.8.0.202306131047/tools/bin/../lib/gcc/arm-none-eabi/12.2.1/../../../../arm-none-eabi/lib/thumb/v6-m/nofp\libcr_c.a(remove.o)
                0x00001418                remove
 *fill*         0x0000142a        0x2 ff
 .text.strlen   0x0000142c       0x5c c:/nxp/mcuxpressoide_11.8.0_1165/ide/plugins/com.nxp.mcuxpresso.tools.win32_11.8.0.202306131047/tools/bin/../lib/gcc/arm-none-eabi/12.2.1/../../../../arm-none-eabi/lib/thumb/v6-m/nofp\libcr_c.a(strlen.o)
                0x0000142c                strlen
 .text.memset   0x00001488        0x8 c:/nxp/mcuxpressoide_11.8.0_1165/ide/plugins/com.nxp.mcuxpresso.tools.win32_11.8.0.202306131047/tools/bin/../lib/gcc/arm-none-eabi/12.2.1/../../../../arm-none-eabi/lib/thumb/v6-m/nofp\libcr_c.a(memset.o)
                0x00001488                memset
 .text._do_fflush
                0x00001490       0x48 c:/nxp/mcuxpressoide_11.8.0_1165/ide/plugins/com.nxp.mcuxpresso.tools.win32_11.8.0.202306131047/tools/bin/../lib/gcc/arm-none-eabi/12.2.1/../../../../arm-none-eabi/lib/thumb/v6-m/nofp\libcr_c.a(_do_fflush.o)
                0x00001490                _do_fflush
 .text._fflush  0x000014d8       0x5c c:/nxp/mcuxpressoide_11.8.0_1165/ide/plugins/com.nxp.mcuxpresso.tools.win32_11.8.0.202306131047/tools/bin/../lib/gcc/arm-none-eabi/12.2.1/../../../../arm-none-eabi/lib/thumb/v6-m/nofp\libcr_c.a(_fflush.o)
                0x000014d8                _fflush
 .text._Cwritebuf
                0x00001534       0x68 c:/nxp/mcuxpressoide_11.8.0_1165/ide/plugins/com.nxp.mcuxpresso.tools.win32_11.8.0.202306131047/tools/bin/../lib/gcc/arm-none-eabi/12.2.1/../../../../arm-none-eabi/lib/thumb/v6-m/nofp\libcr_c.a(_writebuf.o)
                0x00001534                _Cwritebuf
 .text.free     0x0000159c       0x2c c:/nxp/mcuxpressoide_11.8.0_1165/ide/plugins/com.nxp.mcuxpresso.tools.win32_11.8.0.202306131047/tools/bin/../lib/gcc/arm-none-eabi/12.2.1/../../../../arm-none-eabi/lib/thumb/v6-m/nofp\libcr_c.a(alloc.o)
                0x0000159c                free
 .text._deferredlazyseek
                0x000015c8       0x40 c:/nxp/mcuxpressoide_11.8.0_1165/ide/plugins/com.nxp.mcuxpresso.tools.win32_11.8.0.202306131047/tools/bin/../lib/gcc/arm-none-eabi/12.2.1/../../../../arm-none-eabi/lib/thumb/v6-m/nofp\libcr_c.a(_deferredlazyseek.o)
                0x000015c8                _deferredlazyseek
 .text.__aeabi_division_idivmod
                0x00001608       0x78 c:/nxp/mcuxpressoide_11.8.0_1165/ide/plugins/com.nxp.mcuxpresso.tools.win32_11.8.0.202306131047/tools/bin/../lib/gcc/arm-none-eabi/12.2.1/thumb/v6-m/nofp\libcr_eabihelpers.a(division_32.o)
                0x00001608                __aeabi_idivmod
                0x00001608                __aeabi_idiv
                0x0000160e                __aeabi_uidivmod
                0x0000160e                __aeabi_uidiv
 .text.__aeabi_division_idiv0
                0x00001680        0x2 c:/nxp/mcuxpressoide_11.8.0_1165/ide/plugins/com.nxp.mcuxpresso.tools.win32_11.8.0.202306131047/tools/bin/../lib/gcc/arm-none-eabi/12.2.1/thumb/v6-m/nofp\libcr_eabihelpers.a(division_idiv0.o)
                0x00001680                __aeabi_idiv0
 .text.__aeabi_memset_lowlevel
                0x00001682       0x2a c:/nxp/mcuxpressoide_11.8.0_1165/ide/plugins/com.nxp.mcuxpresso.tools.win32_11.8.0.202306131047/tools/bin/../lib/gcc/arm-none-eabi/12.2.1/thumb/v6-m/nofp\libcr_eabihelpers.a(memcpy.o)
                0x00001682                __aeabi_lowlevel_memset
 .text.__sys_close
                0x000016ac        0x6 c:/nxp/mcuxpressoide_11.8.0_1165/ide/plugins/com.nxp.mcuxpresso.tools.win32_11.8.0.202306131047/tools/bin/../lib/gcc/arm-none-eabi/12.2.1/../../../../arm-none-eabi/lib/thumb/v6-m/nofp\libcr_nohost.a(__sys_close.o)
                0x000016ac                __sys_close
 .text.__sys_flen
                0x000016b2        0x6 c:/nxp/mcuxpressoide_11.8.0_1165/ide/plugins/com.nxp.mcuxpresso.tools.win32_11.8.0.202306131047/tools/bin/../lib/gcc/arm-none-eabi/12.2.1/../../../../arm-none-eabi/lib/thumb/v6-m/nofp\libcr_nohost.a(__sys_flen.o)
                0x000016b2                __sys_flen
 .text.__sys_istty
                0x000016b8        0x6 c:/nxp/mcuxpressoide_11.8.0_1165/ide/plugins/com.nxp.mcuxpresso.tools.win32_11.8.0.202306131047/tools/bin/../lib/gcc/arm-none-eabi/12.2.1/../../../../arm-none-eabi/lib/thumb/v6-m/nofp\libcr_nohost.a(__sys_istty.o)
                0x000016b8                __sys_istty
 .text.__sys_remove
                0x000016be        0x6 c:/nxp/mcuxpressoide_11.8.0_1165/ide/plugins/com.nxp.mcuxpresso.tools.win32_11.8.0.202306131047/tools/bin/../lib/gcc/arm-none-eabi/12.2.1/../../../../arm-none-eabi/lib/thumb/v6-m/nofp\libcr_nohost.a(__sys_remove.o)
                0x000016be                __sys_remove
 .text.__sys_seek
                0x000016c4        0x6 c:/nxp/mcuxpressoide_11.8.0_1165/ide/plugins/com.nxp.mcuxpresso.tools.win32_11.8.0.202306131047/tools/bin/../lib/gcc/arm-none-eabi/12.2.1/../../../../arm-none-eabi/lib/thumb/v6-m/nofp\libcr_nohost.a(__sys_seek.o)
                0x000016c4                __sys_seek
 .text.__sys_tmpnam
                0x000016ca        0x6 c:/nxp/mcuxpressoide_11.8.0_1165/ide/plugins/com.nxp.mcuxpresso.tools.win32_11.8.0.202306131047/tools/bin/../lib/gcc/arm-none-eabi/12.2.1/../../../../arm-none-eabi/lib/thumb/v6-m/nofp\libcr_nohost.a(__sys_tmpnam.o)
                0x000016ca                __sys_tmpnam
 *(.rodata .rodata.* .constdata .constdata.*)
 .rodata.OscRateIn
                0x000016d0        0x4 C:\Users\Checkout\Documents\FALL2023\CMPE240_CLASS\PRJ1\PRJ_1\nxp_lpcxpresso_11c24_board_lib\Debug\libnxp_lpcxpresso_11c24_board_lib.a(board.o)
                0x000016d0                OscRateIn
 .rodata.pinmuxing
                0x000016d4       0x28 C:\Users\Checkout\Documents\FALL2023\CMPE240_CLASS\PRJ1\PRJ_1\nxp_lpcxpresso_11c24_board_lib\Debug\libnxp_lpcxpresso_11c24_board_lib.a(board_sysinit.o)
 .rodata.wdtOSCRate
                0x000016fc       0x40 C:\Users\Checkout\Documents\FALL2023\CMPE240_CLASS\PRJ1\PRJ_1\lpc_chip_11cxx_lib\Debug\liblpc_chip_11cxx_lib.a(clock_11xx.o)
 .rodata._initio.str1.1
                0x0000173c        0x4 c:/nxp/mcuxpressoide_11.8.0_1165/ide/plugins/com.nxp.mcuxpresso.tools.win32_11.8.0.202306131047/tools/bin/../lib/gcc/arm-none-eabi/12.2.1/../../../../arm-none-eabi/lib/thumb/v6-m/nofp\libcr_c.a(initio.o)
 .rodata.__num_Ciob_streams
                0x00001740        0x4 c:/nxp/mcuxpressoide_11.8.0_1165/ide/plugins/com.nxp.mcuxpresso.tools.win32_11.8.0.202306131047/tools/bin/../lib/gcc/arm-none-eabi/12.2.1/../../../../arm-none-eabi/lib/thumb/v6-m/nofp\libcr_nohost.a(__ciob.o)
                0x00001740                __num_Ciob_streams
                0x00001744                . = ALIGN (0x4)

.glue_7         0x00001744        0x0
 .glue_7        0x00001744        0x0 linker stubs

.glue_7t        0x00001744        0x0
 .glue_7t       0x00001744        0x0 linker stubs

.vfp11_veneer   0x00001744        0x0
 .vfp11_veneer  0x00001744        0x0 linker stubs

.v4_bx          0x00001744        0x0
 .v4_bx         0x00001744        0x0 linker stubs

.iplt           0x00001744        0x0
 .iplt          0x00001744        0x0 ./example/src/cr_startup_lpc11xx.o

.rel.dyn        0x00001744        0x0
 .rel.iplt      0x00001744        0x0 ./example/src/cr_startup_lpc11xx.o

.ARM.extab
 *(.ARM.extab* .gnu.linkonce.armextab.*)

.ARM.exidx      0x00001744        0x0
                0x00001744                __exidx_start = .
 *(.ARM.exidx* .gnu.linkonce.armexidx.*)
                0x00001744                __exidx_end = .
                0x00001744                _etext = .

.uninit_RESERVED
                0x10000000        0x0
                0x10000000                _start_uninit_RESERVED = .
 *(.bss.$RESERVED*)
                0x10000000                . = ALIGN (0x4)
                0x10000000                _end_uninit_RESERVED = .

.data           0x10000000        0x0 load address 0x00001744
 FILL mask 0xff
                0x10000000                _data = .
                [!provide]                PROVIDE (__start_data_RAM = .)
                [!provide]                PROVIDE (__start_data_RamLoc8 = .)
 *(vtable)
 *(.ramfunc*)
 *(CodeQuickAccess)
 *(DataQuickAccess)
 *(RamFunction)
 *(.data*)
                0x10000000                . = ALIGN (0x4)
                0x10000000                _edata = .
                [!provide]                PROVIDE (__end_data_RAM = .)
                [!provide]                PROVIDE (__end_data_RamLoc8 = .)

.igot.plt       0x10000000        0x0 load address 0x00001744
 .igot.plt      0x10000000        0x0 ./example/src/cr_startup_lpc11xx.o

.bss            0x10000000      0x208
                0x10000000                _bss = .
                [!provide]                PROVIDE (__start_bss_RAM = .)
                [!provide]                PROVIDE (__start_bss_RamLoc8 = .)
 *(.bss*)
 .bss.Tx_Buf    0x10000000        0x2 ./example/src/lcd__api.o
 *fill*         0x10000002        0x2 
 .bss.Rx_Buf    0x10000004        0x2 ./example/src/lcd__api.o
 *fill*         0x10000006        0x2 
 .bss.ssp_format
                0x10000008        0x3 ./example/src/lcd__api.o
 *fill*         0x1000000b        0x1 
 .bss.xf_setup  0x1000000c       0x14 ./example/src/lcd__api.o
 .bss.SystemCoreClock
                0x10000020        0x4 C:\Users\Checkout\Documents\FALL2023\CMPE240_CLASS\PRJ1\PRJ_1\lpc_chip_11cxx_lib\Debug\liblpc_chip_11cxx_lib.a(chip_11xx.o)
                0x10000020                SystemCoreClock
 .bss.errno     0x10000024        0x4 c:/nxp/mcuxpressoide_11.8.0_1165/ide/plugins/com.nxp.mcuxpresso.tools.win32_11.8.0.202306131047/tools/bin/../lib/gcc/arm-none-eabi/12.2.1/../../../../arm-none-eabi/lib/thumb/v6-m/nofp\libcr_c.a(errno.o)
                0x10000024                errno
 .bss.__Ciob    0x10000028      0x1e0 c:/nxp/mcuxpressoide_11.8.0_1165/ide/plugins/com.nxp.mcuxpresso.tools.win32_11.8.0.202306131047/tools/bin/../lib/gcc/arm-none-eabi/12.2.1/../../../../arm-none-eabi/lib/thumb/v6-m/nofp\libcr_nohost.a(__ciob.o)
                0x10000028                __Ciob
 *(COMMON)
                0x10000208                . = ALIGN (0x4)
                0x10000208                _ebss = .
                [!provide]                PROVIDE (__end_bss_RAM = .)
                [!provide]                PROVIDE (__end_bss_RamLoc8 = .)
                [!provide]                PROVIDE (end = .)

.noinit         0x10000208        0x0
                0x10000208                _noinit = .
                [!provide]                PROVIDE (__start_noinit_RAM = .)
                [!provide]                PROVIDE (__start_noinit_RamLoc8 = .)
 *(.noinit*)
                0x10000208                . = ALIGN (0x4)
                0x10000208                _end_noinit = .
                [!provide]                PROVIDE (__end_noinit_RAM = .)
                [!provide]                PROVIDE (__end_noinit_RamLoc8 = .)
                0x10000208                PROVIDE (_pvHeapStart = DEFINED (__user_heap_base)?__user_heap_base:.)
                0x10002000                PROVIDE (_vStackTop = DEFINED (__user_stack_top)?__user_stack_top:(__top_RamLoc8 - 0x0))
                [!provide]                PROVIDE (__valid_user_code_checksum = (0x0 - (((_vStackTop + (ResetISR + 0x1)) + (DEFINED (NMI_Handler)?NMI_Handler:M0_NMI_Handler + 0x1)) + (DEFINED (HardFault_Handler)?HardFault_Handler:M0_HardFault_Handler + 0x1))))
                0x00000000                _image_start = LOADADDR (.text)
                0x00001744                _image_end = (LOADADDR (.data) + SIZEOF (.data))
                0x00001744                _image_size = (_image_end - _image_start)
OUTPUT(LPC11C24_SSP_DrawLine.axf elf32-littlearm)
LOAD linker stubs

.debug_info     0x00000000     0x4d6e
 .debug_info    0x00000000      0x28f ./example/src/cr_startup_lpc11xx.o
 .debug_info    0x0000028f      0xbc0 ./example/src/lcd__api.o
 .debug_info    0x00000e4f       0xb6 ./example/src/main.o
 .debug_info    0x00000f05       0xa0 ./example/src/sysinit.o
 .debug_info    0x00000fa5      0x8d3 C:\Users\Checkout\Documents\FALL2023\CMPE240_CLASS\PRJ1\PRJ_1\nxp_lpcxpresso_11c24_board_lib\Debug\libnxp_lpcxpresso_11c24_board_lib.a(board.o)
 .debug_info    0x00001878      0xa6a C:\Users\Checkout\Documents\FALL2023\CMPE240_CLASS\PRJ1\PRJ_1\nxp_lpcxpresso_11c24_board_lib\Debug\libnxp_lpcxpresso_11c24_board_lib.a(board_sysinit.o)
 .debug_info    0x000022e2       0xc5 C:\Users\Checkout\Documents\FALL2023\CMPE240_CLASS\PRJ1\PRJ_1\lpc_chip_11cxx_lib\Debug\liblpc_chip_11cxx_lib.a(chip_11xx.o)
 .debug_info    0x000023a7      0x832 C:\Users\Checkout\Documents\FALL2023\CMPE240_CLASS\PRJ1\PRJ_1\lpc_chip_11cxx_lib\Debug\liblpc_chip_11cxx_lib.a(clock_11xx.o)
 .debug_info    0x00002bd9      0xb8d C:\Users\Checkout\Documents\FALL2023\CMPE240_CLASS\PRJ1\PRJ_1\lpc_chip_11cxx_lib\Debug\liblpc_chip_11cxx_lib.a(gpio_11xx_2.o)
 .debug_info    0x00003766     0x10de C:\Users\Checkout\Documents\FALL2023\CMPE240_CLASS\PRJ1\PRJ_1\lpc_chip_11cxx_lib\Debug\liblpc_chip_11cxx_lib.a(ssp_11xx.o)
 .debug_info    0x00004844      0x52a C:\Users\Checkout\Documents\FALL2023\CMPE240_CLASS\PRJ1\PRJ_1\lpc_chip_11cxx_lib\Debug\liblpc_chip_11cxx_lib.a(sysctl_11xx.o)

.debug_abbrev   0x00000000     0x131c
 .debug_abbrev  0x00000000      0x12c ./example/src/cr_startup_lpc11xx.o
 .debug_abbrev  0x0000012c      0x374 ./example/src/lcd__api.o
 .debug_abbrev  0x000004a0       0x74 ./example/src/main.o
 .debug_abbrev  0x00000514       0x58 ./example/src/sysinit.o
 .debug_abbrev  0x0000056c      0x2f3 C:\Users\Checkout\Documents\FALL2023\CMPE240_CLASS\PRJ1\PRJ_1\nxp_lpcxpresso_11c24_board_lib\Debug\libnxp_lpcxpresso_11c24_board_lib.a(board.o)
 .debug_abbrev  0x0000085f      0x24d C:\Users\Checkout\Documents\FALL2023\CMPE240_CLASS\PRJ1\PRJ_1\nxp_lpcxpresso_11c24_board_lib\Debug\libnxp_lpcxpresso_11c24_board_lib.a(board_sysinit.o)
 .debug_abbrev  0x00000aac       0x8b C:\Users\Checkout\Documents\FALL2023\CMPE240_CLASS\PRJ1\PRJ_1\lpc_chip_11cxx_lib\Debug\liblpc_chip_11cxx_lib.a(chip_11xx.o)
 .debug_abbrev  0x00000b37      0x1fc C:\Users\Checkout\Documents\FALL2023\CMPE240_CLASS\PRJ1\PRJ_1\lpc_chip_11cxx_lib\Debug\liblpc_chip_11cxx_lib.a(clock_11xx.o)
 .debug_abbrev  0x00000d33      0x1de C:\Users\Checkout\Documents\FALL2023\CMPE240_CLASS\PRJ1\PRJ_1\lpc_chip_11cxx_lib\Debug\liblpc_chip_11cxx_lib.a(gpio_11xx_2.o)
 .debug_abbrev  0x00000f11      0x320 C:\Users\Checkout\Documents\FALL2023\CMPE240_CLASS\PRJ1\PRJ_1\lpc_chip_11cxx_lib\Debug\liblpc_chip_11cxx_lib.a(ssp_11xx.o)
 .debug_abbrev  0x00001231       0xeb C:\Users\Checkout\Documents\FALL2023\CMPE240_CLASS\PRJ1\PRJ_1\lpc_chip_11cxx_lib\Debug\liblpc_chip_11cxx_lib.a(sysctl_11xx.o)

.debug_loclists
                0x00000000      0x176
 .debug_loclists
                0x00000000      0x176 ./example/src/cr_startup_lpc11xx.o

.debug_aranges  0x00000000      0x550
 .debug_aranges
                0x00000000       0x60 ./example/src/cr_startup_lpc11xx.o
 .debug_aranges
                0x00000060       0xd0 ./example/src/lcd__api.o
 .debug_aranges
                0x00000130       0x20 ./example/src/main.o
 .debug_aranges
                0x00000150       0x20 ./example/src/sysinit.o
 .debug_aranges
                0x00000170       0xb0 C:\Users\Checkout\Documents\FALL2023\CMPE240_CLASS\PRJ1\PRJ_1\nxp_lpcxpresso_11c24_board_lib\Debug\libnxp_lpcxpresso_11c24_board_lib.a(board.o)
 .debug_aranges
                0x00000220       0x60 C:\Users\Checkout\Documents\FALL2023\CMPE240_CLASS\PRJ1\PRJ_1\nxp_lpcxpresso_11c24_board_lib\Debug\libnxp_lpcxpresso_11c24_board_lib.a(board_sysinit.o)
 .debug_aranges
                0x00000280       0x20 C:\Users\Checkout\Documents\FALL2023\CMPE240_CLASS\PRJ1\PRJ_1\lpc_chip_11cxx_lib\Debug\liblpc_chip_11cxx_lib.a(chip_11xx.o)
 .debug_aranges
                0x000002a0       0x88 C:\Users\Checkout\Documents\FALL2023\CMPE240_CLASS\PRJ1\PRJ_1\lpc_chip_11cxx_lib\Debug\liblpc_chip_11cxx_lib.a(clock_11xx.o)
 .debug_aranges
                0x00000328       0xb0 C:\Users\Checkout\Documents\FALL2023\CMPE240_CLASS\PRJ1\PRJ_1\lpc_chip_11cxx_lib\Debug\liblpc_chip_11cxx_lib.a(gpio_11xx_2.o)
 .debug_aranges
                0x000003d8      0x140 C:\Users\Checkout\Documents\FALL2023\CMPE240_CLASS\PRJ1\PRJ_1\lpc_chip_11cxx_lib\Debug\liblpc_chip_11cxx_lib.a(ssp_11xx.o)
 .debug_aranges
                0x00000518       0x38 C:\Users\Checkout\Documents\FALL2023\CMPE240_CLASS\PRJ1\PRJ_1\lpc_chip_11cxx_lib\Debug\liblpc_chip_11cxx_lib.a(sysctl_11xx.o)

.debug_rnglists
                0x00000000      0x3cf
 .debug_rnglists
                0x00000000       0x43 ./example/src/cr_startup_lpc11xx.o
 .debug_rnglists
                0x00000043       0x9b ./example/src/lcd__api.o
 .debug_rnglists
                0x000000de       0x13 ./example/src/main.o
 .debug_rnglists
                0x000000f1       0x13 ./example/src/sysinit.o
 .debug_rnglists
                0x00000104       0x7f C:\Users\Checkout\Documents\FALL2023\CMPE240_CLASS\PRJ1\PRJ_1\nxp_lpcxpresso_11c24_board_lib\Debug\libnxp_lpcxpresso_11c24_board_lib.a(board.o)
 .debug_rnglists
                0x00000183       0x43 C:\Users\Checkout\Documents\FALL2023\CMPE240_CLASS\PRJ1\PRJ_1\nxp_lpcxpresso_11c24_board_lib\Debug\libnxp_lpcxpresso_11c24_board_lib.a(board_sysinit.o)
 .debug_rnglists
                0x000001c6       0x13 C:\Users\Checkout\Documents\FALL2023\CMPE240_CLASS\PRJ1\PRJ_1\lpc_chip_11cxx_lib\Debug\liblpc_chip_11cxx_lib.a(chip_11xx.o)
 .debug_rnglists
                0x000001d9       0x61 C:\Users\Checkout\Documents\FALL2023\CMPE240_CLASS\PRJ1\PRJ_1\lpc_chip_11cxx_lib\Debug\liblpc_chip_11cxx_lib.a(clock_11xx.o)
 .debug_rnglists
                0x0000023a       0x80 C:\Users\Checkout\Documents\FALL2023\CMPE240_CLASS\PRJ1\PRJ_1\lpc_chip_11cxx_lib\Debug\liblpc_chip_11cxx_lib.a(gpio_11xx_2.o)
 .debug_rnglists
                0x000002ba       0xf0 C:\Users\Checkout\Documents\FALL2023\CMPE240_CLASS\PRJ1\PRJ_1\lpc_chip_11cxx_lib\Debug\liblpc_chip_11cxx_lib.a(ssp_11xx.o)
 .debug_rnglists
                0x000003aa       0x25 C:\Users\Checkout\Documents\FALL2023\CMPE240_CLASS\PRJ1\PRJ_1\lpc_chip_11cxx_lib\Debug\liblpc_chip_11cxx_lib.a(sysctl_11xx.o)

.debug_macro    0x00000000     0x459d
 .debug_macro   0x00000000       0x26 ./example/src/cr_startup_lpc11xx.o
 .debug_macro   0x00000026      0xaa2 ./example/src/cr_startup_lpc11xx.o
 .debug_macro   0x00000ac8       0x10 ./example/src/cr_startup_lpc11xx.o
 .debug_macro   0x00000ad8      0x1ee ./example/src/lcd__api.o
 .debug_macro   0x00000cc6      0xa9c ./example/src/lcd__api.o
 .debug_macro   0x00001762       0x10 ./example/src/lcd__api.o
 .debug_macro   0x00001772      0x12e ./example/src/lcd__api.o
 .debug_macro   0x000018a0      0x5b3 ./example/src/lcd__api.o
 .debug_macro   0x00001e53       0x64 ./example/src/lcd__api.o
 .debug_macro   0x00001eb7       0x22 ./example/src/lcd__api.o
 .debug_macro   0x00001ed9       0x7b ./example/src/lcd__api.o
 .debug_macro   0x00001f54       0x1f ./example/src/lcd__api.o
 .debug_macro   0x00001f73       0x3a ./example/src/lcd__api.o
 .debug_macro   0x00001fad      0x241 ./example/src/lcd__api.o
 .debug_macro   0x000021ee      0x117 ./example/src/lcd__api.o
 .debug_macro   0x00002305       0x22 ./example/src/lcd__api.o
 .debug_macro   0x00002327       0xb2 ./example/src/lcd__api.o
 .debug_macro   0x000023d9       0x10 ./example/src/lcd__api.o
 .debug_macro   0x000023e9      0x137 ./example/src/lcd__api.o
 .debug_macro   0x00002520       0x4c ./example/src/lcd__api.o
 .debug_macro   0x0000256c       0x16 ./example/src/lcd__api.o
 .debug_macro   0x00002582      0x31a ./example/src/lcd__api.o
 .debug_macro   0x0000289c       0x2e ./example/src/lcd__api.o
 .debug_macro   0x000028ca       0xb8 ./example/src/lcd__api.o
 .debug_macro   0x00002982       0x11 ./example/src/lcd__api.o
 .debug_macro   0x00002993       0x7c ./example/src/lcd__api.o
 .debug_macro   0x00002a0f      0x21c ./example/src/lcd__api.o
 .debug_macro   0x00002c2b      0x113 ./example/src/lcd__api.o
 .debug_macro   0x00002d3e       0x10 ./example/src/lcd__api.o
 .debug_macro   0x00002d4e       0x9a ./example/src/lcd__api.o
 .debug_macro   0x00002de8       0x20 ./example/src/lcd__api.o
 .debug_macro   0x00002e08       0x22 ./example/src/lcd__api.o
 .debug_macro   0x00002e2a      0x1a7 ./example/src/main.o
 .debug_macro   0x00002fd1      0x17d ./example/src/sysinit.o
 .debug_macro   0x0000314e      0x18a C:\Users\Checkout\Documents\FALL2023\CMPE240_CLASS\PRJ1\PRJ_1\nxp_lpcxpresso_11c24_board_lib\Debug\libnxp_lpcxpresso_11c24_board_lib.a(board.o)
 .debug_macro   0x000032d8      0xa96 C:\Users\Checkout\Documents\FALL2023\CMPE240_CLASS\PRJ1\PRJ_1\nxp_lpcxpresso_11c24_board_lib\Debug\libnxp_lpcxpresso_11c24_board_lib.a(board.o)
 .debug_macro   0x00003d6e       0x12 C:\Users\Checkout\Documents\FALL2023\CMPE240_CLASS\PRJ1\PRJ_1\nxp_lpcxpresso_11c24_board_lib\Debug\libnxp_lpcxpresso_11c24_board_lib.a(board.o)
 .debug_macro   0x00003d80      0x18b C:\Users\Checkout\Documents\FALL2023\CMPE240_CLASS\PRJ1\PRJ_1\nxp_lpcxpresso_11c24_board_lib\Debug\libnxp_lpcxpresso_11c24_board_lib.a(board_sysinit.o)
 .debug_macro   0x00003f0b      0x148 C:\Users\Checkout\Documents\FALL2023\CMPE240_CLASS\PRJ1\PRJ_1\lpc_chip_11cxx_lib\Debug\liblpc_chip_11cxx_lib.a(chip_11xx.o)
 .debug_macro   0x00004053      0x148 C:\Users\Checkout\Documents\FALL2023\CMPE240_CLASS\PRJ1\PRJ_1\lpc_chip_11cxx_lib\Debug\liblpc_chip_11cxx_lib.a(clock_11xx.o)
 .debug_macro   0x0000419b      0x148 C:\Users\Checkout\Documents\FALL2023\CMPE240_CLASS\PRJ1\PRJ_1\lpc_chip_11cxx_lib\Debug\liblpc_chip_11cxx_lib.a(gpio_11xx_2.o)
 .debug_macro   0x000042e3      0x148 C:\Users\Checkout\Documents\FALL2023\CMPE240_CLASS\PRJ1\PRJ_1\lpc_chip_11cxx_lib\Debug\liblpc_chip_11cxx_lib.a(ssp_11xx.o)
 .debug_macro   0x0000442b      0x172 C:\Users\Checkout\Documents\FALL2023\CMPE240_CLASS\PRJ1\PRJ_1\lpc_chip_11cxx_lib\Debug\liblpc_chip_11cxx_lib.a(sysctl_11xx.o)

.debug_line     0x00000000     0x3b77
 .debug_line    0x00000000      0x210 ./example/src/cr_startup_lpc11xx.o
 .debug_line    0x00000210      0x891 ./example/src/lcd__api.o
 .debug_line    0x00000aa1      0x458 ./example/src/main.o
 .debug_line    0x00000ef9      0x3d1 ./example/src/sysinit.o
 .debug_line    0x000012ca      0x5f2 C:\Users\Checkout\Documents\FALL2023\CMPE240_CLASS\PRJ1\PRJ_1\nxp_lpcxpresso_11c24_board_lib\Debug\libnxp_lpcxpresso_11c24_board_lib.a(board.o)
 .debug_line    0x000018bc      0x530 C:\Users\Checkout\Documents\FALL2023\CMPE240_CLASS\PRJ1\PRJ_1\nxp_lpcxpresso_11c24_board_lib\Debug\libnxp_lpcxpresso_11c24_board_lib.a(board_sysinit.o)
 .debug_line    0x00001dec      0x348 C:\Users\Checkout\Documents\FALL2023\CMPE240_CLASS\PRJ1\PRJ_1\lpc_chip_11cxx_lib\Debug\liblpc_chip_11cxx_lib.a(chip_11xx.o)
 .debug_line    0x00002134      0x54e C:\Users\Checkout\Documents\FALL2023\CMPE240_CLASS\PRJ1\PRJ_1\lpc_chip_11cxx_lib\Debug\liblpc_chip_11cxx_lib.a(clock_11xx.o)
 .debug_line    0x00002682      0x60e C:\Users\Checkout\Documents\FALL2023\CMPE240_CLASS\PRJ1\PRJ_1\lpc_chip_11cxx_lib\Debug\liblpc_chip_11cxx_lib.a(gpio_11xx_2.o)
 .debug_line    0x00002c90      0xb1e C:\Users\Checkout\Documents\FALL2023\CMPE240_CLASS\PRJ1\PRJ_1\lpc_chip_11cxx_lib\Debug\liblpc_chip_11cxx_lib.a(ssp_11xx.o)
 .debug_line    0x000037ae      0x3c9 C:\Users\Checkout\Documents\FALL2023\CMPE240_CLASS\PRJ1\PRJ_1\lpc_chip_11cxx_lib\Debug\liblpc_chip_11cxx_lib.a(sysctl_11xx.o)

.debug_str      0x00000000     0xadc5
 .debug_str     0x00000000     0x2ef7 ./example/src/cr_startup_lpc11xx.o
                               0x2f15 (size before relaxing)
 .debug_str     0x00002ef7     0x673a ./example/src/lcd__api.o
                               0x94de (size before relaxing)
 .debug_str     0x00009631       0x2b ./example/src/main.o
                               0x8ac9 (size before relaxing)
 .debug_str     0x0000965c       0x2a ./example/src/sysinit.o
                               0x891e (size before relaxing)
 .debug_str     0x00009686      0x287 C:\Users\Checkout\Documents\FALL2023\CMPE240_CLASS\PRJ1\PRJ_1\nxp_lpcxpresso_11c24_board_lib\Debug\libnxp_lpcxpresso_11c24_board_lib.a(board.o)
                               0x8e1f (size before relaxing)
 .debug_str     0x0000990d      0x73e C:\Users\Checkout\Documents\FALL2023\CMPE240_CLASS\PRJ1\PRJ_1\nxp_lpcxpresso_11c24_board_lib\Debug\libnxp_lpcxpresso_11c24_board_lib.a(board_sysinit.o)
                               0x92ef (size before relaxing)
 .debug_str     0x0000a04b       0x98 C:\Users\Checkout\Documents\FALL2023\CMPE240_CLASS\PRJ1\PRJ_1\lpc_chip_11cxx_lib\Debug\liblpc_chip_11cxx_lib.a(chip_11xx.o)
                               0x8676 (size before relaxing)
 .debug_str     0x0000a0e3      0x3bc C:\Users\Checkout\Documents\FALL2023\CMPE240_CLASS\PRJ1\PRJ_1\lpc_chip_11cxx_lib\Debug\liblpc_chip_11cxx_lib.a(clock_11xx.o)
                               0x8e26 (size before relaxing)
 .debug_str     0x0000a49f      0x233 C:\Users\Checkout\Documents\FALL2023\CMPE240_CLASS\PRJ1\PRJ_1\lpc_chip_11cxx_lib\Debug\liblpc_chip_11cxx_lib.a(gpio_11xx_2.o)
                               0x8cfa (size before relaxing)
 .debug_str     0x0000a6d2      0x57e C:\Users\Checkout\Documents\FALL2023\CMPE240_CLASS\PRJ1\PRJ_1\lpc_chip_11cxx_lib\Debug\liblpc_chip_11cxx_lib.a(ssp_11xx.o)
                               0x92d0 (size before relaxing)
 .debug_str     0x0000ac50      0x175 C:\Users\Checkout\Documents\FALL2023\CMPE240_CLASS\PRJ1\PRJ_1\lpc_chip_11cxx_lib\Debug\liblpc_chip_11cxx_lib.a(sysctl_11xx.o)
                               0x8a66 (size before relaxing)

.comment        0x00000000       0x45
 .comment       0x00000000       0x45 ./example/src/cr_startup_lpc11xx.o
                                 0x46 (size before relaxing)
 .comment       0x00000045       0x46 ./example/src/lcd__api.o
 .comment       0x00000045       0x46 ./example/src/main.o
 .comment       0x00000045       0x46 ./example/src/sysinit.o
 .comment       0x00000045       0x46 C:\Users\Checkout\Documents\FALL2023\CMPE240_CLASS\PRJ1\PRJ_1\nxp_lpcxpresso_11c24_board_lib\Debug\libnxp_lpcxpresso_11c24_board_lib.a(board.o)
 .comment       0x00000045       0x46 C:\Users\Checkout\Documents\FALL2023\CMPE240_CLASS\PRJ1\PRJ_1\nxp_lpcxpresso_11c24_board_lib\Debug\libnxp_lpcxpresso_11c24_board_lib.a(board_sysinit.o)
 .comment       0x00000045       0x46 C:\Users\Checkout\Documents\FALL2023\CMPE240_CLASS\PRJ1\PRJ_1\lpc_chip_11cxx_lib\Debug\liblpc_chip_11cxx_lib.a(chip_11xx.o)
 .comment       0x00000045       0x46 C:\Users\Checkout\Documents\FALL2023\CMPE240_CLASS\PRJ1\PRJ_1\lpc_chip_11cxx_lib\Debug\liblpc_chip_11cxx_lib.a(clock_11xx.o)
 .comment       0x00000045       0x46 C:\Users\Checkout\Documents\FALL2023\CMPE240_CLASS\PRJ1\PRJ_1\lpc_chip_11cxx_lib\Debug\liblpc_chip_11cxx_lib.a(gpio_11xx_2.o)
 .comment       0x00000045       0x46 C:\Users\Checkout\Documents\FALL2023\CMPE240_CLASS\PRJ1\PRJ_1\lpc_chip_11cxx_lib\Debug\liblpc_chip_11cxx_lib.a(ssp_11xx.o)
 .comment       0x00000045       0x46 C:\Users\Checkout\Documents\FALL2023\CMPE240_CLASS\PRJ1\PRJ_1\lpc_chip_11cxx_lib\Debug\liblpc_chip_11cxx_lib.a(sysctl_11xx.o)
 .comment       0x00000045       0x46 c:/nxp/mcuxpressoide_11.8.0_1165/ide/plugins/com.nxp.mcuxpresso.tools.win32_11.8.0.202306131047/tools/bin/../lib/gcc/arm-none-eabi/12.2.1/../../../../arm-none-eabi/lib/thumb/v6-m/nofp\libcr_nohost.a(_cr__main.o)
 .comment       0x00000045       0x46 c:/nxp/mcuxpressoide_11.8.0_1165/ide/plugins/com.nxp.mcuxpresso.tools.win32_11.8.0.202306131047/tools/bin/../lib/gcc/arm-none-eabi/12.2.1/../../../../arm-none-eabi/lib/thumb/v6-m/nofp\libcr_c.a(initio.o)
 .comment       0x00000045       0x46 c:/nxp/mcuxpressoide_11.8.0_1165/ide/plugins/com.nxp.mcuxpresso.tools.win32_11.8.0.202306131047/tools/bin/../lib/gcc/arm-none-eabi/12.2.1/../../../../arm-none-eabi/lib/thumb/v6-m/nofp\libcr_c.a(setvbuf.o)
 .comment       0x00000045       0x46 c:/nxp/mcuxpressoide_11.8.0_1165/ide/plugins/com.nxp.mcuxpresso.tools.win32_11.8.0.202306131047/tools/bin/../lib/gcc/arm-none-eabi/12.2.1/../../../../arm-none-eabi/lib/thumb/v6-m/nofp\libcr_c.a(_fdopen.o)
 .comment       0x00000045       0x46 c:/nxp/mcuxpressoide_11.8.0_1165/ide/plugins/com.nxp.mcuxpresso.tools.win32_11.8.0.202306131047/tools/bin/../lib/gcc/arm-none-eabi/12.2.1/../../../../arm-none-eabi/lib/thumb/v6-m/nofp\libcr_c.a(fclose.o)
 .comment       0x00000045       0x46 c:/nxp/mcuxpressoide_11.8.0_1165/ide/plugins/com.nxp.mcuxpresso.tools.win32_11.8.0.202306131047/tools/bin/../lib/gcc/arm-none-eabi/12.2.1/../../../../arm-none-eabi/lib/thumb/v6-m/nofp\libcr_c.a(fflush.o)
 .comment       0x00000045       0x46 c:/nxp/mcuxpressoide_11.8.0_1165/ide/plugins/com.nxp.mcuxpresso.tools.win32_11.8.0.202306131047/tools/bin/../lib/gcc/arm-none-eabi/12.2.1/../../../../arm-none-eabi/lib/thumb/v6-m/nofp\libcr_c.a(fseek.o)
 .comment       0x00000045       0x46 c:/nxp/mcuxpressoide_11.8.0_1165/ide/plugins/com.nxp.mcuxpresso.tools.win32_11.8.0.202306131047/tools/bin/../lib/gcc/arm-none-eabi/12.2.1/../../../../arm-none-eabi/lib/thumb/v6-m/nofp\libcr_c.a(ftell.o)
 .comment       0x00000045       0x46 c:/nxp/mcuxpressoide_11.8.0_1165/ide/plugins/com.nxp.mcuxpresso.tools.win32_11.8.0.202306131047/tools/bin/../lib/gcc/arm-none-eabi/12.2.1/../../../../arm-none-eabi/lib/thumb/v6-m/nofp\libcr_c.a(remove.o)
 .comment       0x00000045       0x46 c:/nxp/mcuxpressoide_11.8.0_1165/ide/plugins/com.nxp.mcuxpresso.tools.win32_11.8.0.202306131047/tools/bin/../lib/gcc/arm-none-eabi/12.2.1/../../../../arm-none-eabi/lib/thumb/v6-m/nofp\libcr_c.a(strlen.o)
 .comment       0x00000045       0x46 c:/nxp/mcuxpressoide_11.8.0_1165/ide/plugins/com.nxp.mcuxpresso.tools.win32_11.8.0.202306131047/tools/bin/../lib/gcc/arm-none-eabi/12.2.1/../../../../arm-none-eabi/lib/thumb/v6-m/nofp\libcr_c.a(memset.o)
 .comment       0x00000045       0x46 c:/nxp/mcuxpressoide_11.8.0_1165/ide/plugins/com.nxp.mcuxpresso.tools.win32_11.8.0.202306131047/tools/bin/../lib/gcc/arm-none-eabi/12.2.1/../../../../arm-none-eabi/lib/thumb/v6-m/nofp\libcr_c.a(_do_fflush.o)
 .comment       0x00000045       0x46 c:/nxp/mcuxpressoide_11.8.0_1165/ide/plugins/com.nxp.mcuxpresso.tools.win32_11.8.0.202306131047/tools/bin/../lib/gcc/arm-none-eabi/12.2.1/../../../../arm-none-eabi/lib/thumb/v6-m/nofp\libcr_c.a(_fflush.o)
 .comment       0x00000045       0x46 c:/nxp/mcuxpressoide_11.8.0_1165/ide/plugins/com.nxp.mcuxpresso.tools.win32_11.8.0.202306131047/tools/bin/../lib/gcc/arm-none-eabi/12.2.1/../../../../arm-none-eabi/lib/thumb/v6-m/nofp\libcr_c.a(_writebuf.o)
 .comment       0x00000045       0x46 c:/nxp/mcuxpressoide_11.8.0_1165/ide/plugins/com.nxp.mcuxpresso.tools.win32_11.8.0.202306131047/tools/bin/../lib/gcc/arm-none-eabi/12.2.1/../../../../arm-none-eabi/lib/thumb/v6-m/nofp\libcr_c.a(alloc.o)
 .comment       0x00000045       0x46 c:/nxp/mcuxpressoide_11.8.0_1165/ide/plugins/com.nxp.mcuxpresso.tools.win32_11.8.0.202306131047/tools/bin/../lib/gcc/arm-none-eabi/12.2.1/../../../../arm-none-eabi/lib/thumb/v6-m/nofp\libcr_c.a(errno.o)
 .comment       0x00000045       0x46 c:/nxp/mcuxpressoide_11.8.0_1165/ide/plugins/com.nxp.mcuxpresso.tools.win32_11.8.0.202306131047/tools/bin/../lib/gcc/arm-none-eabi/12.2.1/../../../../arm-none-eabi/lib/thumb/v6-m/nofp\libcr_c.a(_deferredlazyseek.o)
 .comment       0x00000045       0x46 c:/nxp/mcuxpressoide_11.8.0_1165/ide/plugins/com.nxp.mcuxpresso.tools.win32_11.8.0.202306131047/tools/bin/../lib/gcc/arm-none-eabi/12.2.1/../../../../arm-none-eabi/lib/thumb/v6-m/nofp\libcr_nohost.a(__ciob.o)
 .comment       0x00000045       0x46 c:/nxp/mcuxpressoide_11.8.0_1165/ide/plugins/com.nxp.mcuxpresso.tools.win32_11.8.0.202306131047/tools/bin/../lib/gcc/arm-none-eabi/12.2.1/../../../../arm-none-eabi/lib/thumb/v6-m/nofp\libcr_nohost.a(__sys_close.o)
 .comment       0x00000045       0x46 c:/nxp/mcuxpressoide_11.8.0_1165/ide/plugins/com.nxp.mcuxpresso.tools.win32_11.8.0.202306131047/tools/bin/../lib/gcc/arm-none-eabi/12.2.1/../../../../arm-none-eabi/lib/thumb/v6-m/nofp\libcr_nohost.a(__sys_flen.o)
 .comment       0x00000045       0x46 c:/nxp/mcuxpressoide_11.8.0_1165/ide/plugins/com.nxp.mcuxpresso.tools.win32_11.8.0.202306131047/tools/bin/../lib/gcc/arm-none-eabi/12.2.1/../../../../arm-none-eabi/lib/thumb/v6-m/nofp\libcr_nohost.a(__sys_istty.o)
 .comment       0x00000045       0x46 c:/nxp/mcuxpressoide_11.8.0_1165/ide/plugins/com.nxp.mcuxpresso.tools.win32_11.8.0.202306131047/tools/bin/../lib/gcc/arm-none-eabi/12.2.1/../../../../arm-none-eabi/lib/thumb/v6-m/nofp\libcr_nohost.a(__sys_remove.o)
 .comment       0x00000045       0x46 c:/nxp/mcuxpressoide_11.8.0_1165/ide/plugins/com.nxp.mcuxpresso.tools.win32_11.8.0.202306131047/tools/bin/../lib/gcc/arm-none-eabi/12.2.1/../../../../arm-none-eabi/lib/thumb/v6-m/nofp\libcr_nohost.a(__sys_seek.o)
 .comment       0x00000045       0x46 c:/nxp/mcuxpressoide_11.8.0_1165/ide/plugins/com.nxp.mcuxpresso.tools.win32_11.8.0.202306131047/tools/bin/../lib/gcc/arm-none-eabi/12.2.1/../../../../arm-none-eabi/lib/thumb/v6-m/nofp\libcr_nohost.a(__sys_tmpnam.o)

.ARM.attributes
                0x00000000       0x2a
 .ARM.attributes
                0x00000000       0x2c ./example/src/cr_startup_lpc11xx.o
 .ARM.attributes
                0x0000002c       0x2c ./example/src/lcd__api.o
 .ARM.attributes
                0x00000058       0x2c ./example/src/main.o
 .ARM.attributes
                0x00000084       0x2c ./example/src/sysinit.o
 .ARM.attributes
                0x000000b0       0x2c C:\Users\Checkout\Documents\FALL2023\CMPE240_CLASS\PRJ1\PRJ_1\nxp_lpcxpresso_11c24_board_lib\Debug\libnxp_lpcxpresso_11c24_board_lib.a(board.o)
 .ARM.attributes
                0x000000dc       0x2c C:\Users\Checkout\Documents\FALL2023\CMPE240_CLASS\PRJ1\PRJ_1\nxp_lpcxpresso_11c24_board_lib\Debug\libnxp_lpcxpresso_11c24_board_lib.a(board_sysinit.o)
 .ARM.attributes
                0x00000108       0x2c C:\Users\Checkout\Documents\FALL2023\CMPE240_CLASS\PRJ1\PRJ_1\lpc_chip_11cxx_lib\Debug\liblpc_chip_11cxx_lib.a(chip_11xx.o)
 .ARM.attributes
                0x00000134       0x2c C:\Users\Checkout\Documents\FALL2023\CMPE240_CLASS\PRJ1\PRJ_1\lpc_chip_11cxx_lib\Debug\liblpc_chip_11cxx_lib.a(clock_11xx.o)
 .ARM.attributes
                0x00000160       0x2c C:\Users\Checkout\Documents\FALL2023\CMPE240_CLASS\PRJ1\PRJ_1\lpc_chip_11cxx_lib\Debug\liblpc_chip_11cxx_lib.a(gpio_11xx_2.o)
 .ARM.attributes
                0x0000018c       0x2c C:\Users\Checkout\Documents\FALL2023\CMPE240_CLASS\PRJ1\PRJ_1\lpc_chip_11cxx_lib\Debug\liblpc_chip_11cxx_lib.a(ssp_11xx.o)
 .ARM.attributes
                0x000001b8       0x2c C:\Users\Checkout\Documents\FALL2023\CMPE240_CLASS\PRJ1\PRJ_1\lpc_chip_11cxx_lib\Debug\liblpc_chip_11cxx_lib.a(sysctl_11xx.o)
 .ARM.attributes
                0x000001e4       0x2c c:/nxp/mcuxpressoide_11.8.0_1165/ide/plugins/com.nxp.mcuxpresso.tools.win32_11.8.0.202306131047/tools/bin/../lib/gcc/arm-none-eabi/12.2.1/../../../../arm-none-eabi/lib/thumb/v6-m/nofp\libcr_nohost.a(_cr__main.o)
 .ARM.attributes
                0x00000210       0x2c c:/nxp/mcuxpressoide_11.8.0_1165/ide/plugins/com.nxp.mcuxpresso.tools.win32_11.8.0.202306131047/tools/bin/../lib/gcc/arm-none-eabi/12.2.1/../../../../arm-none-eabi/lib/thumb/v6-m/nofp\libcr_c.a(initio.o)
 .ARM.attributes
                0x0000023c       0x2c c:/nxp/mcuxpressoide_11.8.0_1165/ide/plugins/com.nxp.mcuxpresso.tools.win32_11.8.0.202306131047/tools/bin/../lib/gcc/arm-none-eabi/12.2.1/../../../../arm-none-eabi/lib/thumb/v6-m/nofp\libcr_c.a(setvbuf.o)
 .ARM.attributes
                0x00000268       0x2c c:/nxp/mcuxpressoide_11.8.0_1165/ide/plugins/com.nxp.mcuxpresso.tools.win32_11.8.0.202306131047/tools/bin/../lib/gcc/arm-none-eabi/12.2.1/../../../../arm-none-eabi/lib/thumb/v6-m/nofp\libcr_c.a(_fdopen.o)
 .ARM.attributes
                0x00000294       0x2c c:/nxp/mcuxpressoide_11.8.0_1165/ide/plugins/com.nxp.mcuxpresso.tools.win32_11.8.0.202306131047/tools/bin/../lib/gcc/arm-none-eabi/12.2.1/../../../../arm-none-eabi/lib/thumb/v6-m/nofp\libcr_c.a(fclose.o)
 .ARM.attributes
                0x000002c0       0x2c c:/nxp/mcuxpressoide_11.8.0_1165/ide/plugins/com.nxp.mcuxpresso.tools.win32_11.8.0.202306131047/tools/bin/../lib/gcc/arm-none-eabi/12.2.1/../../../../arm-none-eabi/lib/thumb/v6-m/nofp\libcr_c.a(fflush.o)
 .ARM.attributes
                0x000002ec       0x2c c:/nxp/mcuxpressoide_11.8.0_1165/ide/plugins/com.nxp.mcuxpresso.tools.win32_11.8.0.202306131047/tools/bin/../lib/gcc/arm-none-eabi/12.2.1/../../../../arm-none-eabi/lib/thumb/v6-m/nofp\libcr_c.a(fseek.o)
 .ARM.attributes
                0x00000318       0x2c c:/nxp/mcuxpressoide_11.8.0_1165/ide/plugins/com.nxp.mcuxpresso.tools.win32_11.8.0.202306131047/tools/bin/../lib/gcc/arm-none-eabi/12.2.1/../../../../arm-none-eabi/lib/thumb/v6-m/nofp\libcr_c.a(ftell.o)
 .ARM.attributes
                0x00000344       0x2c c:/nxp/mcuxpressoide_11.8.0_1165/ide/plugins/com.nxp.mcuxpresso.tools.win32_11.8.0.202306131047/tools/bin/../lib/gcc/arm-none-eabi/12.2.1/../../../../arm-none-eabi/lib/thumb/v6-m/nofp\libcr_c.a(remove.o)
 .ARM.attributes
                0x00000370       0x2c c:/nxp/mcuxpressoide_11.8.0_1165/ide/plugins/com.nxp.mcuxpresso.tools.win32_11.8.0.202306131047/tools/bin/../lib/gcc/arm-none-eabi/12.2.1/../../../../arm-none-eabi/lib/thumb/v6-m/nofp\libcr_c.a(strlen.o)
 .ARM.attributes
                0x0000039c       0x2c c:/nxp/mcuxpressoide_11.8.0_1165/ide/plugins/com.nxp.mcuxpresso.tools.win32_11.8.0.202306131047/tools/bin/../lib/gcc/arm-none-eabi/12.2.1/../../../../arm-none-eabi/lib/thumb/v6-m/nofp\libcr_c.a(memset.o)
 .ARM.attributes
                0x000003c8       0x2c c:/nxp/mcuxpressoide_11.8.0_1165/ide/plugins/com.nxp.mcuxpresso.tools.win32_11.8.0.202306131047/tools/bin/../lib/gcc/arm-none-eabi/12.2.1/../../../../arm-none-eabi/lib/thumb/v6-m/nofp\libcr_c.a(_do_fflush.o)
 .ARM.attributes
                0x000003f4       0x2c c:/nxp/mcuxpressoide_11.8.0_1165/ide/plugins/com.nxp.mcuxpresso.tools.win32_11.8.0.202306131047/tools/bin/../lib/gcc/arm-none-eabi/12.2.1/../../../../arm-none-eabi/lib/thumb/v6-m/nofp\libcr_c.a(_fflush.o)
 .ARM.attributes
                0x00000420       0x2c c:/nxp/mcuxpressoide_11.8.0_1165/ide/plugins/com.nxp.mcuxpresso.tools.win32_11.8.0.202306131047/tools/bin/../lib/gcc/arm-none-eabi/12.2.1/../../../../arm-none-eabi/lib/thumb/v6-m/nofp\libcr_c.a(_writebuf.o)
 .ARM.attributes
                0x0000044c       0x2c c:/nxp/mcuxpressoide_11.8.0_1165/ide/plugins/com.nxp.mcuxpresso.tools.win32_11.8.0.202306131047/tools/bin/../lib/gcc/arm-none-eabi/12.2.1/../../../../arm-none-eabi/lib/thumb/v6-m/nofp\libcr_c.a(alloc.o)
 .ARM.attributes
                0x00000478       0x2c c:/nxp/mcuxpressoide_11.8.0_1165/ide/plugins/com.nxp.mcuxpresso.tools.win32_11.8.0.202306131047/tools/bin/../lib/gcc/arm-none-eabi/12.2.1/../../../../arm-none-eabi/lib/thumb/v6-m/nofp\libcr_c.a(errno.o)
 .ARM.attributes
                0x000004a4       0x2c c:/nxp/mcuxpressoide_11.8.0_1165/ide/plugins/com.nxp.mcuxpresso.tools.win32_11.8.0.202306131047/tools/bin/../lib/gcc/arm-none-eabi/12.2.1/../../../../arm-none-eabi/lib/thumb/v6-m/nofp\libcr_c.a(_deferredlazyseek.o)
 .ARM.attributes
                0x000004d0       0x1c c:/nxp/mcuxpressoide_11.8.0_1165/ide/plugins/com.nxp.mcuxpresso.tools.win32_11.8.0.202306131047/tools/bin/../lib/gcc/arm-none-eabi/12.2.1/thumb/v6-m/nofp\libcr_eabihelpers.a(division_32.o)
 .ARM.attributes
                0x000004ec       0x1c c:/nxp/mcuxpressoide_11.8.0_1165/ide/plugins/com.nxp.mcuxpresso.tools.win32_11.8.0.202306131047/tools/bin/../lib/gcc/arm-none-eabi/12.2.1/thumb/v6-m/nofp\libcr_eabihelpers.a(division_idiv0.o)
 .ARM.attributes
                0x00000508       0x1c c:/nxp/mcuxpressoide_11.8.0_1165/ide/plugins/com.nxp.mcuxpresso.tools.win32_11.8.0.202306131047/tools/bin/../lib/gcc/arm-none-eabi/12.2.1/thumb/v6-m/nofp\libcr_eabihelpers.a(memcpy.o)
 .ARM.attributes
                0x00000524       0x2c c:/nxp/mcuxpressoide_11.8.0_1165/ide/plugins/com.nxp.mcuxpresso.tools.win32_11.8.0.202306131047/tools/bin/../lib/gcc/arm-none-eabi/12.2.1/../../../../arm-none-eabi/lib/thumb/v6-m/nofp\libcr_nohost.a(__ciob.o)
 .ARM.attributes
                0x00000550       0x2c c:/nxp/mcuxpressoide_11.8.0_1165/ide/plugins/com.nxp.mcuxpresso.tools.win32_11.8.0.202306131047/tools/bin/../lib/gcc/arm-none-eabi/12.2.1/../../../../arm-none-eabi/lib/thumb/v6-m/nofp\libcr_nohost.a(__sys_close.o)
 .ARM.attributes
                0x0000057c       0x2c c:/nxp/mcuxpressoide_11.8.0_1165/ide/plugins/com.nxp.mcuxpresso.tools.win32_11.8.0.202306131047/tools/bin/../lib/gcc/arm-none-eabi/12.2.1/../../../../arm-none-eabi/lib/thumb/v6-m/nofp\libcr_nohost.a(__sys_flen.o)
 .ARM.attributes
                0x000005a8       0x2c c:/nxp/mcuxpressoide_11.8.0_1165/ide/plugins/com.nxp.mcuxpresso.tools.win32_11.8.0.202306131047/tools/bin/../lib/gcc/arm-none-eabi/12.2.1/../../../../arm-none-eabi/lib/thumb/v6-m/nofp\libcr_nohost.a(__sys_istty.o)
 .ARM.attributes
                0x000005d4       0x2c c:/nxp/mcuxpressoide_11.8.0_1165/ide/plugins/com.nxp.mcuxpresso.tools.win32_11.8.0.202306131047/tools/bin/../lib/gcc/arm-none-eabi/12.2.1/../../../../arm-none-eabi/lib/thumb/v6-m/nofp\libcr_nohost.a(__sys_remove.o)
 .ARM.attributes
                0x00000600       0x2c c:/nxp/mcuxpressoide_11.8.0_1165/ide/plugins/com.nxp.mcuxpresso.tools.win32_11.8.0.202306131047/tools/bin/../lib/gcc/arm-none-eabi/12.2.1/../../../../arm-none-eabi/lib/thumb/v6-m/nofp\libcr_nohost.a(__sys_seek.o)
 .ARM.attributes
                0x0000062c       0x2c c:/nxp/mcuxpressoide_11.8.0_1165/ide/plugins/com.nxp.mcuxpresso.tools.win32_11.8.0.202306131047/tools/bin/../lib/gcc/arm-none-eabi/12.2.1/../../../../arm-none-eabi/lib/thumb/v6-m/nofp\libcr_nohost.a(__sys_tmpnam.o)

.debug_frame    0x00000000     0x1124
 .debug_frame   0x00000000       0xbc ./example/src/cr_startup_lpc11xx.o
 .debug_frame   0x000000bc      0x2ec ./example/src/lcd__api.o
 .debug_frame   0x000003a8       0x2c ./example/src/main.o
 .debug_frame   0x000003d4       0x2c ./example/src/sysinit.o
 .debug_frame   0x00000400      0x260 C:\Users\Checkout\Documents\FALL2023\CMPE240_CLASS\PRJ1\PRJ_1\nxp_lpcxpresso_11c24_board_lib\Debug\libnxp_lpcxpresso_11c24_board_lib.a(board.o)
 .debug_frame   0x00000660      0x128 C:\Users\Checkout\Documents\FALL2023\CMPE240_CLASS\PRJ1\PRJ_1\nxp_lpcxpresso_11c24_board_lib\Debug\libnxp_lpcxpresso_11c24_board_lib.a(board_sysinit.o)
 .debug_frame   0x00000788       0x2c C:\Users\Checkout\Documents\FALL2023\CMPE240_CLASS\PRJ1\PRJ_1\lpc_chip_11cxx_lib\Debug\liblpc_chip_11cxx_lib.a(chip_11xx.o)
 .debug_frame   0x000007b4      0x1c0 C:\Users\Checkout\Documents\FALL2023\CMPE240_CLASS\PRJ1\PRJ_1\lpc_chip_11cxx_lib\Debug\liblpc_chip_11cxx_lib.a(clock_11xx.o)
 .debug_frame   0x00000974      0x270 C:\Users\Checkout\Documents\FALL2023\CMPE240_CLASS\PRJ1\PRJ_1\lpc_chip_11cxx_lib\Debug\liblpc_chip_11cxx_lib.a(gpio_11xx_2.o)
 .debug_frame   0x00000be4      0x4b0 C:\Users\Checkout\Documents\FALL2023\CMPE240_CLASS\PRJ1\PRJ_1\lpc_chip_11cxx_lib\Debug\liblpc_chip_11cxx_lib.a(ssp_11xx.o)
 .debug_frame   0x00001094       0x90 C:\Users\Checkout\Documents\FALL2023\CMPE240_CLASS\PRJ1\PRJ_1\lpc_chip_11cxx_lib\Debug\liblpc_chip_11cxx_lib.a(sysctl_11xx.o)
