C:\Users\Checkout\Documents\FALL2023\CMPE240_CLASS\HW_CUBE\PRJ_1\lpc_chip_11cxx_lib\inc/fmc_11xx.h:85:20:Chip_FMC_SetFLASHAccess	24	static
C:\Users\Checkout\Documents\FALL2023\CMPE240_CLASS\HW_CUBE\PRJ_1\lpc_chip_11cxx_lib\inc/clock_11xx.h:54:20:Chip_Clock_SetupSystemPLL	16	static
C:\Users\Checkout\Documents\FALL2023\CMPE240_CLASS\HW_CUBE\PRJ_1\lpc_chip_11cxx_lib\inc/clock_11xx.h:63:20:Chip_Clock_IsSystemPLLLocked	8	static
C:\Users\Checkout\Documents\FALL2023\CMPE240_CLASS\HW_CUBE\PRJ_1\lpc_chip_11cxx_lib\inc/clock_11xx.h:220:20:Chip_Clock_SetSysClockDiv	16	static
C:\Users\Checkout\Documents\FALL2023\CMPE240_CLASS\HW_CUBE\PRJ_1\lpc_chip_11cxx_lib\inc/clock_11xx.h:295:20:Chip_Clock_EnablePeriphClock	16	static
C:\Users\Checkout\Documents\FALL2023\CMPE240_CLASS\HW_CUBE\PRJ_1\lpc_chip_11cxx_lib\inc/iocon_11xx.h:249:20:Chip_IOCON_PinMuxSet	24	static
../src/board_sysinit.c:73:13:SystemSetupClocking	16	static
../src/board_sysinit.c:114:13:SystemSetupMuxing	16	static
../src/board_sysinit.c:132:6:Board_SystemInit	8	static
