C:\Users\Checkout\Documents\FALL2023\CMPE240_CLASS\HW_CUBE\PRJ_1\lpc_chip_11cxx_lib\inc/iocon_11xx.h:249:20:Chip_IOCON_PinMuxSet	24	static
C:\Users\Checkout\Documents\FALL2023\CMPE240_CLASS\HW_CUBE\PRJ_1\lpc_chip_11cxx_lib\inc/iocon_11xx.h:273:20:Chip_IOCON_PinLocSel	16	static
C:\Users\Checkout\Documents\FALL2023\CMPE240_CLASS\HW_CUBE\PRJ_1\lpc_chip_11cxx_lib\inc/ssp_11xx.h:232:20:Chip_SSP_Enable	16	static
C:\Users\Checkout\Documents\FALL2023\CMPE240_CLASS\HW_CUBE\PRJ_1\lpc_chip_11cxx_lib\inc/ssp_11xx.h:406:20:Chip_SSP_SetFormat	24	static
C:\Users\Checkout\Documents\FALL2023\CMPE240_CLASS\HW_CUBE\PRJ_1\lpc_chip_11cxx_lib\inc/gpio_11xx_2.h:102:20:Chip_GPIO_SetPinState	24	static
C:\Users\Checkout\Documents\FALL2023\CMPE240_CLASS\HW_CUBE\PRJ_1\lpc_chip_11cxx_lib\inc/gpio_11xx_2.h:153:20:Chip_GPIO_SetPinDIROutput	16	static
../example/src/forest_lcd__api.c:73:13:Init_SSP_PinMux	8	static
../example/src/forest_lcd__api.c:98:13:Buffer_Init	16	static
../example/src/forest_lcd__api.c:135:16:Buffer_Verify	24	static
../example/src/forest_lcd__api.c:163:13:sspSend	16	static
../example/src/forest_lcd__api.c:211:13:spiwrite_single_transfer	16	static
../example/src/forest_lcd__api.c:217:13:writecommand	16	static
../example/src/forest_lcd__api.c:225:13:writedata	16	static
../example/src/forest_lcd__api.c:233:13:writecoord	16	static
../example/src/forest_lcd__api.c:244:13:writecolor	24	static
../example/src/forest_lcd__api.c:263:13:setAddrWindow	24	static
../example/src/forest_lcd__api.c:281:6:fillrect	32	static
../example/src/forest_lcd__api.c:297:6:lcddelay	24	static
../example/src/forest_lcd__api.c:305:6:lcd_init	8	static
../example/src/forest_lcd__api.c:333:6:board_init	8	static
../example/src/forest_lcd__api.c:339:6:ssp0_init	8	static
../example/src/forest_lcd__api.c:353:6:drawPixel	16	static
../example/src/forest_lcd__api.c:365:6:drawLine	40	static
