Archive member included to satisfy reference by file (symbol)

C:\Users\Checkout\Documents\FALL2023\CMPE240_CLASS\HW_CUBE\PRJ_1\nxp_lpcxpresso_11c24_board_lib\Debug\libnxp_lpcxpresso_11c24_board_lib.a(board.o)
                              ./example/src/forest_lcd__api.o (Board_Init)
C:\Users\Checkout\Documents\FALL2023\CMPE240_CLASS\HW_CUBE\PRJ_1\nxp_lpcxpresso_11c24_board_lib\Debug\libnxp_lpcxpresso_11c24_board_lib.a(board_sysinit.o)
                              ./example/src/sysinit.o (Board_SystemInit)
C:\Users\Checkout\Documents\FALL2023\CMPE240_CLASS\HW_CUBE\PRJ_1\lpc_chip_11cxx_lib\Debug\liblpc_chip_11cxx_lib.a(chip_11xx.o)
                              ./example/src/forest_lcd__api.o (SystemCoreClockUpdate)
C:\Users\Checkout\Documents\FALL2023\CMPE240_CLASS\HW_CUBE\PRJ_1\lpc_chip_11cxx_lib\Debug\liblpc_chip_11cxx_lib.a(clock_11xx.o)
                              C:\Users\Checkout\Documents\FALL2023\CMPE240_CLASS\HW_CUBE\PRJ_1\nxp_lpcxpresso_11c24_board_lib\Debug\libnxp_lpcxpresso_11c24_board_lib.a(board_sysinit.o) (Chip_Clock_SetSystemPLLSource)
C:\Users\Checkout\Documents\FALL2023\CMPE240_CLASS\HW_CUBE\PRJ_1\lpc_chip_11cxx_lib\Debug\liblpc_chip_11cxx_lib.a(gpio_11xx_2.o)
                              C:\Users\Checkout\Documents\FALL2023\CMPE240_CLASS\HW_CUBE\PRJ_1\nxp_lpcxpresso_11c24_board_lib\Debug\libnxp_lpcxpresso_11c24_board_lib.a(board.o) (Chip_GPIO_Init)
C:\Users\Checkout\Documents\FALL2023\CMPE240_CLASS\HW_CUBE\PRJ_1\lpc_chip_11cxx_lib\Debug\liblpc_chip_11cxx_lib.a(ssp_11xx.o)
                              ./example/src/forest_lcd__api.o (Chip_SSP_RWFrames_Blocking)
C:\Users\Checkout\Documents\FALL2023\CMPE240_CLASS\HW_CUBE\PRJ_1\lpc_chip_11cxx_lib\Debug\liblpc_chip_11cxx_lib.a(sysctl_11xx.o)
                              C:\Users\Checkout\Documents\FALL2023\CMPE240_CLASS\HW_CUBE\PRJ_1\nxp_lpcxpresso_11c24_board_lib\Debug\libnxp_lpcxpresso_11c24_board_lib.a(board_sysinit.o) (Chip_SYSCTL_PowerDown)
C:\Users\Checkout\Documents\FALL2023\CMPE240_CLASS\HW_CUBE\PRJ_1\lpc_chip_11cxx_lib\Debug\liblpc_chip_11cxx_lib.a(uart_11xx.o)
                              C:\Users\Checkout\Documents\FALL2023\CMPE240_CLASS\HW_CUBE\PRJ_1\nxp_lpcxpresso_11c24_board_lib\Debug\libnxp_lpcxpresso_11c24_board_lib.a(board.o) (Chip_UART_Init)
C:\Users\Checkout\Documents\FALL2023\CMPE240_CLASS\HW_CUBE\PRJ_1\lpc_chip_11cxx_lib\Debug\liblpc_chip_11cxx_lib.a(ring_buffer.o)
                              C:\Users\Checkout\Documents\FALL2023\CMPE240_CLASS\HW_CUBE\PRJ_1\lpc_chip_11cxx_lib\Debug\liblpc_chip_11cxx_lib.a(uart_11xx.o) (RingBuffer_Insert)
c:/nxp/mcuxpressoide_11.8.0_1165/ide/plugins/com.nxp.mcuxpresso.tools.win32_11.8.0.202306131047/tools/bin/../lib/gcc/arm-none-eabi/12.2.1/../../../../arm-none-eabi/lib/thumb/v6-m/nofp\libcr_nohost.a(_cr__main.o)
                              ./example/src/cr_startup_lpc11xx.o (__main)
c:/nxp/mcuxpressoide_11.8.0_1165/ide/plugins/com.nxp.mcuxpresso.tools.win32_11.8.0.202306131047/tools/bin/../lib/gcc/arm-none-eabi/12.2.1/../../../../arm-none-eabi/lib/thumb/v6-m/nofp\libcr_c.a(memcpy.o)
                              ./example/src/squares.o (memcpy)
c:/nxp/mcuxpressoide_11.8.0_1165/ide/plugins/com.nxp.mcuxpresso.tools.win32_11.8.0.202306131047/tools/bin/../lib/gcc/arm-none-eabi/12.2.1/../../../../arm-none-eabi/lib/thumb/v6-m/nofp\libcr_c.a(memset.o)
                              ./example/src/squares.o (memset)
c:/nxp/mcuxpressoide_11.8.0_1165/ide/plugins/com.nxp.mcuxpresso.tools.win32_11.8.0.202306131047/tools/bin/../lib/gcc/arm-none-eabi/12.2.1/../../../../arm-none-eabi/lib/thumb/v6-m/nofp\libcr_c.a(alloc.o)
                              ./example/src/forest.o (malloc)
c:/nxp/mcuxpressoide_11.8.0_1165/ide/plugins/com.nxp.mcuxpresso.tools.win32_11.8.0.202306131047/tools/bin/../lib/gcc/arm-none-eabi/12.2.1/../../../../arm-none-eabi/lib/thumb/v6-m/nofp\libcr_c.a(cos.o)
                              ./example/src/forest.o (cos)
c:/nxp/mcuxpressoide_11.8.0_1165/ide/plugins/com.nxp.mcuxpresso.tools.win32_11.8.0.202306131047/tools/bin/../lib/gcc/arm-none-eabi/12.2.1/../../../../arm-none-eabi/lib/thumb/v6-m/nofp\libcr_c.a(fpprintf.o)
                              ./example/src/forest.o (printf)
c:/nxp/mcuxpressoide_11.8.0_1165/ide/plugins/com.nxp.mcuxpresso.tools.win32_11.8.0.202306131047/tools/bin/../lib/gcc/arm-none-eabi/12.2.1/../../../../arm-none-eabi/lib/thumb/v6-m/nofp\libcr_c.a(initio.o)
                              c:/nxp/mcuxpressoide_11.8.0_1165/ide/plugins/com.nxp.mcuxpresso.tools.win32_11.8.0.202306131047/tools/bin/../lib/gcc/arm-none-eabi/12.2.1/../../../../arm-none-eabi/lib/thumb/v6-m/nofp\libcr_nohost.a(_cr__main.o) (_initio)
c:/nxp/mcuxpressoide_11.8.0_1165/ide/plugins/com.nxp.mcuxpresso.tools.win32_11.8.0.202306131047/tools/bin/../lib/gcc/arm-none-eabi/12.2.1/../../../../arm-none-eabi/lib/thumb/v6-m/nofp\libcr_c.a(printf.o)
[...]
Memory Configuration

Name             Origin             Length             Attributes
MFlash32         0x00000000         0x00008000         xr
RamLoc8          0x10000000         0x00002000         xrw
*default*        0x00000000         0xffffffff

Linker script and memory map

LOAD ./example/src/cr_startup_lpc11xx.o
LOAD ./example/src/forest.o
LOAD ./example/src/forest_lcd__api.o
LOAD ./example/src/main.o
LOAD ./example/src/squares.o
LOAD ./example/src/sysinit.o
LOAD C:\Users\Checkout\Documents\FALL2023\CMPE240_CLASS\HW_CUBE\PRJ_1\nxp_lpcxpresso_11c24_board_lib\Debug\libnxp_lpcxpresso_11c24_board_lib.a
LOAD C:\Users\Checkout\Documents\FALL2023\CMPE240_CLASS\HW_CUBE\PRJ_1\lpc_chip_11cxx_lib\Debug\liblpc_chip_11cxx_lib.a
START GROUP
LOAD c:/nxp/mcuxpressoide_11.8.0_1165/ide/plugins/com.nxp.mcuxpresso.tools.win32_11.8.0.202306131047/tools/bin/../lib/gcc/arm-none-eabi/12.2.1/../../../../arm-none-eabi/lib/thumb/v6-m/nofp\libcr_nohost.a
LOAD c:/nxp/mcuxpressoide_11.8.0_1165/ide/plugins/com.nxp.mcuxpresso.tools.win32_11.8.0.202306131047/tools/bin/../lib/gcc/arm-none-eabi/12.2.1/../../../../arm-none-eabi/lib/thumb/v6-m/nofp\libcr_c.a
LOAD c:/nxp/mcuxpressoide_11.8.0_1165/ide/plugins/com.nxp.mcuxpresso.tools.win32_11.8.0.202306131047/tools/bin/../lib/gcc/arm-none-eabi/12.2.1/thumb/v6-m/nofp\libcr_eabihelpers.a
LOAD c:/nxp/mcuxpressoide_11.8.0_1165/ide/plugins/com.nxp.mcuxpresso.tools.win32_11.8.0.202306131047/tools/bin/../lib/gcc/arm-none-eabi/12.2.1/thumb/v6-m/nofp\libgcc.a
END GROUP
                0x00000000                __base_MFlash32 = 0x0
                0x00000000                __base_Flash = 0x0
                0x00008000                __top_MFlash32 = 0x8000
                0x00008000                __top_Flash = 0x8000
                0x10000000                __base_RamLoc8 = 0x10000000
                0x10000000                __base_RAM = 0x10000000
                0x10002000                __top_RamLoc8 = 0x10002000
                0x10002000                __top_RAM = 0x10002000

.text           0x00000000     0x4bdc
 FILL mask 0xff
                0x00000000                __vectors_start__ = ABSOLUTE (.)
 *(.isr_vector)
 .isr_vector    0x00000000       0xc0 ./example/src/cr_startup_lpc11xx.o
                0x00000000                g_pfnVectors
                0x000000c0                . = ALIGN (0x4)
                0x000000c0                __section_table_start = .
                0x000000c0                __data_section_table = .
                0x000000c0        0x4 LONG 0x4bdc LOADADDR (.data)
                0x000000c4        0x4 LONG 0x10000000 ADDR (.data)
                0x000000c8        0x4 LONG 0xec SIZEOF (.data)
                0x000000cc                __data_section_table_end = .
                0x000000cc                __bss_section_table = .
                0x000000cc        0x4 LONG 0x100000ec ADDR (.bss)
                0x000000d0        0x4 LONG 0x210 SIZEOF (.bss)
                0x000000d4                __bss_section_table_end = .
                0x000000d4                __section_table_end = .
 *(.after_vectors*)
 .after_vectors
                0x000000d4       0x78 ./example/src/cr_startup_lpc11xx.o
                0x000000d4                NMI_Handler
                0x000000d6                HardFault_Handler
                0x000000d8                SVC_Handler
                0x000000da                PendSV_Handler
                0x000000dc                SysTick_Handler
                0x000000de                TIMER32_0_IRQHandler
                0x000000de                UART_IRQHandler
                0x000000de                TIMER16_0_IRQHandler
                0x000000de                TIMER32_1_IRQHandler
                0x000000de                IntDefaultHandler
                0x000000de                PIOINT1_IRQHandler
                0x000000de                CAN_IRQHandler
                0x000000de                SSP0_IRQHandler
                0x000000de                PIOINT3_IRQHandler
                0x000000de                TIMER16_1_IRQHandler
                0x000000de                ADC_IRQHandler
                0x000000de                SSP1_IRQHandler
                0x000000de                PIOINT2_IRQHandler
                0x000000de                BOD_IRQHandler
                0x000000de                WAKEUP_IRQHandler
                0x000000de                PIOINT0_IRQHandler
                0x000000de                I2C_IRQHandler
                0x000000de                WDT_IRQHandler
                0x000000e0                data_init
                0x000000f6                bss_init
                0x0000010a                ResetISR
 *(.text*)
 .text.forest   0x0000014c       0xfc ./example/src/forest.o
                0x0000014c                forest
 .text.createTrees
                0x00000248      0x13c ./example/src/forest.o
                0x00000248                createTrees
 .text.getx_irt
                0x00000384      0x176 ./example/src/forest.o
                0x00000384                getx_irt
 .text.createTree
                0x000004fa       0x72 ./example/src/forest.o
                0x000004fa                createTree
 .text.createCentreBranch
                0x0000056c       0xec ./example/src/forest.o
                0x0000056c                createCentreBranch
 .text.createLeftBranch
                0x00000658       0xa4 ./example/src/forest.o
                0x00000658                createLeftBranch
 .text.createRightBranch
                0x000006fc       0xa4 ./example/src/forest.o
                0x000006fc                createRightBranch
 .text.freeTree
                0x000007a0       0x3e ./example/src/forest.o
                0x000007a0                freeTree
 .text.Chip_IOCON_PinMuxSet
                0x000007de       0x26 ./example/src/forest_lcd__api.o
 .text.Chip_IOCON_PinLocSel
                0x00000804       0x30 ./example/src/forest_lcd__api.o
 .text.Chip_SSP_Enable
                0x00000834       0x1c ./example/src/forest_lcd__api.o
 .text.Chip_SSP_SetFormat
                0x00000850       0x30 ./example/src/forest_lcd__api.o
 .text.Chip_GPIO_SetPinState
                0x00000880       0x4e ./example/src/forest_lcd__api.o
 .text.Chip_GPIO_SetPinDIROutput
                0x000008ce       0x4c ./example/src/forest_lcd__api.o
 *fill*         0x0000091a        0x2 ff
 .text.Init_SSP_PinMux
                0x0000091c       0x48 ./example/src/forest_lcd__api.o
 .text.Buffer_Init
                0x00000964       0x54 ./example/src/forest_lcd__api.o
 .text.sspSend  0x000009b8       0x50 ./example/src/forest_lcd__api.o
 .text.spiwrite_single_transfer
                0x00000a08       0x2c ./example/src/forest_lcd__api.o
 .text.writecommand
                0x00000a34       0x2c ./example/src/forest_lcd__api.o
 .text.writedata
                0x00000a60       0x2c ./example/src/forest_lcd__api.o
 .text.writecoord
                0x00000a8c       0x48 ./example/src/forest_lcd__api.o
 .text.writecolor
                0x00000ad4       0x68 ./example/src/forest_lcd__api.o
 .text.setAddrWindow
                0x00000b3c       0x62 ./example/src/forest_lcd__api.o
 .text.fillrect
                0x00000b9e       0x8e ./example/src/forest_lcd__api.o
                0x00000b9e                fillrect
 .text.lcddelay
                0x00000c2c       0x30 ./example/src/forest_lcd__api.o
                0x00000c2c                lcddelay
 .text.lcd_init
                0x00000c5c       0x7e ./example/src/forest_lcd__api.o
                0x00000c5c                lcd_init
 .text.board_init
                0x00000cda       0x12 ./example/src/forest_lcd__api.o
                0x00000cda                board_init
 .text.ssp0_init
                0x00000cec       0x58 ./example/src/forest_lcd__api.o
                0x00000cec                ssp0_init
 .text.drawPixel
                0x00000d44       0x84 ./example/src/forest_lcd__api.o
                0x00000d44                drawPixel
 .text.drawLine
                0x00000dc8      0x27c ./example/src/forest_lcd__api.o
                0x00000dc8                drawLine
 .text.main     0x00001044       0x1e ./example/src/main.o
                0x00001044                main
 .text.SystemInit
                0x00001062        0xe ./example/src/sysinit.o
                0x00001062                SystemInit
 .text.Chip_GPIO_SetPinDIROutput
                0x00001070       0x4c C:\Users\Checkout\Documents\FALL2023\CMPE240_CLASS\HW_CUBE\PRJ_1\nxp_lpcxpresso_11c24_board_lib\Debug\libnxp_lpcxpresso_11c24_board_lib.a(board.o)
 .text.__sys_write
                0x000010bc       0x16 C:\Users\Checkout\Documents\FALL2023\CMPE240_CLASS\HW_CUBE\PRJ_1\nxp_lpcxpresso_11c24_board_lib\Debug\libnxp_lpcxpresso_11c24_board_lib.a(board.o)
                0x000010bc                __sys_write
 .text.Board_LED_Init
                0x000010d2       0x18 C:\Users\Checkout\Documents\FALL2023\CMPE240_CLASS\HW_CUBE\PRJ_1\nxp_lpcxpresso_11c24_board_lib\Debug\libnxp_lpcxpresso_11c24_board_lib.a(board.o)
 .text.Board_Init
                0x000010ea       0x18 C:\Users\Checkout\Documents\FALL2023\CMPE240_CLASS\HW_CUBE\PRJ_1\nxp_lpcxpresso_11c24_board_lib\Debug\libnxp_lpcxpresso_11c24_board_lib.a(board.o)
                0x000010ea                Board_Init
 *fill*         0x00001102        0x2 ff
 .text.Chip_FMC_SetFLASHAccess
                0x00001104       0x30 C:\Users\Checkout\Documents\FALL2023\CMPE240_CLASS\HW_CUBE\PRJ_1\nxp_lpcxpresso_11c24_board_lib\Debug\libnxp_lpcxpresso_11c24_board_lib.a(board_sysinit.o)
 .text.Chip_Clock_SetupSystemPLL
                0x00001134       0x38 C:\Users\Checkout\Documents\FALL2023\CMPE240_CLASS\HW_CUBE\PRJ_1\nxp_lpcxpresso_11c24_board_lib\Debug\libnxp_lpcxpresso_11c24_board_lib.a(board_sysinit.o)
 .text.Chip_Clock_IsSystemPLLLocked
                0x0000116c       0x1c C:\Users\Checkout\Documents\FALL2023\CMPE240_CLASS\HW_CUBE\PRJ_1\nxp_lpcxpresso_11c24_board_lib\Debug\libnxp_lpcxpresso_11c24_board_lib.a(board_sysinit.o)
 .text.Chip_Clock_SetSysClockDiv
                0x00001188       0x1c C:\Users\Checkout\Documents\FALL2023\CMPE240_CLASS\HW_CUBE\PRJ_1\nxp_lpcxpresso_11c24_board_lib\Debug\libnxp_lpcxpresso_11c24_board_lib.a(board_sysinit.o)
 .text.Chip_Clock_EnablePeriphClock
                0x000011a4       0x30 C:\Users\Checkout\Documents\FALL2023\CMPE240_CLASS\HW_CUBE\PRJ_1\nxp_lpcxpresso_11c24_board_lib\Debug\libnxp_lpcxpresso_11c24_board_lib.a(board_sysinit.o)
 .text.Chip_IOCON_PinMuxSet
                0x000011d4       0x26 C:\Users\Checkout\Documents\FALL2023\CMPE240_CLASS\HW_CUBE\PRJ_1\nxp_lpcxpresso_11c24_board_lib\Debug\libnxp_lpcxpresso_11c24_board_lib.a(board_sysinit.o)
 .text.SystemSetupClocking
                0x000011fa       0x66 C:\Users\Checkout\Documents\FALL2023\CMPE240_CLASS\HW_CUBE\PRJ_1\nxp_lpcxpresso_11c24_board_lib\Debug\libnxp_lpcxpresso_11c24_board_lib.a(board_sysinit.o)
 .text.SystemSetupMuxing
                0x00001260       0x4c C:\Users\Checkout\Documents\FALL2023\CMPE240_CLASS\HW_CUBE\PRJ_1\nxp_lpcxpresso_11c24_board_lib\Debug\libnxp_lpcxpresso_11c24_board_lib.a(board_sysinit.o)
 .text.Board_SystemInit
                0x000012ac       0x12 C:\Users\Checkout\Documents\FALL2023\CMPE240_CLASS\HW_CUBE\PRJ_1\nxp_lpcxpresso_11c24_board_lib\Debug\libnxp_lpcxpresso_11c24_board_lib.a(board_sysinit.o)
                0x000012ac                Board_SystemInit
 *fill*         0x000012be        0x2 ff
 .text.SystemCoreClockUpdate
                0x000012c0       0x18 C:\Users\Checkout\Documents\FALL2023\CMPE240_CLASS\HW_CUBE\PRJ_1\lpc_chip_11cxx_lib\Debug\liblpc_chip_11cxx_lib.a(chip_11xx.o)
                0x000012c0                SystemCoreClockUpdate
 .text.Chip_Clock_GetMainOscRate
                0x000012d8       0x14 C:\Users\Checkout\Documents\FALL2023\CMPE240_CLASS\HW_CUBE\PRJ_1\lpc_chip_11cxx_lib\Debug\liblpc_chip_11cxx_lib.a(clock_11xx.o)
 .text.Chip_Clock_GetIntOscRate
                0x000012ec       0x10 C:\Users\Checkout\Documents\FALL2023\CMPE240_CLASS\HW_CUBE\PRJ_1\lpc_chip_11cxx_lib\Debug\liblpc_chip_11cxx_lib.a(clock_11xx.o)
 .text.Chip_Clock_GetWDTLFORate
                0x000012fc       0x48 C:\Users\Checkout\Documents\FALL2023\CMPE240_CLASS\HW_CUBE\PRJ_1\lpc_chip_11cxx_lib\Debug\liblpc_chip_11cxx_lib.a(clock_11xx.o)
 .text.Chip_Clock_GetPLLFreq
                0x00001344       0x22 C:\Users\Checkout\Documents\FALL2023\CMPE240_CLASS\HW_CUBE\PRJ_1\lpc_chip_11cxx_lib\Debug\liblpc_chip_11cxx_lib.a(clock_11xx.o)
 *fill*         0x00001366        0x2 ff
 .text.Chip_Clock_SetSystemPLLSource
                0x00001368       0x2c C:\Users\Checkout\Documents\FALL2023\CMPE240_CLASS\HW_CUBE\PRJ_1\lpc_chip_11cxx_lib\Debug\liblpc_chip_11cxx_lib.a(clock_11xx.o)
                0x00001368                Chip_Clock_SetSystemPLLSource
 .text.Chip_Clock_SetMainClockSource
                0x00001394       0x2c C:\Users\Checkout\Documents\FALL2023\CMPE240_CLASS\HW_CUBE\PRJ_1\lpc_chip_11cxx_lib\Debug\liblpc_chip_11cxx_lib.a(clock_11xx.o)
                0x00001394                Chip_Clock_SetMainClockSource
 .text.Chip_Clock_GetWDTOSCRate
                0x000013c0       0x1c C:\Users\Checkout\Documents\FALL2023\CMPE240_CLASS\HW_CUBE\PRJ_1\lpc_chip_11cxx_lib\Debug\liblpc_chip_11cxx_lib.a(clock_11xx.o)
                0x000013c0                Chip_Clock_GetWDTOSCRate
 .text.Chip_Clock_GetSystemPLLInClockRate
                0x000013dc       0x40 C:\Users\Checkout\Documents\FALL2023\CMPE240_CLASS\HW_CUBE\PRJ_1\lpc_chip_11cxx_lib\Debug\liblpc_chip_11cxx_lib.a(clock_11xx.o)
                0x000013dc                Chip_Clock_GetSystemPLLInClockRate
 .text.Chip_Clock_GetSystemPLLOutClockRate
                0x0000141c       0x24 C:\Users\Checkout\Documents\FALL2023\CMPE240_CLASS\HW_CUBE\PRJ_1\lpc_chip_11cxx_lib\Debug\liblpc_chip_11cxx_lib.a(clock_11xx.o)
                0x0000141c                Chip_Clock_GetSystemPLLOutClockRate
 .text.Chip_Clock_GetMainClockRate
                0x00001440       0x64 C:\Users\Checkout\Documents\FALL2023\CMPE240_CLASS\HW_CUBE\PRJ_1\lpc_chip_11cxx_lib\Debug\liblpc_chip_11cxx_lib.a(clock_11xx.o)
                0x00001440                Chip_Clock_GetMainClockRate
 .text.Chip_Clock_GetSystemClockRate
                0x000014a4       0x24 C:\Users\Checkout\Documents\FALL2023\CMPE240_CLASS\HW_CUBE\PRJ_1\lpc_chip_11cxx_lib\Debug\liblpc_chip_11cxx_lib.a(clock_11xx.o)
                0x000014a4                Chip_Clock_GetSystemClockRate
 .text.Chip_Clock_EnablePeriphClock
                0x000014c8       0x30 C:\Users\Checkout\Documents\FALL2023\CMPE240_CLASS\HW_CUBE\PRJ_1\lpc_chip_11cxx_lib\Debug\liblpc_chip_11cxx_lib.a(gpio_11xx_2.o)
 .text.Chip_GPIO_Init
                0x000014f8       0x16 C:\Users\Checkout\Documents\FALL2023\CMPE240_CLASS\HW_CUBE\PRJ_1\lpc_chip_11cxx_lib\Debug\liblpc_chip_11cxx_lib.a(gpio_11xx_2.o)
                0x000014f8                Chip_GPIO_Init
 *fill*         0x0000150e        0x2 ff
 .text.Chip_SYSCTL_AssertPeriphReset
                0x00001510       0x30 C:\Users\Checkout\Documents\FALL2023\CMPE240_CLASS\HW_CUBE\PRJ_1\lpc_chip_11cxx_lib\Debug\liblpc_chip_11cxx_lib.a(ssp_11xx.o)
 .text.Chip_SYSCTL_DeassertPeriphReset
                0x00001540       0x30 C:\Users\Checkout\Documents\FALL2023\CMPE240_CLASS\HW_CUBE\PRJ_1\lpc_chip_11cxx_lib\Debug\liblpc_chip_11cxx_lib.a(ssp_11xx.o)
 .text.Chip_SYSCTL_PeriphReset
                0x00001570       0x28 C:\Users\Checkout\Documents\FALL2023\CMPE240_CLASS\HW_CUBE\PRJ_1\lpc_chip_11cxx_lib\Debug\liblpc_chip_11cxx_lib.a(ssp_11xx.o)
 .text.Chip_Clock_EnablePeriphClock
                0x00001598       0x30 C:\Users\Checkout\Documents\FALL2023\CMPE240_CLASS\HW_CUBE\PRJ_1\lpc_chip_11cxx_lib\Debug\liblpc_chip_11cxx_lib.a(ssp_11xx.o)
 .text.Chip_Clock_SetSSP0ClockDiv
                0x000015c8       0x1c C:\Users\Checkout\Documents\FALL2023\CMPE240_CLASS\HW_CUBE\PRJ_1\lpc_chip_11cxx_lib\Debug\liblpc_chip_11cxx_lib.a(ssp_11xx.o)
 .text.Chip_Clock_GetSSP0ClockDiv
                0x000015e4       0x14 C:\Users\Checkout\Documents\FALL2023\CMPE240_CLASS\HW_CUBE\PRJ_1\lpc_chip_11cxx_lib\Debug\liblpc_chip_11cxx_lib.a(ssp_11xx.o)
 .text.Chip_Clock_SetSSP1ClockDiv
                0x000015f8       0x1c C:\Users\Checkout\Documents\FALL2023\CMPE240_CLASS\HW_CUBE\PRJ_1\lpc_chip_11cxx_lib\Debug\liblpc_chip_11cxx_lib.a(ssp_11xx.o)
 .text.Chip_Clock_GetSSP1ClockDiv
                0x00001614       0x14 C:\Users\Checkout\Documents\FALL2023\CMPE240_CLASS\HW_CUBE\PRJ_1\lpc_chip_11cxx_lib\Debug\liblpc_chip_11cxx_lib.a(ssp_11xx.o)
 .text.Chip_SSP_GetStatus
                0x00001628       0x26 C:\Users\Checkout\Documents\FALL2023\CMPE240_CLASS\HW_CUBE\PRJ_1\lpc_chip_11cxx_lib\Debug\liblpc_chip_11cxx_lib.a(ssp_11xx.o)
 .text.Chip_SSP_GetRawIntStatus
                0x0000164e       0x26 C:\Users\Checkout\Documents\FALL2023\CMPE240_CLASS\HW_CUBE\PRJ_1\lpc_chip_11cxx_lib\Debug\liblpc_chip_11cxx_lib.a(ssp_11xx.o)
 .text.Chip_SSP_GetDataSize
                0x00001674       0x1c C:\Users\Checkout\Documents\FALL2023\CMPE240_CLASS\HW_CUBE\PRJ_1\lpc_chip_11cxx_lib\Debug\liblpc_chip_11cxx_lib.a(ssp_11xx.o)
 .text.Chip_SSP_ClearIntPending
                0x00001690       0x1e C:\Users\Checkout\Documents\FALL2023\CMPE240_CLASS\HW_CUBE\PRJ_1\lpc_chip_11cxx_lib\Debug\liblpc_chip_11cxx_lib.a(ssp_11xx.o)
 .text.Chip_SSP_ReceiveFrame
                0x000016ae       0x16 C:\Users\Checkout\Documents\FALL2023\CMPE240_CLASS\HW_CUBE\PRJ_1\lpc_chip_11cxx_lib\Debug\liblpc_chip_11cxx_lib.a(ssp_11xx.o)
 .text.Chip_SSP_SendFrame
                0x000016c4       0x1e C:\Users\Checkout\Documents\FALL2023\CMPE240_CLASS\HW_CUBE\PRJ_1\lpc_chip_11cxx_lib\Debug\liblpc_chip_11cxx_lib.a(ssp_11xx.o)
 .text.Chip_SSP_SetFormat
                0x000016e2       0x30 C:\Users\Checkout\Documents\FALL2023\CMPE240_CLASS\HW_CUBE\PRJ_1\lpc_chip_11cxx_lib\Debug\liblpc_chip_11cxx_lib.a(ssp_11xx.o)
 .text.Chip_SSP_Set_Mode
                0x00001712       0x24 C:\Users\Checkout\Documents\FALL2023\CMPE240_CLASS\HW_CUBE\PRJ_1\lpc_chip_11cxx_lib\Debug\liblpc_chip_11cxx_lib.a(ssp_11xx.o)
 *fill*         0x00001736        0x2 ff
 .text.SSP_Write2BFifo
                0x00001738       0x50 C:\Users\Checkout\Documents\FALL2023\CMPE240_CLASS\HW_CUBE\PRJ_1\lpc_chip_11cxx_lib\Debug\liblpc_chip_11cxx_lib.a(ssp_11xx.o)
 .text.SSP_Write1BFifo
                0x00001788       0x4a C:\Users\Checkout\Documents\FALL2023\CMPE240_CLASS\HW_CUBE\PRJ_1\lpc_chip_11cxx_lib\Debug\liblpc_chip_11cxx_lib.a(ssp_11xx.o)
 .text.SSP_Read2BFifo
                0x000017d2       0x66 C:\Users\Checkout\Documents\FALL2023\CMPE240_CLASS\HW_CUBE\PRJ_1\lpc_chip_11cxx_lib\Debug\liblpc_chip_11cxx_lib.a(ssp_11xx.o)
 .text.SSP_Read1BFifo
                0x00001838       0x68 C:\Users\Checkout\Documents\FALL2023\CMPE240_CLASS\HW_CUBE\PRJ_1\lpc_chip_11cxx_lib\Debug\liblpc_chip_11cxx_lib.a(ssp_11xx.o)
 .text.Chip_SSP_GetClockIndex
                0x000018a0       0x34 C:\Users\Checkout\Documents\FALL2023\CMPE240_CLASS\HW_CUBE\PRJ_1\lpc_chip_11cxx_lib\Debug\liblpc_chip_11cxx_lib.a(ssp_11xx.o)
 .text.Chip_SSP_GetResetIndex
                0x000018d4       0x34 C:\Users\Checkout\Documents\FALL2023\CMPE240_CLASS\HW_CUBE\PRJ_1\lpc_chip_11cxx_lib\Debug\liblpc_chip_11cxx_lib.a(ssp_11xx.o)
 .text.Chip_SSP_SetSSPClkDivider
                0x00001908       0x30 C:\Users\Checkout\Documents\FALL2023\CMPE240_CLASS\HW_CUBE\PRJ_1\lpc_chip_11cxx_lib\Debug\liblpc_chip_11cxx_lib.a(ssp_11xx.o)
 .text.Chip_SSP_GetPCLKkRate
                0x00001938       0x4c C:\Users\Checkout\Documents\FALL2023\CMPE240_CLASS\HW_CUBE\PRJ_1\lpc_chip_11cxx_lib\Debug\liblpc_chip_11cxx_lib.a(ssp_11xx.o)
 .text.Chip_SSP_SetClockRate
                0x00001984       0x38 C:\Users\Checkout\Documents\FALL2023\CMPE240_CLASS\HW_CUBE\PRJ_1\lpc_chip_11cxx_lib\Debug\liblpc_chip_11cxx_lib.a(ssp_11xx.o)
                0x00001984                Chip_SSP_SetClockRate
 .text.Chip_SSP_RWFrames_Blocking
                0x000019bc      0x124 C:\Users\Checkout\Documents\FALL2023\CMPE240_CLASS\HW_CUBE\PRJ_1\lpc_chip_11cxx_lib\Debug\liblpc_chip_11cxx_lib.a(ssp_11xx.o)
                0x000019bc                Chip_SSP_RWFrames_Blocking
 .text.Chip_SSP_SetMaster
                0x00001ae0       0x34 C:\Users\Checkout\Documents\FALL2023\CMPE240_CLASS\HW_CUBE\PRJ_1\lpc_chip_11cxx_lib\Debug\liblpc_chip_11cxx_lib.a(ssp_11xx.o)
                0x00001ae0                Chip_SSP_SetMaster
 .text.Chip_SSP_SetBitRate
                0x00001b14       0x74 C:\Users\Checkout\Documents\FALL2023\CMPE240_CLASS\HW_CUBE\PRJ_1\lpc_chip_11cxx_lib\Debug\liblpc_chip_11cxx_lib.a(ssp_11xx.o)
                0x00001b14                Chip_SSP_SetBitRate
 .text.Chip_SSP_Init
                0x00001b88       0x60 C:\Users\Checkout\Documents\FALL2023\CMPE240_CLASS\HW_CUBE\PRJ_1\lpc_chip_11cxx_lib\Debug\liblpc_chip_11cxx_lib.a(ssp_11xx.o)
                0x00001b88                Chip_SSP_Init
 .text.Chip_SYSCTL_PowerDown
                0x00001be8       0x40 C:\Users\Checkout\Documents\FALL2023\CMPE240_CLASS\HW_CUBE\PRJ_1\lpc_chip_11cxx_lib\Debug\liblpc_chip_11cxx_lib.a(sysctl_11xx.o)
                0x00001be8                Chip_SYSCTL_PowerDown
 .text.Chip_SYSCTL_PowerUp
                0x00001c28       0x40 C:\Users\Checkout\Documents\FALL2023\CMPE240_CLASS\HW_CUBE\PRJ_1\lpc_chip_11cxx_lib\Debug\liblpc_chip_11cxx_lib.a(sysctl_11xx.o)
                0x00001c28                Chip_SYSCTL_PowerUp
 .text.__main   0x00001c68        0xc c:/nxp/mcuxpressoide_11.8.0_1165/ide/plugins/com.nxp.mcuxpresso.tools.win32_11.8.0.202306131047/tools/bin/../lib/gcc/arm-none-eabi/12.2.1/../../../../arm-none-eabi/lib/thumb/v6-m/nofp\libcr_nohost.a(_cr__main.o)
                0x00001c68                __main
 .text.memset   0x00001c74        0x8 c:/nxp/mcuxpressoide_11.8.0_1165/ide/plugins/com.nxp.mcuxpresso.tools.win32_11.8.0.202306131047/tools/bin/../lib/gcc/arm-none-eabi/12.2.1/../../../../arm-none-eabi/lib/thumb/v6-m/nofp\libcr_c.a(memset.o)
                0x00001c74                memset
 .text.malloc   0x00001c7c       0xdc c:/nxp/mcuxpressoide_11.8.0_1165/ide/plugins/com.nxp.mcuxpresso.tools.win32_11.8.0.202306131047/tools/bin/../lib/gcc/arm-none-eabi/12.2.1/../../../../arm-none-eabi/lib/thumb/v6-m/nofp\libcr_c.a(alloc.o)
                0x00001c7c                malloc
 .text.free     0x00001d58       0x2c c:/nxp/mcuxpressoide_11.8.0_1165/ide/plugins/com.nxp.mcuxpresso.tools.win32_11.8.0.202306131047/tools/bin/../lib/gcc/arm-none-eabi/12.2.1/../../../../arm-none-eabi/lib/thumb/v6-m/nofp\libcr_c.a(alloc.o)
                0x00001d58                free
 .text._Csys_alloc
                0x00001d84       0x20 c:/nxp/mcuxpressoide_11.8.0_1165/ide/plugins/com.nxp.mcuxpresso.tools.win32_11.8.0.202306131047/tools/bin/../lib/gcc/arm-none-eabi/12.2.1/../../../../arm-none-eabi/lib/thumb/v6-m/nofp\libcr_c.a(alloc.o)
                0x00001d84                _Csys_alloc
 .text.cos      0x00001da4       0x5c c:/nxp/mcuxpressoide_11.8.0_1165/ide/plugins/com.nxp.mcuxpresso.tools.win32_11.8.0.202306131047/tools/bin/../lib/gcc/arm-none-eabi/12.2.1/../../../../arm-none-eabi/lib/thumb/v6-m/nofp\libcr_c.a(cos.o)
                0x00001da4                cos
 .text.fp_round
                0x00001e00       0x4a c:/nxp/mcuxpressoide_11.8.0_1165/ide/plugins/com.nxp.mcuxpresso.tools.win32_11.8.0.202306131047/tools/bin/../lib/gcc/arm-none-eabi/12.2.1/../../../../arm-none-eabi/lib/thumb/v6-m/nofp\libcr_c.a(fpprintf.o)
 .text.pr_dec.constprop.0
                0x00001e4a       0x24 c:/nxp/mcuxpressoide_11.8.0_1165/ide/plugins/com.nxp.mcuxpresso.tools.win32_11.8.0.202306131047/tools/bin/../lib/gcc/arm-none-eabi/12.2.1/../../../../arm-none-eabi/lib/thumb/v6-m/nofp\libcr_c.a(fpprintf.o)
 *fill*         0x00001e6e        0x2 ff
 .text.sprintf  0x00001e70       0x68 c:/nxp/mcuxpressoide_11.8.0_1165/ide/plugins/com.nxp.mcuxpresso.tools.win32_11.8.0.202306131047/tools/bin/../lib/gcc/arm-none-eabi/12.2.1/../../../../arm-none-eabi/lib/thumb/v6-m/nofp\libcr_c.a(fpprintf.o)
                0x00001e70                sprintf
 .text.fp_display
                0x00001ed8      0xa10 c:/nxp/mcuxpressoide_11.8.0_1165/ide/plugins/com.nxp.mcuxpresso.tools.win32_11.8.0.202306131047/tools/bin/../lib/gcc/arm-none-eabi/12.2.1/../../../../arm-none-eabi/lib/thumb/v6-m/nofp\libcr_c.a(fpprintf.o)
 .text.vsnprintf
                0x000028e8       0x70 c:/nxp/mcuxpressoide_11.8.0_1165/ide/plugins/com.nxp.mcuxpresso.tools.win32_11.8.0.202306131047/tools/bin/../lib/gcc/arm-none-eabi/12.2.1/../../../../arm-none-eabi/lib/thumb/v6-m/nofp\libcr_c.a(fpprintf.o)
                0x000028e8                vsnprintf
 .text.printf   0x00002958       0x50 c:/nxp/mcuxpressoide_11.8.0_1165/ide/plugins/com.nxp.mcuxpresso.tools.win32_11.8.0.202306131047/tools/bin/../lib/gcc/arm-none-eabi/12.2.1/../../../../arm-none-eabi/lib/thumb/v6-m/nofp\libcr_c.a(fpprintf.o)
                0x00002958                printf
 .text._initio  0x000029a8       0x7c c:/nxp/mcuxpressoide_11.8.0_1165/ide/plugins/com.nxp.mcuxpresso.tools.win32_11.8.0.202306131047/tools/bin/../lib/gcc/arm-none-eabi/12.2.1/../../../../arm-none-eabi/lib/thumb/v6-m/nofp\libcr_c.a(initio.o)
                0x000029a8                _initio
 .text.__vfprintf
                0x00002a24      0xd88 c:/nxp/mcuxpressoide_11.8.0_1165/ide/plugins/com.nxp.mcuxpresso.tools.win32_11.8.0.202306131047/tools/bin/../lib/gcc/arm-none-eabi/12.2.1/../../../../arm-none-eabi/lib/thumb/v6-m/nofp\libcr_c.a(printf.o)
                0x00002a24                __vfprintf
 .text.setvbuf  0x000037ac       0x4c c:/nxp/mcuxpressoide_11.8.0_1165/ide/plugins/com.nxp.mcuxpresso.tools.win32_11.8.0.202306131047/tools/bin/../lib/gcc/arm-none-eabi/12.2.1/../../../../arm-none-eabi/lib/thumb/v6-m/nofp\libcr_c.a(setvbuf.o)
                0x000037ac                setvbuf
 .text.sin      0x000037f8       0x3e c:/nxp/mcuxpressoide_11.8.0_1165/ide/plugins/com.nxp.mcuxpresso.tools.win32_11.8.0.202306131047/tools/bin/../lib/gcc/arm-none-eabi/12.2.1/../../../../arm-none-eabi/lib/thumb/v6-m/nofp\libcr_c.a(sin.o)
                0x000037f8                sin
 *fill*         0x00003836        0x2 ff
 .text.rand     0x00003838       0x44 c:/nxp/mcuxpressoide_11.8.0_1165/ide/plugins/com.nxp.mcuxpresso.tools.win32_11.8.0.202306131047/tools/bin/../lib/gcc/arm-none-eabi/12.2.1/../../../../arm-none-eabi/lib/thumb/v6-m/nofp\libcr_c.a(stdlib.o)
                0x00003838                rand
 .text.abs      0x0000387c        0x8 c:/nxp/mcuxpressoide_11.8.0_1165/ide/plugins/com.nxp.mcuxpresso.tools.win32_11.8.0.202306131047/tools/bin/../lib/gcc/arm-none-eabi/12.2.1/../../../../arm-none-eabi/lib/thumb/v6-m/nofp\libcr_c.a(stdlib.o)
                0x0000387c                abs
 .text.strlen   0x00003884       0x5c c:/nxp/mcuxpressoide_11.8.0_1165/ide/plugins/com.nxp.mcuxpresso.tools.win32_11.8.0.202306131047/tools/bin/../lib/gcc/arm-none-eabi/12.2.1/../../../../arm-none-eabi/lib/thumb/v6-m/nofp\libcr_c.a(strlen.o)
                0x00003884                strlen
 .text._sbrk    0x000038e0       0x44 c:/nxp/mcuxpressoide_11.8.0_1165/ide/plugins/com.nxp.mcuxpresso.tools.win32_11.8.0.202306131047/tools/bin/../lib/gcc/arm-none-eabi/12.2.1/../../../../arm-none-eabi/lib/thumb/v6-m/nofp\libcr_c.a(_cr_sbrk.o)
                0x000038e0                _sbrk
 .text._deferredlazyseek
                0x00003924       0x40 c:/nxp/mcuxpressoide_11.8.0_1165/ide/plugins/com.nxp.mcuxpresso.tools.win32_11.8.0.202306131047/tools/bin/../lib/gcc/arm-none-eabi/12.2.1/../../../../arm-none-eabi/lib/thumb/v6-m/nofp\libcr_c.a(_deferredlazyseek.o)
                0x00003924                _deferredlazyseek
 .text.__flsbuf
                0x00003964      0x150 c:/nxp/mcuxpressoide_11.8.0_1165/ide/plugins/com.nxp.mcuxpresso.tools.win32_11.8.0.202306131047/tools/bin/../lib/gcc/arm-none-eabi/12.2.1/../../../../arm-none-eabi/lib/thumb/v6-m/nofp\libcr_c.a(_deferredlazyseek.o)
                0x00003964                __flsbuf
 .text._fdopen  0x00003ab4       0x74 c:/nxp/mcuxpressoide_11.8.0_1165/ide/plugins/com.nxp.mcuxpresso.tools.win32_11.8.0.202306131047/tools/bin/../lib/gcc/arm-none-eabi/12.2.1/../../../../arm-none-eabi/lib/thumb/v6-m/nofp\libcr_c.a(_fdopen.o)
                0x00003ab4                _fdopen
 .text._fflush  0x00003b28       0x5c c:/nxp/mcuxpressoide_11.8.0_1165/ide/plugins/com.nxp.mcuxpresso.tools.win32_11.8.0.202306131047/tools/bin/../lib/gcc/arm-none-eabi/12.2.1/../../../../arm-none-eabi/lib/thumb/v6-m/nofp\libcr_c.a(_fflush.o)
                0x00003b28                _fflush
 .text._frexpl  0x00003b84       0x80 c:/nxp/mcuxpressoide_11.8.0_1165/ide/plugins/com.nxp.mcuxpresso.tools.win32_11.8.0.202306131047/tools/bin/../lib/gcc/arm-none-eabi/12.2.1/../../../../arm-none-eabi/lib/thumb/v6-m/nofp\libcr_c.a(_frexpl.o)
                0x00003b84                _frexpl
 .text._ldexpl  0x00003c04       0x58 c:/nxp/mcuxpressoide_11.8.0_1165/ide/plugins/com.nxp.mcuxpresso.tools.win32_11.8.0.202306131047/tools/bin/../lib/gcc/arm-none-eabi/12.2.1/../../../../arm-none-eabi/lib/thumb/v6-m/nofp\libcr_c.a(_ldexpl.o)
                0x00003c04                _ldexpl
 .text._sincos  0x00003c5c      0x1d8 c:/nxp/mcuxpressoide_11.8.0_1165/ide/plugins/com.nxp.mcuxpresso.tools.win32_11.8.0.202306131047/tools/bin/../lib/gcc/arm-none-eabi/12.2.1/../../../../arm-none-eabi/lib/thumb/v6-m/nofp\libcr_c.a(_sincos.o)
                0x00003c5c                _sincos
 .text._Cwritebuf
                0x00003e34       0x68 c:/nxp/mcuxpressoide_11.8.0_1165/ide/plugins/com.nxp.mcuxpresso.tools.win32_11.8.0.202306131047/tools/bin/../lib/gcc/arm-none-eabi/12.2.1/../../../../arm-none-eabi/lib/thumb/v6-m/nofp\libcr_c.a(_writebuf.o)
                0x00003e34                _Cwritebuf
 .text.fabs     0x00003e9c       0x20 c:/nxp/mcuxpressoide_11.8.0_1165/ide/plugins/com.nxp.mcuxpresso.tools.win32_11.8.0.202306131047/tools/bin/../lib/gcc/arm-none-eabi/12.2.1/../../../../arm-none-eabi/lib/thumb/v6-m/nofp\libcr_c.a(fabs.o)
                0x00003e9c                fabs
 .text.fclose   0x00003ebc       0x5c c:/nxp/mcuxpressoide_11.8.0_1165/ide/plugins/com.nxp.mcuxpresso.tools.win32_11.8.0.202306131047/tools/bin/../lib/gcc/arm-none-eabi/12.2.1/../../../../arm-none-eabi/lib/thumb/v6-m/nofp\libcr_c.a(fclose.o)
                0x00003ebc                fclose
 .text.fflush   0x00003f18       0x40 c:/nxp/mcuxpressoide_11.8.0_1165/ide/plugins/com.nxp.mcuxpresso.tools.win32_11.8.0.202306131047/tools/bin/../lib/gcc/arm-none-eabi/12.2.1/../../../../arm-none-eabi/lib/thumb/v6-m/nofp\libcr_c.a(fflush.o)
                0x00003f18                fflush
 .text.fseek    0x00003f58       0xec c:/nxp/mcuxpressoide_11.8.0_1165/ide/plugins/com.nxp.mcuxpresso.tools.win32_11.8.0.202306131047/tools/bin/../lib/gcc/arm-none-eabi/12.2.1/../../../../arm-none-eabi/lib/thumb/v6-m/nofp\libcr_c.a(fseek.o)
                0x00003f58                fseek
 .text.ftell    0x00004044       0x4c c:/nxp/mcuxpressoide_11.8.0_1165/ide/plugins/com.nxp.mcuxpresso.tools.win32_11.8.0.202306131047/tools/bin/../lib/gcc/arm-none-eabi/12.2.1/../../../../arm-none-eabi/lib/thumb/v6-m/nofp\libcr_c.a(ftell.o)
                0x00004044                ftell
 .text.remove   0x00004090       0x12 c:/nxp/mcuxpressoide_11.8.0_1165/ide/plugins/com.nxp.mcuxpresso.tools.win32_11.8.0.202306131047/tools/bin/../lib/gcc/arm-none-eabi/12.2.1/../../../../arm-none-eabi/lib/thumb/v6-m/nofp\libcr_c.a(remove.o)
                0x00004090                remove
 *fill*         0x000040a2        0x2 ff
 .text.__check_heap_overflow
                0x000040a4       0x18 c:/nxp/mcuxpressoide_11.8.0_1165/ide/plugins/com.nxp.mcuxpresso.tools.win32_11.8.0.202306131047/tools/bin/../lib/gcc/arm-none-eabi/12.2.1/../../../../arm-none-eabi/lib/thumb/v6-m/nofp\libcr_c.a(_cr_check_heap.o)
                0x000040a4                __check_heap_overflow
 .text._do_fflush
                0x000040bc       0x48 c:/nxp/mcuxpressoide_11.8.0_1165/ide/plugins/com.nxp.mcuxpresso.tools.win32_11.8.0.202306131047/tools/bin/../lib/gcc/arm-none-eabi/12.2.1/../../../../arm-none-eabi/lib/thumb/v6-m/nofp\libcr_c.a(_do_fflush.o)
                0x000040bc                _do_fflush
 .text.__aeabi_division_idivmod
                0x00004104       0x78 c:/nxp/mcuxpressoide_11.8.0_1165/ide/plugins/com.nxp.mcuxpresso.tools.win32_11.8.0.202306131047/tools/bin/../lib/gcc/arm-none-eabi/12.2.1/thumb/v6-m/nofp\libcr_eabihelpers.a(division_32.o)
                0x00004104                __aeabi_idivmod
                0x00004104                __aeabi_idiv
                0x0000410a                __aeabi_uidivmod
                0x0000410a                __aeabi_uidiv
 .text.__aeabi_division_idiv0
                0x0000417c        0x2 c:/nxp/mcuxpressoide_11.8.0_1165/ide/plugins/com.nxp.mcuxpresso.tools.win32_11.8.0.202306131047/tools/bin/../lib/gcc/arm-none-eabi/12.2.1/thumb/v6-m/nofp\libcr_eabihelpers.a(division_idiv0.o)
                0x0000417c                __aeabi_idiv0
 *fill*         0x0000417e        0x2 ff
 .text.__aeabi_dmul
                0x00004180      0x194 c:/nxp/mcuxpressoide_11.8.0_1165/ide/plugins/com.nxp.mcuxpresso.tools.win32_11.8.0.202306131047/tools/bin/../lib/gcc/arm-none-eabi/12.2.1/thumb/v6-m/nofp\libcr_eabihelpers.a(double.o)
                0x00004180                __aeabi_dmul
 .text.__aeabi_ddiv
                0x00004314      0x164 c:/nxp/mcuxpressoide_11.8.0_1165/ide/plugins/com.nxp.mcuxpresso.tools.win32_11.8.0.202306131047/tools/bin/../lib/gcc/arm-none-eabi/12.2.1/thumb/v6-m/nofp\libcr_eabihelpers.a(double.o)
                0x00004314                __aeabi_ddiv
 .text.__aeabi_dsub
                0x00004478      0x1d4 c:/nxp/mcuxpressoide_11.8.0_1165/ide/plugins/com.nxp.mcuxpresso.tools.win32_11.8.0.202306131047/tools/bin/../lib/gcc/arm-none-eabi/12.2.1/thumb/v6-m/nofp\libcr_eabihelpers.a(double.o)
                0x00004478                __aeabi_dsub
 .text.__aeabi_dadd
                0x0000464c      0x150 c:/nxp/mcuxpressoide_11.8.0_1165/ide/plugins/com.nxp.mcuxpresso.tools.win32_11.8.0.202306131047/tools/bin/../lib/gcc/arm-none-eabi/12.2.1/thumb/v6-m/nofp\libcr_eabihelpers.a(double.o)
                0x0000464c                __aeabi_dadd
 .text.__aeabi_d2iz
                0x0000479c       0x50 c:/nxp/mcuxpressoide_11.8.0_1165/ide/plugins/com.nxp.mcuxpresso.tools.win32_11.8.0.202306131047/tools/bin/../lib/gcc/arm-none-eabi/12.2.1/thumb/v6-m/nofp\libcr_eabihelpers.a(double.o)
                0x0000479c                __aeabi_d2iz
 .text.__bhs_ui2d
                0x000047ec       0x5e c:/nxp/mcuxpressoide_11.8.0_1165/ide/plugins/com.nxp.mcuxpresso.tools.win32_11.8.0.202306131047/tools/bin/../lib/gcc/arm-none-eabi/12.2.1/thumb/v6-m/nofp\libcr_eabihelpers.a(double.o)
                0x000047ec                __bhs_ui2d
 .text.__aeabi_i2d
                0x0000484a       0x18 c:/nxp/mcuxpressoide_11.8.0_1165/ide/plugins/com.nxp.mcuxpresso.tools.win32_11.8.0.202306131047/tools/bin/../lib/gcc/arm-none-eabi/12.2.1/thumb/v6-m/nofp\libcr_eabihelpers.a(double.o)
                0x0000484a                __aeabi_i2d
 *fill*         0x00004862        0x2 ff
 .text.__aeabi_dcmpeq
                0x00004864       0x40 c:/nxp/mcuxpressoide_11.8.0_1165/ide/plugins/com.nxp.mcuxpresso.tools.win32_11.8.0.202306131047/tools/bin/../lib/gcc/arm-none-eabi/12.2.1/thumb/v6-m/nofp\libcr_eabihelpers.a(double.o)
                0x00004864                __aeabi_dcmpeq
 .text.__aeabi_dcmplt
                0x000048a4       0x74 c:/nxp/mcuxpressoide_11.8.0_1165/ide/plugins/com.nxp.mcuxpresso.tools.win32_11.8.0.202306131047/tools/bin/../lib/gcc/arm-none-eabi/12.2.1/thumb/v6-m/nofp\libcr_eabihelpers.a(double.o)
                0x000048a4                __aeabi_dcmplt
 .text.__aeabi_dcmple
                0x00004918       0x70 c:/nxp/mcuxpressoide_11.8.0_1165/ide/plugins/com.nxp.mcuxpresso.tools.win32_11.8.0.202306131047/tools/bin/../lib/gcc/arm-none-eabi/12.2.1/thumb/v6-m/nofp\libcr_eabihelpers.a(double.o)
                0x00004918                __aeabi_dcmple
 .text.__aeabi_dcmpge
                0x00004988       0x68 c:/nxp/mcuxpressoide_11.8.0_1165/ide/plugins/com.nxp.mcuxpresso.tools.win32_11.8.0.202306131047/tools/bin/../lib/gcc/arm-none-eabi/12.2.1/thumb/v6-m/nofp\libcr_eabihelpers.a(double.o)
                0x00004988                __aeabi_dcmpge
 .text.__aeabi_f2d
                0x000049f0       0x40 c:/nxp/mcuxpressoide_11.8.0_1165/ide/plugins/com.nxp.mcuxpresso.tools.win32_11.8.0.202306131047/tools/bin/../lib/gcc/arm-none-eabi/12.2.1/thumb/v6-m/nofp\libcr_eabihelpers.a(float.o)
                0x000049f0                __aeabi_f2d
 .text.__aeabi_llong_lmul
                0x00004a30       0x2e c:/nxp/mcuxpressoide_11.8.0_1165/ide/plugins/com.nxp.mcuxpresso.tools.win32_11.8.0.202306131047/tools/bin/../lib/gcc/arm-none-eabi/12.2.1/thumb/v6-m/nofp\libcr_eabihelpers.a(llong.o)
                0x00004a30                __aeabi_lmul
 .text.__aeabi_memset_lowlevel
                0x00004a5e       0x2a c:/nxp/mcuxpressoide_11.8.0_1165/ide/plugins/com.nxp.mcuxpresso.tools.win32_11.8.0.202306131047/tools/bin/../lib/gcc/arm-none-eabi/12.2.1/thumb/v6-m/nofp\libcr_eabihelpers.a(memcpy.o)
                0x00004a5e                __aeabi_lowlevel_memset
 .text.__gnu_thumb1_case_uqi
                0x00004a88       0x10 c:/nxp/mcuxpressoide_11.8.0_1165/ide/plugins/com.nxp.mcuxpresso.tools.win32_11.8.0.202306131047/tools/bin/../lib/gcc/arm-none-eabi/12.2.1/thumb/v6-m/nofp\libcr_eabihelpers.a(thumb1_switch_helpers.o)
                0x00004a88                __gnu_thumb1_case_uqi
 .text.__gnu_thumb1_case_shi
                0x00004a98       0x10 c:/nxp/mcuxpressoide_11.8.0_1165/ide/plugins/com.nxp.mcuxpresso.tools.win32_11.8.0.202306131047/tools/bin/../lib/gcc/arm-none-eabi/12.2.1/thumb/v6-m/nofp\libcr_eabihelpers.a(thumb1_switch_helpers.o)
                0x00004a98                __gnu_thumb1_case_shi
 .text.__gnu_thumb1_case_uhi
                0x00004aa8       0x10 c:/nxp/mcuxpressoide_11.8.0_1165/ide/plugins/com.nxp.mcuxpresso.tools.win32_11.8.0.202306131047/tools/bin/../lib/gcc/arm-none-eabi/12.2.1/thumb/v6-m/nofp\libcr_eabihelpers.a(thumb1_switch_helpers.o)
                0x00004aa8                __gnu_thumb1_case_uhi
 .text.__sys_appexit
                0x00004ab8        0x2 c:/nxp/mcuxpressoide_11.8.0_1165/ide/plugins/com.nxp.mcuxpresso.tools.win32_11.8.0.202306131047/tools/bin/../lib/gcc/arm-none-eabi/12.2.1/../../../../arm-none-eabi/lib/thumb/v6-m/nofp\libcr_nohost.a(__sys_appexit.o)
                0x00004ab8                __sys_appexit
                0x00004ab8                __exit
 .text.__sys_close
                0x00004aba        0x6 c:/nxp/mcuxpressoide_11.8.0_1165/ide/plugins/com.nxp.mcuxpresso.tools.win32_11.8.0.202306131047/tools/bin/../lib/gcc/arm-none-eabi/12.2.1/../../../../arm-none-eabi/lib/thumb/v6-m/nofp\libcr_nohost.a(__sys_close.o)
                0x00004aba                __sys_close
 .text.__sys_flen
                0x00004ac0        0x6 c:/nxp/mcuxpressoide_11.8.0_1165/ide/plugins/com.nxp.mcuxpresso.tools.win32_11.8.0.202306131047/tools/bin/../lib/gcc/arm-none-eabi/12.2.1/../../../../arm-none-eabi/lib/thumb/v6-m/nofp\libcr_nohost.a(__sys_flen.o)
                0x00004ac0                __sys_flen
 .text.__sys_istty
                0x00004ac6        0x6 c:/nxp/mcuxpressoide_11.8.0_1165/ide/plugins/com.nxp.mcuxpresso.tools.win32_11.8.0.202306131047/tools/bin/../lib/gcc/arm-none-eabi/12.2.1/../../../../arm-none-eabi/lib/thumb/v6-m/nofp\libcr_nohost.a(__sys_istty.o)
                0x00004ac6                __sys_istty
 .text.__sys_remove
                0x00004acc        0x6 c:/nxp/mcuxpressoide_11.8.0_1165/ide/plugins/com.nxp.mcuxpresso.tools.win32_11.8.0.202306131047/tools/bin/../lib/gcc/arm-none-eabi/12.2.1/../../../../arm-none-eabi/lib/thumb/v6-m/nofp\libcr_nohost.a(__sys_remove.o)
                0x00004acc                __sys_remove
 .text.__sys_seek
                0x00004ad2        0x6 c:/nxp/mcuxpressoide_11.8.0_1165/ide/plugins/com.nxp.mcuxpresso.tools.win32_11.8.0.202306131047/tools/bin/../lib/gcc/arm-none-eabi/12.2.1/../../../../arm-none-eabi/lib/thumb/v6-m/nofp\libcr_nohost.a(__sys_seek.o)
                0x00004ad2                __sys_seek
 .text.__sys_tmpnam
                0x00004ad8        0x6 c:/nxp/mcuxpressoide_11.8.0_1165/ide/plugins/com.nxp.mcuxpresso.tools.win32_11.8.0.202306131047/tools/bin/../lib/gcc/arm-none-eabi/12.2.1/../../../../arm-none-eabi/lib/thumb/v6-m/nofp\libcr_nohost.a(__sys_tmpnam.o)
                0x00004ad8                __sys_tmpnam
 *(.rodata .rodata.* .constdata .constdata.*)
 *fill*         0x00004ade        0x2 ff
 .rodata.createTrees.str1.4
                0x00004ae0        0x7 ./example/src/forest.o
 *fill*         0x00004ae7        0x1 ff
 .rodata.OscRateIn
                0x00004ae8        0x4 C:\Users\Checkout\Documents\FALL2023\CMPE240_CLASS\HW_CUBE\PRJ_1\nxp_lpcxpresso_11c24_board_lib\Debug\libnxp_lpcxpresso_11c24_board_lib.a(board.o)
                0x00004ae8                OscRateIn
 .rodata.pinmuxing
                0x00004aec       0x28 C:\Users\Checkout\Documents\FALL2023\CMPE240_CLASS\HW_CUBE\PRJ_1\nxp_lpcxpresso_11c24_board_lib\Debug\libnxp_lpcxpresso_11c24_board_lib.a(board_sysinit.o)
 .rodata.wdtOSCRate
                0x00004b14       0x40 C:\Users\Checkout\Documents\FALL2023\CMPE240_CLASS\HW_CUBE\PRJ_1\lpc_chip_11cxx_lib\Debug\liblpc_chip_11cxx_lib.a(clock_11xx.o)
 .rodata._Csys_alloc.str1.1
                0x00004b54       0x18 c:/nxp/mcuxpressoide_11.8.0_1165/ide/plugins/com.nxp.mcuxpresso.tools.win32_11.8.0.202306131047/tools/bin/../lib/gcc/arm-none-eabi/12.2.1/../../../../arm-none-eabi/lib/thumb/v6-m/nofp\libcr_c.a(alloc.o)
 .rodata.fp_display.str1.1
                0x00004b6c       0x34 c:/nxp/mcuxpressoide_11.8.0_1165/ide/plugins/com.nxp.mcuxpresso.tools.win32_11.8.0.202306131047/tools/bin/../lib/gcc/arm-none-eabi/12.2.1/../../../../arm-none-eabi/lib/thumb/v6-m/nofp\libcr_c.a(fpprintf.o)
                                 0x35 (size before relaxing)
 .rodata._initio.str1.1
                0x00004ba0        0x4 c:/nxp/mcuxpressoide_11.8.0_1165/ide/plugins/com.nxp.mcuxpresso.tools.win32_11.8.0.202306131047/tools/bin/../lib/gcc/arm-none-eabi/12.2.1/../../../../arm-none-eabi/lib/thumb/v6-m/nofp\libcr_c.a(initio.o)
 .rodata.__vfprintf.str1.1
                0x00004ba4       0x31 c:/nxp/mcuxpressoide_11.8.0_1165/ide/plugins/com.nxp.mcuxpresso.tools.win32_11.8.0.202306131047/tools/bin/../lib/gcc/arm-none-eabi/12.2.1/../../../../arm-none-eabi/lib/thumb/v6-m/nofp\libcr_c.a(printf.o)
                                 0x38 (size before relaxing)
 *fill*         0x00004bd5        0x3 ff
 .rodata.__num_Ciob_streams
                0x00004bd8        0x4 c:/nxp/mcuxpressoide_11.8.0_1165/ide/plugins/com.nxp.mcuxpresso.tools.win32_11.8.0.202306131047/tools/bin/../lib/gcc/arm-none-eabi/12.2.1/../../../../arm-none-eabi/lib/thumb/v6-m/nofp\libcr_nohost.a(__ciob.o)
                0x00004bd8                __num_Ciob_streams
                0x00004bdc                . = ALIGN (0x4)

.glue_7         0x00004bdc        0x0
 .glue_7        0x00004bdc        0x0 linker stubs

.glue_7t        0x00004bdc        0x0
 .glue_7t       0x00004bdc        0x0 linker stubs

.vfp11_veneer   0x00004bdc        0x0
 .vfp11_veneer  0x00004bdc        0x0 linker stubs

.v4_bx          0x00004bdc        0x0
 .v4_bx         0x00004bdc        0x0 linker stubs

.iplt           0x00004bdc        0x0
 .iplt          0x00004bdc        0x0 ./example/src/cr_startup_lpc11xx.o

.rel.dyn        0x00004bdc        0x0
 .rel.iplt      0x00004bdc        0x0 ./example/src/cr_startup_lpc11xx.o

.ARM.extab
 *(.ARM.extab* .gnu.linkonce.armextab.*)

.ARM.exidx      0x00004bdc        0x0
                0x00004bdc                __exidx_start = .
 *(.ARM.exidx* .gnu.linkonce.armexidx.*)
                0x00004bdc                __exidx_end = .
                0x00004bdc                _etext = .

.uninit_RESERVED
                0x10000000        0x0
                0x10000000                _start_uninit_RESERVED = .
 *(.bss.$RESERVED*)
                0x10000000                . = ALIGN (0x4)
                0x10000000                _end_uninit_RESERVED = .

.data           0x10000000       0xec load address 0x00004bdc
 FILL mask 0xff
                0x10000000                _data = .
                [!provide]                PROVIDE (__start_data_RAM = .)
                [!provide]                PROVIDE (__start_data_RamLoc8 = .)
 *(vtable)
 *(.ramfunc*)
 *(CodeQuickAccess)
 *(DataQuickAccess)
 *(RamFunction)
 *(.data*)
 .data.height   0x10000000        0x4 ./example/src/forest_lcd__api.o
                0x10000000                height
 .data.width    0x10000004        0x4 ./example/src/forest_lcd__api.o
                0x10000004                width
 .data._random_k
                0x10000008        0x4 c:/nxp/mcuxpressoide_11.8.0_1165/ide/plugins/com.nxp.mcuxpresso.tools.win32_11.8.0.202306131047/tools/bin/../lib/gcc/arm-none-eabi/12.2.1/../../../../arm-none-eabi/lib/thumb/v6-m/nofp\libcr_c.a(stdlib.o)
 .data._random_j
                0x1000000c        0x4 c:/nxp/mcuxpressoide_11.8.0_1165/ide/plugins/com.nxp.mcuxpresso.tools.win32_11.8.0.202306131047/tools/bin/../lib/gcc/arm-none-eabi/12.2.1/../../../../arm-none-eabi/lib/thumb/v6-m/nofp\libcr_c.a(stdlib.o)
 .data._random_number_seed
                0x10000010       0xdc c:/nxp/mcuxpressoide_11.8.0_1165/ide/plugins/com.nxp.mcuxpresso.tools.win32_11.8.0.202306131047/tools/bin/../lib/gcc/arm-none-eabi/12.2.1/../../../../arm-none-eabi/lib/thumb/v6-m/nofp\libcr_c.a(stdlib.o)
                0x100000ec                . = ALIGN (0x4)
                0x100000ec                _edata = .
                [!provide]                PROVIDE (__end_data_RAM = .)
                [!provide]                PROVIDE (__end_data_RamLoc8 = .)

.igot.plt       0x100000ec        0x0 load address 0x00004cc8
 .igot.plt      0x100000ec        0x0 ./example/src/cr_startup_lpc11xx.o

.bss            0x100000ec      0x210
                0x100000ec                _bss = .
                [!provide]                PROVIDE (__start_bss_RAM = .)
                [!provide]                PROVIDE (__start_bss_RamLoc8 = .)
 *(.bss*)
 .bss.Tx_Buf    0x100000ec        0x2 ./example/src/forest_lcd__api.o
 *fill*         0x100000ee        0x2 
 .bss.Rx_Buf    0x100000f0        0x2 ./example/src/forest_lcd__api.o
 *fill*         0x100000f2        0x2 
 .bss.ssp_format
                0x100000f4        0x3 ./example/src/forest_lcd__api.o
 *fill*         0x100000f7        0x1 
 .bss.xf_setup  0x100000f8       0x14 ./example/src/forest_lcd__api.o
 .bss.SystemCoreClock
                0x1000010c        0x4 C:\Users\Checkout\Documents\FALL2023\CMPE240_CLASS\HW_CUBE\PRJ_1\lpc_chip_11cxx_lib\Debug\liblpc_chip_11cxx_lib.a(chip_11xx.o)
                0x1000010c                SystemCoreClock
 .bss.__end_of_heap
                0x10000110        0x4 c:/nxp/mcuxpressoide_11.8.0_1165/ide/plugins/com.nxp.mcuxpresso.tools.win32_11.8.0.202306131047/tools/bin/../lib/gcc/arm-none-eabi/12.2.1/../../../../arm-none-eabi/lib/thumb/v6-m/nofp\libcr_c.a(__init_alloc.o)
                0x10000110                __end_of_heap
 .bss.__heaps   0x10000114        0x4 c:/nxp/mcuxpressoide_11.8.0_1165/ide/plugins/com.nxp.mcuxpresso.tools.win32_11.8.0.202306131047/tools/bin/../lib/gcc/arm-none-eabi/12.2.1/../../../../arm-none-eabi/lib/thumb/v6-m/nofp\libcr_c.a(__init_alloc.o)
                0x10000114                __heaps
 .bss.errno     0x10000118        0x4 c:/nxp/mcuxpressoide_11.8.0_1165/ide/plugins/com.nxp.mcuxpresso.tools.win32_11.8.0.202306131047/tools/bin/../lib/gcc/arm-none-eabi/12.2.1/../../../../arm-none-eabi/lib/thumb/v6-m/nofp\libcr_c.a(errno.o)
                0x10000118                errno
 .bss.__Ciob    0x1000011c      0x1e0 c:/nxp/mcuxpressoide_11.8.0_1165/ide/plugins/com.nxp.mcuxpresso.tools.win32_11.8.0.202306131047/tools/bin/../lib/gcc/arm-none-eabi/12.2.1/../../../../arm-none-eabi/lib/thumb/v6-m/nofp\libcr_nohost.a(__ciob.o)
                0x1000011c                __Ciob
 *(COMMON)
                0x100002fc                . = ALIGN (0x4)
                0x100002fc                _ebss = .
                [!provide]                PROVIDE (__end_bss_RAM = .)
                [!provide]                PROVIDE (__end_bss_RamLoc8 = .)
                [!provide]                PROVIDE (end = .)

.noinit         0x100002fc        0x0
                0x100002fc                _noinit = .
                [!provide]                PROVIDE (__start_noinit_RAM = .)
                [!provide]                PROVIDE (__start_noinit_RamLoc8 = .)
 *(.noinit*)
                0x100002fc                . = ALIGN (0x4)
                0x100002fc                _end_noinit = .
                [!provide]                PROVIDE (__end_noinit_RAM = .)
                [!provide]                PROVIDE (__end_noinit_RamLoc8 = .)
                0x100002fc                PROVIDE (_pvHeapStart = DEFINED (__user_heap_base)?__user_heap_base:.)
                0x10002000                PROVIDE (_vStackTop = DEFINED (__user_stack_top)?__user_stack_top:(__top_RamLoc8 - 0x0))
                [!provide]                PROVIDE (__valid_user_code_checksum = (0x0 - (((_vStackTop + (ResetISR + 0x1)) + (DEFINED (NMI_Handler)?NMI_Handler:M0_NMI_Handler + 0x1)) + (DEFINED (HardFault_Handler)?HardFault_Handler:M0_HardFault_Handler + 0x1))))
                0x00000000                _image_start = LOADADDR (.text)
                0x00004cc8                _image_end = (LOADADDR (.data) + SIZEOF (.data))
                0x00004cc8                _image_size = (_image_end - _image_start)
OUTPUT(FOREST.axf elf32-littlearm)
LOAD linker stubs

.debug_info     0x00000000     0x5409
 .debug_info    0x00000000      0x28f ./example/src/cr_startup_lpc11xx.o
 .debug_info    0x0000028f      0x678 ./example/src/forest.o
 .debug_info    0x00000907      0xbc0 ./example/src/forest_lcd__api.o
 .debug_info    0x000014c7       0xd9 ./example/src/main.o
 .debug_info    0x000015a0       0xa0 ./example/src/sysinit.o
 .debug_info    0x00001640      0x8d3 C:\Users\Checkout\Documents\FALL2023\CMPE240_CLASS\HW_CUBE\PRJ_1\nxp_lpcxpresso_11c24_board_lib\Debug\libnxp_lpcxpresso_11c24_board_lib.a(board.o)
 .debug_info    0x00001f13      0xa6a C:\Users\Checkout\Documents\FALL2023\CMPE240_CLASS\HW_CUBE\PRJ_1\nxp_lpcxpresso_11c24_board_lib\Debug\libnxp_lpcxpresso_11c24_board_lib.a(board_sysinit.o)
 .debug_info    0x0000297d       0xc5 C:\Users\Checkout\Documents\FALL2023\CMPE240_CLASS\HW_CUBE\PRJ_1\lpc_chip_11cxx_lib\Debug\liblpc_chip_11cxx_lib.a(chip_11xx.o)
 .debug_info    0x00002a42      0x832 C:\Users\Checkout\Documents\FALL2023\CMPE240_CLASS\HW_CUBE\PRJ_1\lpc_chip_11cxx_lib\Debug\liblpc_chip_11cxx_lib.a(clock_11xx.o)
 .debug_info    0x00003274      0xb8d C:\Users\Checkout\Documents\FALL2023\CMPE240_CLASS\HW_CUBE\PRJ_1\lpc_chip_11cxx_lib\Debug\liblpc_chip_11cxx_lib.a(gpio_11xx_2.o)
 .debug_info    0x00003e01     0x10de C:\Users\Checkout\Documents\FALL2023\CMPE240_CLASS\HW_CUBE\PRJ_1\lpc_chip_11cxx_lib\Debug\liblpc_chip_11cxx_lib.a(ssp_11xx.o)
 .debug_info    0x00004edf      0x52a C:\Users\Checkout\Documents\FALL2023\CMPE240_CLASS\HW_CUBE\PRJ_1\lpc_chip_11cxx_lib\Debug\liblpc_chip_11cxx_lib.a(sysctl_11xx.o)

.debug_abbrev   0x00000000     0x150e
 .debug_abbrev  0x00000000      0x12c ./example/src/cr_startup_lpc11xx.o
 .debug_abbrev  0x0000012c      0x1e0 ./example/src/forest.o
 .debug_abbrev  0x0000030c      0x374 ./example/src/forest_lcd__api.o
 .debug_abbrev  0x00000680       0x86 ./example/src/main.o
 .debug_abbrev  0x00000706       0x58 ./example/src/sysinit.o
 .debug_abbrev  0x0000075e      0x2f3 C:\Users\Checkout\Documents\FALL2023\CMPE240_CLASS\HW_CUBE\PRJ_1\nxp_lpcxpresso_11c24_board_lib\Debug\libnxp_lpcxpresso_11c24_board_lib.a(board.o)
 .debug_abbrev  0x00000a51      0x24d C:\Users\Checkout\Documents\FALL2023\CMPE240_CLASS\HW_CUBE\PRJ_1\nxp_lpcxpresso_11c24_board_lib\Debug\libnxp_lpcxpresso_11c24_board_lib.a(board_sysinit.o)
 .debug_abbrev  0x00000c9e       0x8b C:\Users\Checkout\Documents\FALL2023\CMPE240_CLASS\HW_CUBE\PRJ_1\lpc_chip_11cxx_lib\Debug\liblpc_chip_11cxx_lib.a(chip_11xx.o)
 .debug_abbrev  0x00000d29      0x1fc C:\Users\Checkout\Documents\FALL2023\CMPE240_CLASS\HW_CUBE\PRJ_1\lpc_chip_11cxx_lib\Debug\liblpc_chip_11cxx_lib.a(clock_11xx.o)
 .debug_abbrev  0x00000f25      0x1de C:\Users\Checkout\Documents\FALL2023\CMPE240_CLASS\HW_CUBE\PRJ_1\lpc_chip_11cxx_lib\Debug\liblpc_chip_11cxx_lib.a(gpio_11xx_2.o)
 .debug_abbrev  0x00001103      0x320 C:\Users\Checkout\Documents\FALL2023\CMPE240_CLASS\HW_CUBE\PRJ_1\lpc_chip_11cxx_lib\Debug\liblpc_chip_11cxx_lib.a(ssp_11xx.o)
 .debug_abbrev  0x00001423       0xeb C:\Users\Checkout\Documents\FALL2023\CMPE240_CLASS\HW_CUBE\PRJ_1\lpc_chip_11cxx_lib\Debug\liblpc_chip_11cxx_lib.a(sysctl_11xx.o)

.debug_loclists
                0x00000000      0x176
 .debug_loclists
                0x00000000      0x176 ./example/src/cr_startup_lpc11xx.o

.debug_aranges  0x00000000      0x5b0
 .debug_aranges
                0x00000000       0x60 ./example/src/cr_startup_lpc11xx.o
 .debug_aranges
                0x00000060       0x60 ./example/src/forest.o
 .debug_aranges
                0x000000c0       0xd0 ./example/src/forest_lcd__api.o
 .debug_aranges
                0x00000190       0x20 ./example/src/main.o
 .debug_aranges
                0x000001b0       0x20 ./example/src/sysinit.o
 .debug_aranges
                0x000001d0       0xb0 C:\Users\Checkout\Documents\FALL2023\CMPE240_CLASS\HW_CUBE\PRJ_1\nxp_lpcxpresso_11c24_board_lib\Debug\libnxp_lpcxpresso_11c24_board_lib.a(board.o)
 .debug_aranges
                0x00000280       0x60 C:\Users\Checkout\Documents\FALL2023\CMPE240_CLASS\HW_CUBE\PRJ_1\nxp_lpcxpresso_11c24_board_lib\Debug\libnxp_lpcxpresso_11c24_board_lib.a(board_sysinit.o)
 .debug_aranges
                0x000002e0       0x20 C:\Users\Checkout\Documents\FALL2023\CMPE240_CLASS\HW_CUBE\PRJ_1\lpc_chip_11cxx_lib\Debug\liblpc_chip_11cxx_lib.a(chip_11xx.o)
 .debug_aranges
                0x00000300       0x88 C:\Users\Checkout\Documents\FALL2023\CMPE240_CLASS\HW_CUBE\PRJ_1\lpc_chip_11cxx_lib\Debug\liblpc_chip_11cxx_lib.a(clock_11xx.o)
 .debug_aranges
                0x00000388       0xb0 C:\Users\Checkout\Documents\FALL2023\CMPE240_CLASS\HW_CUBE\PRJ_1\lpc_chip_11cxx_lib\Debug\liblpc_chip_11cxx_lib.a(gpio_11xx_2.o)
 .debug_aranges
                0x00000438      0x140 C:\Users\Checkout\Documents\FALL2023\CMPE240_CLASS\HW_CUBE\PRJ_1\lpc_chip_11cxx_lib\Debug\liblpc_chip_11cxx_lib.a(ssp_11xx.o)
 .debug_aranges
                0x00000578       0x38 C:\Users\Checkout\Documents\FALL2023\CMPE240_CLASS\HW_CUBE\PRJ_1\lpc_chip_11cxx_lib\Debug\liblpc_chip_11cxx_lib.a(sysctl_11xx.o)

.debug_rnglists
                0x00000000      0x418
 .debug_rnglists
                0x00000000       0x43 ./example/src/cr_startup_lpc11xx.o
 .debug_rnglists
                0x00000043       0x49 ./example/src/forest.o
 .debug_rnglists
                0x0000008c       0x9b ./example/src/forest_lcd__api.o
 .debug_rnglists
                0x00000127       0x13 ./example/src/main.o
 .debug_rnglists
                0x0000013a       0x13 ./example/src/sysinit.o
 .debug_rnglists
                0x0000014d       0x7f C:\Users\Checkout\Documents\FALL2023\CMPE240_CLASS\HW_CUBE\PRJ_1\nxp_lpcxpresso_11c24_board_lib\Debug\libnxp_lpcxpresso_11c24_board_lib.a(board.o)
 .debug_rnglists
                0x000001cc       0x43 C:\Users\Checkout\Documents\FALL2023\CMPE240_CLASS\HW_CUBE\PRJ_1\nxp_lpcxpresso_11c24_board_lib\Debug\libnxp_lpcxpresso_11c24_board_lib.a(board_sysinit.o)
 .debug_rnglists
                0x0000020f       0x13 C:\Users\Checkout\Documents\FALL2023\CMPE240_CLASS\HW_CUBE\PRJ_1\lpc_chip_11cxx_lib\Debug\liblpc_chip_11cxx_lib.a(chip_11xx.o)
 .debug_rnglists
                0x00000222       0x61 C:\Users\Checkout\Documents\FALL2023\CMPE240_CLASS\HW_CUBE\PRJ_1\lpc_chip_11cxx_lib\Debug\liblpc_chip_11cxx_lib.a(clock_11xx.o)
 .debug_rnglists
                0x00000283       0x80 C:\Users\Checkout\Documents\FALL2023\CMPE240_CLASS\HW_CUBE\PRJ_1\lpc_chip_11cxx_lib\Debug\liblpc_chip_11cxx_lib.a(gpio_11xx_2.o)
 .debug_rnglists
                0x00000303       0xf0 C:\Users\Checkout\Documents\FALL2023\CMPE240_CLASS\HW_CUBE\PRJ_1\lpc_chip_11cxx_lib\Debug\liblpc_chip_11cxx_lib.a(ssp_11xx.o)
 .debug_rnglists
                0x000003f3       0x25 C:\Users\Checkout\Documents\FALL2023\CMPE240_CLASS\HW_CUBE\PRJ_1\lpc_chip_11cxx_lib\Debug\liblpc_chip_11cxx_lib.a(sysctl_11xx.o)

.debug_macro    0x00000000     0x4870
 .debug_macro   0x00000000       0x26 ./example/src/cr_startup_lpc11xx.o
 .debug_macro   0x00000026      0xaa2 ./example/src/cr_startup_lpc11xx.o
 .debug_macro   0x00000ac8       0x10 ./example/src/cr_startup_lpc11xx.o
 .debug_macro   0x00000ad8      0x1bf ./example/src/forest.o
 .debug_macro   0x00000c97      0xa9c ./example/src/forest.o
 .debug_macro   0x00001733       0x1c ./example/src/forest.o
 .debug_macro   0x0000174f       0x10 ./example/src/forest.o
 .debug_macro   0x0000175f      0x12e ./example/src/forest.o
 .debug_macro   0x0000188d      0x5b3 ./example/src/forest.o
 .debug_macro   0x00001e40       0x70 ./example/src/forest.o
 .debug_macro   0x00001eb0       0x22 ./example/src/forest.o
 .debug_macro   0x00001ed2       0x7b ./example/src/forest.o
 .debug_macro   0x00001f4d       0x1f ./example/src/forest.o
 .debug_macro   0x00001f6c       0x3a ./example/src/forest.o
 .debug_macro   0x00001fa6      0x241 ./example/src/forest.o
 .debug_macro   0x000021e7      0x117 ./example/src/forest.o
 .debug_macro   0x000022fe       0x22 ./example/src/forest.o
 .debug_macro   0x00002320       0xb2 ./example/src/forest.o
 .debug_macro   0x000023d2       0x10 ./example/src/forest.o
 .debug_macro   0x000023e2      0x137 ./example/src/forest.o
 .debug_macro   0x00002519       0x4c ./example/src/forest.o
 .debug_macro   0x00002565       0x16 ./example/src/forest.o
 .debug_macro   0x0000257b      0x31a ./example/src/forest.o
 .debug_macro   0x00002895       0x2e ./example/src/forest.o
 .debug_macro   0x000028c3       0xb8 ./example/src/forest.o
 .debug_macro   0x0000297b       0x11 ./example/src/forest.o
 .debug_macro   0x0000298c       0x7c ./example/src/forest.o
 .debug_macro   0x00002a08      0x21c ./example/src/forest.o
 .debug_macro   0x00002c24      0x113 ./example/src/forest.o
 .debug_macro   0x00002d37       0x10 ./example/src/forest.o
 .debug_macro   0x00002d47       0x9a ./example/src/forest.o
 .debug_macro   0x00002de1       0x20 ./example/src/forest.o
 .debug_macro   0x00002e01       0x22 ./example/src/forest.o
 .debug_macro   0x00002e23       0xc4 ./example/src/forest.o
 .debug_macro   0x00002ee7      0x1ee ./example/src/forest_lcd__api.o
 .debug_macro   0x000030d5      0x1b9 ./example/src/main.o
 .debug_macro   0x0000328e       0x16 ./example/src/main.o
 .debug_macro   0x000032a4      0x17d ./example/src/sysinit.o
 .debug_macro   0x00003421      0x18a C:\Users\Checkout\Documents\FALL2023\CMPE240_CLASS\HW_CUBE\PRJ_1\nxp_lpcxpresso_11c24_board_lib\Debug\libnxp_lpcxpresso_11c24_board_lib.a(board.o)
 .debug_macro   0x000035ab      0xa96 C:\Users\Checkout\Documents\FALL2023\CMPE240_CLASS\HW_CUBE\PRJ_1\nxp_lpcxpresso_11c24_board_lib\Debug\libnxp_lpcxpresso_11c24_board_lib.a(board.o)
 .debug_macro   0x00004041       0x12 C:\Users\Checkout\Documents\FALL2023\CMPE240_CLASS\HW_CUBE\PRJ_1\nxp_lpcxpresso_11c24_board_lib\Debug\libnxp_lpcxpresso_11c24_board_lib.a(board.o)
 .debug_macro   0x00004053      0x18b C:\Users\Checkout\Documents\FALL2023\CMPE240_CLASS\HW_CUBE\PRJ_1\nxp_lpcxpresso_11c24_board_lib\Debug\libnxp_lpcxpresso_11c24_board_lib.a(board_sysinit.o)
 .debug_macro   0x000041de      0x148 C:\Users\Checkout\Documents\FALL2023\CMPE240_CLASS\HW_CUBE\PRJ_1\lpc_chip_11cxx_lib\Debug\liblpc_chip_11cxx_lib.a(chip_11xx.o)
 .debug_macro   0x00004326      0x148 C:\Users\Checkout\Documents\FALL2023\CMPE240_CLASS\HW_CUBE\PRJ_1\lpc_chip_11cxx_lib\Debug\liblpc_chip_11cxx_lib.a(clock_11xx.o)
 .debug_macro   0x0000446e      0x148 C:\Users\Checkout\Documents\FALL2023\CMPE240_CLASS\HW_CUBE\PRJ_1\lpc_chip_11cxx_lib\Debug\liblpc_chip_11cxx_lib.a(gpio_11xx_2.o)
 .debug_macro   0x000045b6      0x148 C:\Users\Checkout\Documents\FALL2023\CMPE240_CLASS\HW_CUBE\PRJ_1\lpc_chip_11cxx_lib\Debug\liblpc_chip_11cxx_lib.a(ssp_11xx.o)
 .debug_macro   0x000046fe      0x172 C:\Users\Checkout\Documents\FALL2023\CMPE240_CLASS\HW_CUBE\PRJ_1\lpc_chip_11cxx_lib\Debug\liblpc_chip_11cxx_lib.a(sysctl_11xx.o)

.debug_line     0x00000000     0x4379
 .debug_line    0x00000000      0x213 ./example/src/cr_startup_lpc11xx.o
 .debug_line    0x00000213      0x79c ./example/src/forest.o
 .debug_line    0x000009af      0x8b1 ./example/src/forest_lcd__api.o
 .debug_line    0x00001260      0x47a ./example/src/main.o
 .debug_line    0x000016da      0x3d7 ./example/src/sysinit.o
 .debug_line    0x00001ab1      0x5f8 C:\Users\Checkout\Documents\FALL2023\CMPE240_CLASS\HW_CUBE\PRJ_1\nxp_lpcxpresso_11c24_board_lib\Debug\libnxp_lpcxpresso_11c24_board_lib.a(board.o)
 .debug_line    0x000020a9      0x536 C:\Users\Checkout\Documents\FALL2023\CMPE240_CLASS\HW_CUBE\PRJ_1\nxp_lpcxpresso_11c24_board_lib\Debug\libnxp_lpcxpresso_11c24_board_lib.a(board_sysinit.o)
 .debug_line    0x000025df      0x34b C:\Users\Checkout\Documents\FALL2023\CMPE240_CLASS\HW_CUBE\PRJ_1\lpc_chip_11cxx_lib\Debug\liblpc_chip_11cxx_lib.a(chip_11xx.o)
 .debug_line    0x0000292a      0x551 C:\Users\Checkout\Documents\FALL2023\CMPE240_CLASS\HW_CUBE\PRJ_1\lpc_chip_11cxx_lib\Debug\liblpc_chip_11cxx_lib.a(clock_11xx.o)
 .debug_line    0x00002e7b      0x611 C:\Users\Checkout\Documents\FALL2023\CMPE240_CLASS\HW_CUBE\PRJ_1\lpc_chip_11cxx_lib\Debug\liblpc_chip_11cxx_lib.a(gpio_11xx_2.o)
 .debug_line    0x0000348c      0xb21 C:\Users\Checkout\Documents\FALL2023\CMPE240_CLASS\HW_CUBE\PRJ_1\lpc_chip_11cxx_lib\Debug\liblpc_chip_11cxx_lib.a(ssp_11xx.o)
 .debug_line    0x00003fad      0x3cc C:\Users\Checkout\Documents\FALL2023\CMPE240_CLASS\HW_CUBE\PRJ_1\lpc_chip_11cxx_lib\Debug\liblpc_chip_11cxx_lib.a(sysctl_11xx.o)

.debug_str      0x00000000     0xb4e3
 .debug_str     0x00000000     0x2eeb ./example/src/cr_startup_lpc11xx.o
                               0x2f09 (size before relaxing)
 .debug_str     0x00002eeb     0x642e ./example/src/forest.o
                               0x91b1 (size before relaxing)
 .debug_str     0x00009319      0xa2d ./example/src/forest_lcd__api.o
                               0x9501 (size before relaxing)
 .debug_str     0x00009d46       0x2e ./example/src/main.o
                               0x8b46 (size before relaxing)
 .debug_str     0x00009d74       0x2a ./example/src/sysinit.o
                               0x8912 (size before relaxing)
 .debug_str     0x00009d9e      0x28a C:\Users\Checkout\Documents\FALL2023\CMPE240_CLASS\HW_CUBE\PRJ_1\nxp_lpcxpresso_11c24_board_lib\Debug\libnxp_lpcxpresso_11c24_board_lib.a(board.o)
                               0x8e22 (size before relaxing)
 .debug_str     0x0000a028      0x73e C:\Users\Checkout\Documents\FALL2023\CMPE240_CLASS\HW_CUBE\PRJ_1\nxp_lpcxpresso_11c24_board_lib\Debug\libnxp_lpcxpresso_11c24_board_lib.a(board_sysinit.o)
                               0x92f2 (size before relaxing)
 .debug_str     0x0000a766       0x9b C:\Users\Checkout\Documents\FALL2023\CMPE240_CLASS\HW_CUBE\PRJ_1\lpc_chip_11cxx_lib\Debug\liblpc_chip_11cxx_lib.a(chip_11xx.o)
                               0x8679 (size before relaxing)
 .debug_str     0x0000a801      0x3bc C:\Users\Checkout\Documents\FALL2023\CMPE240_CLASS\HW_CUBE\PRJ_1\lpc_chip_11cxx_lib\Debug\liblpc_chip_11cxx_lib.a(clock_11xx.o)
                               0x8e29 (size before relaxing)
 .debug_str     0x0000abbd      0x233 C:\Users\Checkout\Documents\FALL2023\CMPE240_CLASS\HW_CUBE\PRJ_1\lpc_chip_11cxx_lib\Debug\liblpc_chip_11cxx_lib.a(gpio_11xx_2.o)
                               0x8cfd (size before relaxing)
 .debug_str     0x0000adf0      0x57e C:\Users\Checkout\Documents\FALL2023\CMPE240_CLASS\HW_CUBE\PRJ_1\lpc_chip_11cxx_lib\Debug\liblpc_chip_11cxx_lib.a(ssp_11xx.o)
                               0x92d3 (size before relaxing)
 .debug_str     0x0000b36e      0x175 C:\Users\Checkout\Documents\FALL2023\CMPE240_CLASS\HW_CUBE\PRJ_1\lpc_chip_11cxx_lib\Debug\liblpc_chip_11cxx_lib.a(sysctl_11xx.o)
                               0x8a69 (size before relaxing)

.comment        0x00000000       0x45
 .comment       0x00000000       0x45 ./example/src/cr_startup_lpc11xx.o
                                 0x46 (size before relaxing)
 .comment       0x00000045       0x46 ./example/src/forest.o
 .comment       0x00000045       0x46 ./example/src/forest_lcd__api.o
 .comment       0x00000045       0x46 ./example/src/main.o
 .comment       0x00000045       0x46 ./example/src/sysinit.o
 .comment       0x00000045       0x46 C:\Users\Checkout\Documents\FALL2023\CMPE240_CLASS\HW_CUBE\PRJ_1\nxp_lpcxpresso_11c24_board_lib\Debug\libnxp_lpcxpresso_11c24_board_lib.a(board.o)
 .comment       0x00000045       0x46 C:\Users\Checkout\Documents\FALL2023\CMPE240_CLASS\HW_CUBE\PRJ_1\nxp_lpcxpresso_11c24_board_lib\Debug\libnxp_lpcxpresso_11c24_board_lib.a(board_sysinit.o)
 .comment       0x00000045       0x46 C:\Users\Checkout\Documents\FALL2023\CMPE240_CLASS\HW_CUBE\PRJ_1\lpc_chip_11cxx_lib\Debug\liblpc_chip_11cxx_lib.a(chip_11xx.o)
 .comment       0x00000045       0x46 C:\Users\Checkout\Documents\FALL2023\CMPE240_CLASS\HW_CUBE\PRJ_1\lpc_chip_11cxx_lib\Debug\liblpc_chip_11cxx_lib.a(clock_11xx.o)
 .comment       0x00000045       0x46 C:\Users\Checkout\Documents\FALL2023\CMPE240_CLASS\HW_CUBE\PRJ_1\lpc_chip_11cxx_lib\Debug\liblpc_chip_11cxx_lib.a(gpio_11xx_2.o)
 .comment       0x00000045       0x46 C:\Users\Checkout\Documents\FALL2023\CMPE240_CLASS\HW_CUBE\PRJ_1\lpc_chip_11cxx_lib\Debug\liblpc_chip_11cxx_lib.a(ssp_11xx.o)
 .comment       0x00000045       0x46 C:\Users\Checkout\Documents\FALL2023\CMPE240_CLASS\HW_CUBE\PRJ_1\lpc_chip_11cxx_lib\Debug\liblpc_chip_11cxx_lib.a(sysctl_11xx.o)
 .comment       0x00000045       0x46 c:/nxp/mcuxpressoide_11.8.0_1165/ide/plugins/com.nxp.mcuxpresso.tools.win32_11.8.0.202306131047/tools/bin/../lib/gcc/arm-none-eabi/12.2.1/../../../../arm-none-eabi/lib/thumb/v6-m/nofp\libcr_nohost.a(_cr__main.o)
 .comment       0x00000045       0x46 c:/nxp/mcuxpressoide_11.8.0_1165/ide/plugins/com.nxp.mcuxpresso.tools.win32_11.8.0.202306131047/tools/bin/../lib/gcc/arm-none-eabi/12.2.1/../../../../arm-none-eabi/lib/thumb/v6-m/nofp\libcr_c.a(memset.o)
 .comment       0x00000045       0x46 c:/nxp/mcuxpressoide_11.8.0_1165/ide/plugins/com.nxp.mcuxpresso.tools.win32_11.8.0.202306131047/tools/bin/../lib/gcc/arm-none-eabi/12.2.1/../../../../arm-none-eabi/lib/thumb/v6-m/nofp\libcr_c.a(alloc.o)
 .comment       0x00000045       0x46 c:/nxp/mcuxpressoide_11.8.0_1165/ide/plugins/com.nxp.mcuxpresso.tools.win32_11.8.0.202306131047/tools/bin/../lib/gcc/arm-none-eabi/12.2.1/../../../../arm-none-eabi/lib/thumb/v6-m/nofp\libcr_c.a(cos.o)
 .comment       0x00000045       0x46 c:/nxp/mcuxpressoide_11.8.0_1165/ide/plugins/com.nxp.mcuxpresso.tools.win32_11.8.0.202306131047/tools/bin/../lib/gcc/arm-none-eabi/12.2.1/../../../../arm-none-eabi/lib/thumb/v6-m/nofp\libcr_c.a(fpprintf.o)
 .comment       0x00000045       0x46 c:/nxp/mcuxpressoide_11.8.0_1165/ide/plugins/com.nxp.mcuxpresso.tools.win32_11.8.0.202306131047/tools/bin/../lib/gcc/arm-none-eabi/12.2.1/../../../../arm-none-eabi/lib/thumb/v6-m/nofp\libcr_c.a(initio.o)
 .comment       0x00000045       0x46 c:/nxp/mcuxpressoide_11.8.0_1165/ide/plugins/com.nxp.mcuxpresso.tools.win32_11.8.0.202306131047/tools/bin/../lib/gcc/arm-none-eabi/12.2.1/../../../../arm-none-eabi/lib/thumb/v6-m/nofp\libcr_c.a(printf.o)
 .comment       0x00000045       0x46 c:/nxp/mcuxpressoide_11.8.0_1165/ide/plugins/com.nxp.mcuxpresso.tools.win32_11.8.0.202306131047/tools/bin/../lib/gcc/arm-none-eabi/12.2.1/../../../../arm-none-eabi/lib/thumb/v6-m/nofp\libcr_c.a(setvbuf.o)
 .comment       0x00000045       0x46 c:/nxp/mcuxpressoide_11.8.0_1165/ide/plugins/com.nxp.mcuxpresso.tools.win32_11.8.0.202306131047/tools/bin/../lib/gcc/arm-none-eabi/12.2.1/../../../../arm-none-eabi/lib/thumb/v6-m/nofp\libcr_c.a(sin.o)
 .comment       0x00000045       0x46 c:/nxp/mcuxpressoide_11.8.0_1165/ide/plugins/com.nxp.mcuxpresso.tools.win32_11.8.0.202306131047/tools/bin/../lib/gcc/arm-none-eabi/12.2.1/../../../../arm-none-eabi/lib/thumb/v6-m/nofp\libcr_c.a(stdlib.o)
 .comment       0x00000045       0x46 c:/nxp/mcuxpressoide_11.8.0_1165/ide/plugins/com.nxp.mcuxpresso.tools.win32_11.8.0.202306131047/tools/bin/../lib/gcc/arm-none-eabi/12.2.1/../../../../arm-none-eabi/lib/thumb/v6-m/nofp\libcr_c.a(strlen.o)
 .comment       0x00000045       0x46 c:/nxp/mcuxpressoide_11.8.0_1165/ide/plugins/com.nxp.mcuxpresso.tools.win32_11.8.0.202306131047/tools/bin/../lib/gcc/arm-none-eabi/12.2.1/../../../../arm-none-eabi/lib/thumb/v6-m/nofp\libcr_c.a(__init_alloc.o)
 .comment       0x00000045       0x46 c:/nxp/mcuxpressoide_11.8.0_1165/ide/plugins/com.nxp.mcuxpresso.tools.win32_11.8.0.202306131047/tools/bin/../lib/gcc/arm-none-eabi/12.2.1/../../../../arm-none-eabi/lib/thumb/v6-m/nofp\libcr_c.a(_cr_sbrk.o)
 .comment       0x00000045       0x46 c:/nxp/mcuxpressoide_11.8.0_1165/ide/plugins/com.nxp.mcuxpresso.tools.win32_11.8.0.202306131047/tools/bin/../lib/gcc/arm-none-eabi/12.2.1/../../../../arm-none-eabi/lib/thumb/v6-m/nofp\libcr_c.a(_deferredlazyseek.o)
 .comment       0x00000045       0x46 c:/nxp/mcuxpressoide_11.8.0_1165/ide/plugins/com.nxp.mcuxpresso.tools.win32_11.8.0.202306131047/tools/bin/../lib/gcc/arm-none-eabi/12.2.1/../../../../arm-none-eabi/lib/thumb/v6-m/nofp\libcr_c.a(_fdopen.o)
 .comment       0x00000045       0x46 c:/nxp/mcuxpressoide_11.8.0_1165/ide/plugins/com.nxp.mcuxpresso.tools.win32_11.8.0.202306131047/tools/bin/../lib/gcc/arm-none-eabi/12.2.1/../../../../arm-none-eabi/lib/thumb/v6-m/nofp\libcr_c.a(_fflush.o)
 .comment       0x00000045       0x46 c:/nxp/mcuxpressoide_11.8.0_1165/ide/plugins/com.nxp.mcuxpresso.tools.win32_11.8.0.202306131047/tools/bin/../lib/gcc/arm-none-eabi/12.2.1/../../../../arm-none-eabi/lib/thumb/v6-m/nofp\libcr_c.a(_frexpl.o)
 .comment       0x00000045       0x46 c:/nxp/mcuxpressoide_11.8.0_1165/ide/plugins/com.nxp.mcuxpresso.tools.win32_11.8.0.202306131047/tools/bin/../lib/gcc/arm-none-eabi/12.2.1/../../../../arm-none-eabi/lib/thumb/v6-m/nofp\libcr_c.a(_ldexpl.o)
 .comment       0x00000045       0x46 c:/nxp/mcuxpressoide_11.8.0_1165/ide/plugins/com.nxp.mcuxpresso.tools.win32_11.8.0.202306131047/tools/bin/../lib/gcc/arm-none-eabi/12.2.1/../../../../arm-none-eabi/lib/thumb/v6-m/nofp\libcr_c.a(_sincos.o)
 .comment       0x00000045       0x46 c:/nxp/mcuxpressoide_11.8.0_1165/ide/plugins/com.nxp.mcuxpresso.tools.win32_11.8.0.202306131047/tools/bin/../lib/gcc/arm-none-eabi/12.2.1/../../../../arm-none-eabi/lib/thumb/v6-m/nofp\libcr_c.a(_writebuf.o)
 .comment       0x00000045       0x46 c:/nxp/mcuxpressoide_11.8.0_1165/ide/plugins/com.nxp.mcuxpresso.tools.win32_11.8.0.202306131047/tools/bin/../lib/gcc/arm-none-eabi/12.2.1/../../../../arm-none-eabi/lib/thumb/v6-m/nofp\libcr_c.a(errno.o)
 .comment       0x00000045       0x46 c:/nxp/mcuxpressoide_11.8.0_1165/ide/plugins/com.nxp.mcuxpresso.tools.win32_11.8.0.202306131047/tools/bin/../lib/gcc/arm-none-eabi/12.2.1/../../../../arm-none-eabi/lib/thumb/v6-m/nofp\libcr_c.a(fabs.o)
 .comment       0x00000045       0x46 c:/nxp/mcuxpressoide_11.8.0_1165/ide/plugins/com.nxp.mcuxpresso.tools.win32_11.8.0.202306131047/tools/bin/../lib/gcc/arm-none-eabi/12.2.1/../../../../arm-none-eabi/lib/thumb/v6-m/nofp\libcr_c.a(fclose.o)
 .comment       0x00000045       0x46 c:/nxp/mcuxpressoide_11.8.0_1165/ide/plugins/com.nxp.mcuxpresso.tools.win32_11.8.0.202306131047/tools/bin/../lib/gcc/arm-none-eabi/12.2.1/../../../../arm-none-eabi/lib/thumb/v6-m/nofp\libcr_c.a(fflush.o)
 .comment       0x00000045       0x46 c:/nxp/mcuxpressoide_11.8.0_1165/ide/plugins/com.nxp.mcuxpresso.tools.win32_11.8.0.202306131047/tools/bin/../lib/gcc/arm-none-eabi/12.2.1/../../../../arm-none-eabi/lib/thumb/v6-m/nofp\libcr_c.a(fseek.o)
 .comment       0x00000045       0x46 c:/nxp/mcuxpressoide_11.8.0_1165/ide/plugins/com.nxp.mcuxpresso.tools.win32_11.8.0.202306131047/tools/bin/../lib/gcc/arm-none-eabi/12.2.1/../../../../arm-none-eabi/lib/thumb/v6-m/nofp\libcr_c.a(ftell.o)
 .comment       0x00000045       0x46 c:/nxp/mcuxpressoide_11.8.0_1165/ide/plugins/com.nxp.mcuxpresso.tools.win32_11.8.0.202306131047/tools/bin/../lib/gcc/arm-none-eabi/12.2.1/../../../../arm-none-eabi/lib/thumb/v6-m/nofp\libcr_c.a(remove.o)
 .comment       0x00000045       0x46 c:/nxp/mcuxpressoide_11.8.0_1165/ide/plugins/com.nxp.mcuxpresso.tools.win32_11.8.0.202306131047/tools/bin/../lib/gcc/arm-none-eabi/12.2.1/../../../../arm-none-eabi/lib/thumb/v6-m/nofp\libcr_c.a(_cr_check_heap.o)
 .comment       0x00000045       0x46 c:/nxp/mcuxpressoide_11.8.0_1165/ide/plugins/com.nxp.mcuxpresso.tools.win32_11.8.0.202306131047/tools/bin/../lib/gcc/arm-none-eabi/12.2.1/../../../../arm-none-eabi/lib/thumb/v6-m/nofp\libcr_c.a(_do_fflush.o)
 .comment       0x00000045       0x46 c:/nxp/mcuxpressoide_11.8.0_1165/ide/plugins/com.nxp.mcuxpresso.tools.win32_11.8.0.202306131047/tools/bin/../lib/gcc/arm-none-eabi/12.2.1/thumb/v6-m/nofp\libcr_eabihelpers.a(double.o)
 .comment       0x00000045       0x46 c:/nxp/mcuxpressoide_11.8.0_1165/ide/plugins/com.nxp.mcuxpresso.tools.win32_11.8.0.202306131047/tools/bin/../lib/gcc/arm-none-eabi/12.2.1/thumb/v6-m/nofp\libcr_eabihelpers.a(float.o)
 .comment       0x00000045       0x46 c:/nxp/mcuxpressoide_11.8.0_1165/ide/plugins/com.nxp.mcuxpresso.tools.win32_11.8.0.202306131047/tools/bin/../lib/gcc/arm-none-eabi/12.2.1/../../../../arm-none-eabi/lib/thumb/v6-m/nofp\libcr_nohost.a(__ciob.o)
 .comment       0x00000045       0x46 c:/nxp/mcuxpressoide_11.8.0_1165/ide/plugins/com.nxp.mcuxpresso.tools.win32_11.8.0.202306131047/tools/bin/../lib/gcc/arm-none-eabi/12.2.1/../../../../arm-none-eabi/lib/thumb/v6-m/nofp\libcr_nohost.a(__sys_appexit.o)
 .comment       0x00000045       0x46 c:/nxp/mcuxpressoide_11.8.0_1165/ide/plugins/com.nxp.mcuxpresso.tools.win32_11.8.0.202306131047/tools/bin/../lib/gcc/arm-none-eabi/12.2.1/../../../../arm-none-eabi/lib/thumb/v6-m/nofp\libcr_nohost.a(__sys_close.o)
 .comment       0x00000045       0x46 c:/nxp/mcuxpressoide_11.8.0_1165/ide/plugins/com.nxp.mcuxpresso.tools.win32_11.8.0.202306131047/tools/bin/../lib/gcc/arm-none-eabi/12.2.1/../../../../arm-none-eabi/lib/thumb/v6-m/nofp\libcr_nohost.a(__sys_flen.o)
 .comment       0x00000045       0x46 c:/nxp/mcuxpressoide_11.8.0_1165/ide/plugins/com.nxp.mcuxpresso.tools.win32_11.8.0.202306131047/tools/bin/../lib/gcc/arm-none-eabi/12.2.1/../../../../arm-none-eabi/lib/thumb/v6-m/nofp\libcr_nohost.a(__sys_istty.o)
 .comment       0x00000045       0x46 c:/nxp/mcuxpressoide_11.8.0_1165/ide/plugins/com.nxp.mcuxpresso.tools.win32_11.8.0.202306131047/tools/bin/../lib/gcc/arm-none-eabi/12.2.1/../../../../arm-none-eabi/lib/thumb/v6-m/nofp\libcr_nohost.a(__sys_remove.o)
 .comment       0x00000045       0x46 c:/nxp/mcuxpressoide_11.8.0_1165/ide/plugins/com.nxp.mcuxpresso.tools.win32_11.8.0.202306131047/tools/bin/../lib/gcc/arm-none-eabi/12.2.1/../../../../arm-none-eabi/lib/thumb/v6-m/nofp\libcr_nohost.a(__sys_seek.o)
 .comment       0x00000045       0x46 c:/nxp/mcuxpressoide_11.8.0_1165/ide/plugins/com.nxp.mcuxpresso.tools.win32_11.8.0.202306131047/tools/bin/../lib/gcc/arm-none-eabi/12.2.1/../../../../arm-none-eabi/lib/thumb/v6-m/nofp\libcr_nohost.a(__sys_tmpnam.o)

.ARM.attributes
                0x00000000       0x2a
 .ARM.attributes
                0x00000000       0x2c ./example/src/cr_startup_lpc11xx.o
 .ARM.attributes
                0x0000002c       0x2c ./example/src/forest.o
 .ARM.attributes
                0x00000058       0x2c ./example/src/forest_lcd__api.o
 .ARM.attributes
                0x00000084       0x2c ./example/src/main.o
 .ARM.attributes
                0x000000b0       0x2c ./example/src/sysinit.o
 .ARM.attributes
                0x000000dc       0x2c C:\Users\Checkout\Documents\FALL2023\CMPE240_CLASS\HW_CUBE\PRJ_1\nxp_lpcxpresso_11c24_board_lib\Debug\libnxp_lpcxpresso_11c24_board_lib.a(board.o)
 .ARM.attributes
                0x00000108       0x2c C:\Users\Checkout\Documents\FALL2023\CMPE240_CLASS\HW_CUBE\PRJ_1\nxp_lpcxpresso_11c24_board_lib\Debug\libnxp_lpcxpresso_11c24_board_lib.a(board_sysinit.o)
 .ARM.attributes
                0x00000134       0x2c C:\Users\Checkout\Documents\FALL2023\CMPE240_CLASS\HW_CUBE\PRJ_1\lpc_chip_11cxx_lib\Debug\liblpc_chip_11cxx_lib.a(chip_11xx.o)
 .ARM.attributes
                0x00000160       0x2c C:\Users\Checkout\Documents\FALL2023\CMPE240_CLASS\HW_CUBE\PRJ_1\lpc_chip_11cxx_lib\Debug\liblpc_chip_11cxx_lib.a(clock_11xx.o)
 .ARM.attributes
                0x0000018c       0x2c C:\Users\Checkout\Documents\FALL2023\CMPE240_CLASS\HW_CUBE\PRJ_1\lpc_chip_11cxx_lib\Debug\liblpc_chip_11cxx_lib.a(gpio_11xx_2.o)
 .ARM.attributes
                0x000001b8       0x2c C:\Users\Checkout\Documents\FALL2023\CMPE240_CLASS\HW_CUBE\PRJ_1\lpc_chip_11cxx_lib\Debug\liblpc_chip_11cxx_lib.a(ssp_11xx.o)
 .ARM.attributes
                0x000001e4       0x2c C:\Users\Checkout\Documents\FALL2023\CMPE240_CLASS\HW_CUBE\PRJ_1\lpc_chip_11cxx_lib\Debug\liblpc_chip_11cxx_lib.a(sysctl_11xx.o)
 .ARM.attributes
                0x00000210       0x2c c:/nxp/mcuxpressoide_11.8.0_1165/ide/plugins/com.nxp.mcuxpresso.tools.win32_11.8.0.202306131047/tools/bin/../lib/gcc/arm-none-eabi/12.2.1/../../../../arm-none-eabi/lib/thumb/v6-m/nofp\libcr_nohost.a(_cr__main.o)
 .ARM.attributes
                0x0000023c       0x2c c:/nxp/mcuxpressoide_11.8.0_1165/ide/plugins/com.nxp.mcuxpresso.tools.win32_11.8.0.202306131047/tools/bin/../lib/gcc/arm-none-eabi/12.2.1/../../../../arm-none-eabi/lib/thumb/v6-m/nofp\libcr_c.a(memset.o)
 .ARM.attributes
                0x00000268       0x2c c:/nxp/mcuxpressoide_11.8.0_1165/ide/plugins/com.nxp.mcuxpresso.tools.win32_11.8.0.202306131047/tools/bin/../lib/gcc/arm-none-eabi/12.2.1/../../../../arm-none-eabi/lib/thumb/v6-m/nofp\libcr_c.a(alloc.o)
 .ARM.attributes
                0x00000294       0x2c c:/nxp/mcuxpressoide_11.8.0_1165/ide/plugins/com.nxp.mcuxpresso.tools.win32_11.8.0.202306131047/tools/bin/../lib/gcc/arm-none-eabi/12.2.1/../../../../arm-none-eabi/lib/thumb/v6-m/nofp\libcr_c.a(cos.o)
 .ARM.attributes
                0x000002c0       0x2c c:/nxp/mcuxpressoide_11.8.0_1165/ide/plugins/com.nxp.mcuxpresso.tools.win32_11.8.0.202306131047/tools/bin/../lib/gcc/arm-none-eabi/12.2.1/../../../../arm-none-eabi/lib/thumb/v6-m/nofp\libcr_c.a(fpprintf.o)
 .ARM.attributes
                0x000002ec       0x2c c:/nxp/mcuxpressoide_11.8.0_1165/ide/plugins/com.nxp.mcuxpresso.tools.win32_11.8.0.202306131047/tools/bin/../lib/gcc/arm-none-eabi/12.2.1/../../../../arm-none-eabi/lib/thumb/v6-m/nofp\libcr_c.a(initio.o)
 .ARM.attributes
                0x00000318       0x2c c:/nxp/mcuxpressoide_11.8.0_1165/ide/plugins/com.nxp.mcuxpresso.tools.win32_11.8.0.202306131047/tools/bin/../lib/gcc/arm-none-eabi/12.2.1/../../../../arm-none-eabi/lib/thumb/v6-m/nofp\libcr_c.a(printf.o)
 .ARM.attributes
                0x00000344       0x2c c:/nxp/mcuxpressoide_11.8.0_1165/ide/plugins/com.nxp.mcuxpresso.tools.win32_11.8.0.202306131047/tools/bin/../lib/gcc/arm-none-eabi/12.2.1/../../../../arm-none-eabi/lib/thumb/v6-m/nofp\libcr_c.a(setvbuf.o)
 .ARM.attributes
                0x00000370       0x2c c:/nxp/mcuxpressoide_11.8.0_1165/ide/plugins/com.nxp.mcuxpresso.tools.win32_11.8.0.202306131047/tools/bin/../lib/gcc/arm-none-eabi/12.2.1/../../../../arm-none-eabi/lib/thumb/v6-m/nofp\libcr_c.a(sin.o)
 .ARM.attributes
                0x0000039c       0x2c c:/nxp/mcuxpressoide_11.8.0_1165/ide/plugins/com.nxp.mcuxpresso.tools.win32_11.8.0.202306131047/tools/bin/../lib/gcc/arm-none-eabi/12.2.1/../../../../arm-none-eabi/lib/thumb/v6-m/nofp\libcr_c.a(stdlib.o)
 .ARM.attributes
                0x000003c8       0x2c c:/nxp/mcuxpressoide_11.8.0_1165/ide/plugins/com.nxp.mcuxpresso.tools.win32_11.8.0.202306131047/tools/bin/../lib/gcc/arm-none-eabi/12.2.1/../../../../arm-none-eabi/lib/thumb/v6-m/nofp\libcr_c.a(strlen.o)
 .ARM.attributes
                0x000003f4       0x2c c:/nxp/mcuxpressoide_11.8.0_1165/ide/plugins/com.nxp.mcuxpresso.tools.win32_11.8.0.202306131047/tools/bin/../lib/gcc/arm-none-eabi/12.2.1/../../../../arm-none-eabi/lib/thumb/v6-m/nofp\libcr_c.a(__init_alloc.o)
 .ARM.attributes
                0x00000420       0x2c c:/nxp/mcuxpressoide_11.8.0_1165/ide/plugins/com.nxp.mcuxpresso.tools.win32_11.8.0.202306131047/tools/bin/../lib/gcc/arm-none-eabi/12.2.1/../../../../arm-none-eabi/lib/thumb/v6-m/nofp\libcr_c.a(_cr_sbrk.o)
 .ARM.attributes
                0x0000044c       0x2c c:/nxp/mcuxpressoide_11.8.0_1165/ide/plugins/com.nxp.mcuxpresso.tools.win32_11.8.0.202306131047/tools/bin/../lib/gcc/arm-none-eabi/12.2.1/../../../../arm-none-eabi/lib/thumb/v6-m/nofp\libcr_c.a(_deferredlazyseek.o)
 .ARM.attributes
                0x00000478       0x2c c:/nxp/mcuxpressoide_11.8.0_1165/ide/plugins/com.nxp.mcuxpresso.tools.win32_11.8.0.202306131047/tools/bin/../lib/gcc/arm-none-eabi/12.2.1/../../../../arm-none-eabi/lib/thumb/v6-m/nofp\libcr_c.a(_fdopen.o)
 .ARM.attributes
                0x000004a4       0x2c c:/nxp/mcuxpressoide_11.8.0_1165/ide/plugins/com.nxp.mcuxpresso.tools.win32_11.8.0.202306131047/tools/bin/../lib/gcc/arm-none-eabi/12.2.1/../../../../arm-none-eabi/lib/thumb/v6-m/nofp\libcr_c.a(_fflush.o)
 .ARM.attributes
                0x000004d0       0x2c c:/nxp/mcuxpressoide_11.8.0_1165/ide/plugins/com.nxp.mcuxpresso.tools.win32_11.8.0.202306131047/tools/bin/../lib/gcc/arm-none-eabi/12.2.1/../../../../arm-none-eabi/lib/thumb/v6-m/nofp\libcr_c.a(_frexpl.o)
 .ARM.attributes
                0x000004fc       0x2c c:/nxp/mcuxpressoide_11.8.0_1165/ide/plugins/com.nxp.mcuxpresso.tools.win32_11.8.0.202306131047/tools/bin/../lib/gcc/arm-none-eabi/12.2.1/../../../../arm-none-eabi/lib/thumb/v6-m/nofp\libcr_c.a(_ldexpl.o)
 .ARM.attributes
                0x00000528       0x2c c:/nxp/mcuxpressoide_11.8.0_1165/ide/plugins/com.nxp.mcuxpresso.tools.win32_11.8.0.202306131047/tools/bin/../lib/gcc/arm-none-eabi/12.2.1/../../../../arm-none-eabi/lib/thumb/v6-m/nofp\libcr_c.a(_sincos.o)
 .ARM.attributes
                0x00000554       0x2c c:/nxp/mcuxpressoide_11.8.0_1165/ide/plugins/com.nxp.mcuxpresso.tools.win32_11.8.0.202306131047/tools/bin/../lib/gcc/arm-none-eabi/12.2.1/../../../../arm-none-eabi/lib/thumb/v6-m/nofp\libcr_c.a(_writebuf.o)
 .ARM.attributes
                0x00000580       0x2c c:/nxp/mcuxpressoide_11.8.0_1165/ide/plugins/com.nxp.mcuxpresso.tools.win32_11.8.0.202306131047/tools/bin/../lib/gcc/arm-none-eabi/12.2.1/../../../../arm-none-eabi/lib/thumb/v6-m/nofp\libcr_c.a(errno.o)
 .ARM.attributes
                0x000005ac       0x2c c:/nxp/mcuxpressoide_11.8.0_1165/ide/plugins/com.nxp.mcuxpresso.tools.win32_11.8.0.202306131047/tools/bin/../lib/gcc/arm-none-eabi/12.2.1/../../../../arm-none-eabi/lib/thumb/v6-m/nofp\libcr_c.a(fabs.o)
 .ARM.attributes
                0x000005d8       0x2c c:/nxp/mcuxpressoide_11.8.0_1165/ide/plugins/com.nxp.mcuxpresso.tools.win32_11.8.0.202306131047/tools/bin/../lib/gcc/arm-none-eabi/12.2.1/../../../../arm-none-eabi/lib/thumb/v6-m/nofp\libcr_c.a(fclose.o)
 .ARM.attributes
                0x00000604       0x2c c:/nxp/mcuxpressoide_11.8.0_1165/ide/plugins/com.nxp.mcuxpresso.tools.win32_11.8.0.202306131047/tools/bin/../lib/gcc/arm-none-eabi/12.2.1/../../../../arm-none-eabi/lib/thumb/v6-m/nofp\libcr_c.a(fflush.o)
 .ARM.attributes
                0x00000630       0x2c c:/nxp/mcuxpressoide_11.8.0_1165/ide/plugins/com.nxp.mcuxpresso.tools.win32_11.8.0.202306131047/tools/bin/../lib/gcc/arm-none-eabi/12.2.1/../../../../arm-none-eabi/lib/thumb/v6-m/nofp\libcr_c.a(fseek.o)
 .ARM.attributes
                0x0000065c       0x2c c:/nxp/mcuxpressoide_11.8.0_1165/ide/plugins/com.nxp.mcuxpresso.tools.win32_11.8.0.202306131047/tools/bin/../lib/gcc/arm-none-eabi/12.2.1/../../../../arm-none-eabi/lib/thumb/v6-m/nofp\libcr_c.a(ftell.o)
 .ARM.attributes
                0x00000688       0x2c c:/nxp/mcuxpressoide_11.8.0_1165/ide/plugins/com.nxp.mcuxpresso.tools.win32_11.8.0.202306131047/tools/bin/../lib/gcc/arm-none-eabi/12.2.1/../../../../arm-none-eabi/lib/thumb/v6-m/nofp\libcr_c.a(remove.o)
 .ARM.attributes
                0x000006b4       0x2c c:/nxp/mcuxpressoide_11.8.0_1165/ide/plugins/com.nxp.mcuxpresso.tools.win32_11.8.0.202306131047/tools/bin/../lib/gcc/arm-none-eabi/12.2.1/../../../../arm-none-eabi/lib/thumb/v6-m/nofp\libcr_c.a(_cr_check_heap.o)
 .ARM.attributes
                0x000006e0       0x2c c:/nxp/mcuxpressoide_11.8.0_1165/ide/plugins/com.nxp.mcuxpresso.tools.win32_11.8.0.202306131047/tools/bin/../lib/gcc/arm-none-eabi/12.2.1/../../../../arm-none-eabi/lib/thumb/v6-m/nofp\libcr_c.a(_do_fflush.o)
 .ARM.attributes
                0x0000070c       0x1c c:/nxp/mcuxpressoide_11.8.0_1165/ide/plugins/com.nxp.mcuxpresso.tools.win32_11.8.0.202306131047/tools/bin/../lib/gcc/arm-none-eabi/12.2.1/thumb/v6-m/nofp\libcr_eabihelpers.a(division_32.o)
 .ARM.attributes
                0x00000728       0x1c c:/nxp/mcuxpressoide_11.8.0_1165/ide/plugins/com.nxp.mcuxpresso.tools.win32_11.8.0.202306131047/tools/bin/../lib/gcc/arm-none-eabi/12.2.1/thumb/v6-m/nofp\libcr_eabihelpers.a(division_idiv0.o)
 .ARM.attributes
                0x00000744       0x2c c:/nxp/mcuxpressoide_11.8.0_1165/ide/plugins/com.nxp.mcuxpresso.tools.win32_11.8.0.202306131047/tools/bin/../lib/gcc/arm-none-eabi/12.2.1/thumb/v6-m/nofp\libcr_eabihelpers.a(double.o)
 .ARM.attributes
                0x00000770       0x2c c:/nxp/mcuxpressoide_11.8.0_1165/ide/plugins/com.nxp.mcuxpresso.tools.win32_11.8.0.202306131047/tools/bin/../lib/gcc/arm-none-eabi/12.2.1/thumb/v6-m/nofp\libcr_eabihelpers.a(float.o)
 .ARM.attributes
                0x0000079c       0x1c c:/nxp/mcuxpressoide_11.8.0_1165/ide/plugins/com.nxp.mcuxpresso.tools.win32_11.8.0.202306131047/tools/bin/../lib/gcc/arm-none-eabi/12.2.1/thumb/v6-m/nofp\libcr_eabihelpers.a(llong.o)
 .ARM.attributes
                0x000007b8       0x1c c:/nxp/mcuxpressoide_11.8.0_1165/ide/plugins/com.nxp.mcuxpresso.tools.win32_11.8.0.202306131047/tools/bin/../lib/gcc/arm-none-eabi/12.2.1/thumb/v6-m/nofp\libcr_eabihelpers.a(memcpy.o)
 .ARM.attributes
                0x000007d4       0x1c c:/nxp/mcuxpressoide_11.8.0_1165/ide/plugins/com.nxp.mcuxpresso.tools.win32_11.8.0.202306131047/tools/bin/../lib/gcc/arm-none-eabi/12.2.1/thumb/v6-m/nofp\libcr_eabihelpers.a(thumb1_switch_helpers.o)
 .ARM.attributes
                0x000007f0       0x2c c:/nxp/mcuxpressoide_11.8.0_1165/ide/plugins/com.nxp.mcuxpresso.tools.win32_11.8.0.202306131047/tools/bin/../lib/gcc/arm-none-eabi/12.2.1/../../../../arm-none-eabi/lib/thumb/v6-m/nofp\libcr_nohost.a(__ciob.o)
 .ARM.attributes
                0x0000081c       0x2c c:/nxp/mcuxpressoide_11.8.0_1165/ide/plugins/com.nxp.mcuxpresso.tools.win32_11.8.0.202306131047/tools/bin/../lib/gcc/arm-none-eabi/12.2.1/../../../../arm-none-eabi/lib/thumb/v6-m/nofp\libcr_nohost.a(__sys_appexit.o)
 .ARM.attributes
                0x00000848       0x2c c:/nxp/mcuxpressoide_11.8.0_1165/ide/plugins/com.nxp.mcuxpresso.tools.win32_11.8.0.202306131047/tools/bin/../lib/gcc/arm-none-eabi/12.2.1/../../../../arm-none-eabi/lib/thumb/v6-m/nofp\libcr_nohost.a(__sys_close.o)
 .ARM.attributes
                0x00000874       0x2c c:/nxp/mcuxpressoide_11.8.0_1165/ide/plugins/com.nxp.mcuxpresso.tools.win32_11.8.0.202306131047/tools/bin/../lib/gcc/arm-none-eabi/12.2.1/../../../../arm-none-eabi/lib/thumb/v6-m/nofp\libcr_nohost.a(__sys_flen.o)
 .ARM.attributes
                0x000008a0       0x2c c:/nxp/mcuxpressoide_11.8.0_1165/ide/plugins/com.nxp.mcuxpresso.tools.win32_11.8.0.202306131047/tools/bin/../lib/gcc/arm-none-eabi/12.2.1/../../../../arm-none-eabi/lib/thumb/v6-m/nofp\libcr_nohost.a(__sys_istty.o)
 .ARM.attributes
                0x000008cc       0x2c c:/nxp/mcuxpressoide_11.8.0_1165/ide/plugins/com.nxp.mcuxpresso.tools.win32_11.8.0.202306131047/tools/bin/../lib/gcc/arm-none-eabi/12.2.1/../../../../arm-none-eabi/lib/thumb/v6-m/nofp\libcr_nohost.a(__sys_remove.o)
 .ARM.attributes
                0x000008f8       0x2c c:/nxp/mcuxpressoide_11.8.0_1165/ide/plugins/com.nxp.mcuxpresso.tools.win32_11.8.0.202306131047/tools/bin/../lib/gcc/arm-none-eabi/12.2.1/../../../../arm-none-eabi/lib/thumb/v6-m/nofp\libcr_nohost.a(__sys_seek.o)
 .ARM.attributes
                0x00000924       0x2c c:/nxp/mcuxpressoide_11.8.0_1165/ide/plugins/com.nxp.mcuxpresso.tools.win32_11.8.0.202306131047/tools/bin/../lib/gcc/arm-none-eabi/12.2.1/../../../../arm-none-eabi/lib/thumb/v6-m/nofp\libcr_nohost.a(__sys_tmpnam.o)

.debug_frame    0x00000000     0x126c
 .debug_frame   0x00000000       0xbc ./example/src/cr_startup_lpc11xx.o
 .debug_frame   0x000000bc      0x144 ./example/src/forest.o
 .debug_frame   0x00000200      0x2ec ./example/src/forest_lcd__api.o
 .debug_frame   0x000004ec       0x30 ./example/src/main.o
 .debug_frame   0x0000051c       0x2c ./example/src/sysinit.o
 .debug_frame   0x00000548      0x260 C:\Users\Checkout\Documents\FALL2023\CMPE240_CLASS\HW_CUBE\PRJ_1\nxp_lpcxpresso_11c24_board_lib\Debug\libnxp_lpcxpresso_11c24_board_lib.a(board.o)
 .debug_frame   0x000007a8      0x128 C:\Users\Checkout\Documents\FALL2023\CMPE240_CLASS\HW_CUBE\PRJ_1\nxp_lpcxpresso_11c24_board_lib\Debug\libnxp_lpcxpresso_11c24_board_lib.a(board_sysinit.o)
 .debug_frame   0x000008d0       0x2c C:\Users\Checkout\Documents\FALL2023\CMPE240_CLASS\HW_CUBE\PRJ_1\lpc_chip_11cxx_lib\Debug\liblpc_chip_11cxx_lib.a(chip_11xx.o)
 .debug_frame   0x000008fc      0x1c0 C:\Users\Checkout\Documents\FALL2023\CMPE240_CLASS\HW_CUBE\PRJ_1\lpc_chip_11cxx_lib\Debug\liblpc_chip_11cxx_lib.a(clock_11xx.o)
 .debug_frame   0x00000abc      0x270 C:\Users\Checkout\Documents\FALL2023\CMPE240_CLASS\HW_CUBE\PRJ_1\lpc_chip_11cxx_lib\Debug\liblpc_chip_11cxx_lib.a(gpio_11xx_2.o)
 .debug_frame   0x00000d2c      0x4b0 C:\Users\Checkout\Documents\FALL2023\CMPE240_CLASS\HW_CUBE\PRJ_1\lpc_chip_11cxx_lib\Debug\liblpc_chip_11cxx_lib.a(ssp_11xx.o)
 .debug_frame   0x000011dc       0x90 C:\Users\Checkout\Documents\FALL2023\CMPE240_CLASS\HW_CUBE\PRJ_1\lpc_chip_11cxx_lib\Debug\liblpc_chip_11cxx_lib.a(sysctl_11xx.o)
